Archive member included because of file (symbol)

/home/vadim/projects/ipaugenblick/dpdk-1.6.0r2/x86_64-default-linuxapp-gcc/lib/librte_kni.a(rte_kni.o)
                              (--whole-archive)
/home/vadim/projects/ipaugenblick/dpdk-1.6.0r2/x86_64-default-linuxapp-gcc/lib/librte_pmd_e1000.a(e1000_80003es2lan.o)
                              (--whole-archive)
/home/vadim/projects/ipaugenblick/dpdk-1.6.0r2/x86_64-default-linuxapp-gcc/lib/librte_pmd_e1000.a(e1000_82540.o)
                              (--whole-archive)
/home/vadim/projects/ipaugenblick/dpdk-1.6.0r2/x86_64-default-linuxapp-gcc/lib/librte_pmd_e1000.a(e1000_82541.o)
                              (--whole-archive)
/home/vadim/projects/ipaugenblick/dpdk-1.6.0r2/x86_64-default-linuxapp-gcc/lib/librte_pmd_e1000.a(e1000_82542.o)
                              (--whole-archive)
/home/vadim/projects/ipaugenblick/dpdk-1.6.0r2/x86_64-default-linuxapp-gcc/lib/librte_pmd_e1000.a(e1000_82543.o)
                              (--whole-archive)
/home/vadim/projects/ipaugenblick/dpdk-1.6.0r2/x86_64-default-linuxapp-gcc/lib/librte_pmd_e1000.a(e1000_82571.o)
                              (--whole-archive)
/home/vadim/projects/ipaugenblick/dpdk-1.6.0r2/x86_64-default-linuxapp-gcc/lib/librte_pmd_e1000.a(e1000_82575.o)
                              (--whole-archive)
/home/vadim/projects/ipaugenblick/dpdk-1.6.0r2/x86_64-default-linuxapp-gcc/lib/librte_pmd_e1000.a(e1000_i210.o)
                              (--whole-archive)
/home/vadim/projects/ipaugenblick/dpdk-1.6.0r2/x86_64-default-linuxapp-gcc/lib/librte_pmd_e1000.a(e1000_api.o)
                              (--whole-archive)
/home/vadim/projects/ipaugenblick/dpdk-1.6.0r2/x86_64-default-linuxapp-gcc/lib/librte_pmd_e1000.a(e1000_ich8lan.o)
                              (--whole-archive)
/home/vadim/projects/ipaugenblick/dpdk-1.6.0r2/x86_64-default-linuxapp-gcc/lib/librte_pmd_e1000.a(e1000_mac.o)
                              (--whole-archive)
/home/vadim/projects/ipaugenblick/dpdk-1.6.0r2/x86_64-default-linuxapp-gcc/lib/librte_pmd_e1000.a(e1000_manage.o)
                              (--whole-archive)
/home/vadim/projects/ipaugenblick/dpdk-1.6.0r2/x86_64-default-linuxapp-gcc/lib/librte_pmd_e1000.a(e1000_mbx.o)
                              (--whole-archive)
/home/vadim/projects/ipaugenblick/dpdk-1.6.0r2/x86_64-default-linuxapp-gcc/lib/librte_pmd_e1000.a(e1000_nvm.o)
                              (--whole-archive)
/home/vadim/projects/ipaugenblick/dpdk-1.6.0r2/x86_64-default-linuxapp-gcc/lib/librte_pmd_e1000.a(e1000_osdep.o)
                              (--whole-archive)
/home/vadim/projects/ipaugenblick/dpdk-1.6.0r2/x86_64-default-linuxapp-gcc/lib/librte_pmd_e1000.a(e1000_phy.o)
                              (--whole-archive)
/home/vadim/projects/ipaugenblick/dpdk-1.6.0r2/x86_64-default-linuxapp-gcc/lib/librte_pmd_e1000.a(e1000_vf.o)
                              (--whole-archive)
/home/vadim/projects/ipaugenblick/dpdk-1.6.0r2/x86_64-default-linuxapp-gcc/lib/librte_pmd_e1000.a(igb_ethdev.o)
                              (--whole-archive)
/home/vadim/projects/ipaugenblick/dpdk-1.6.0r2/x86_64-default-linuxapp-gcc/lib/librte_pmd_e1000.a(igb_rxtx.o)
                              (--whole-archive)
/home/vadim/projects/ipaugenblick/dpdk-1.6.0r2/x86_64-default-linuxapp-gcc/lib/librte_pmd_e1000.a(igb_pf.o)
                              (--whole-archive)
/home/vadim/projects/ipaugenblick/dpdk-1.6.0r2/x86_64-default-linuxapp-gcc/lib/librte_pmd_e1000.a(em_ethdev.o)
                              (--whole-archive)
/home/vadim/projects/ipaugenblick/dpdk-1.6.0r2/x86_64-default-linuxapp-gcc/lib/librte_pmd_e1000.a(em_rxtx.o)
                              (--whole-archive)
/home/vadim/projects/ipaugenblick/dpdk-1.6.0r2/x86_64-default-linuxapp-gcc/lib/librte_pmd_ixgbe.a(ixgbe_common.o)
                              (--whole-archive)
/home/vadim/projects/ipaugenblick/dpdk-1.6.0r2/x86_64-default-linuxapp-gcc/lib/librte_pmd_ixgbe.a(ixgbe_82598.o)
                              (--whole-archive)
/home/vadim/projects/ipaugenblick/dpdk-1.6.0r2/x86_64-default-linuxapp-gcc/lib/librte_pmd_ixgbe.a(ixgbe_82599.o)
                              (--whole-archive)
/home/vadim/projects/ipaugenblick/dpdk-1.6.0r2/x86_64-default-linuxapp-gcc/lib/librte_pmd_ixgbe.a(ixgbe_x540.o)
                              (--whole-archive)
/home/vadim/projects/ipaugenblick/dpdk-1.6.0r2/x86_64-default-linuxapp-gcc/lib/librte_pmd_ixgbe.a(ixgbe_phy.o)
                              (--whole-archive)
/home/vadim/projects/ipaugenblick/dpdk-1.6.0r2/x86_64-default-linuxapp-gcc/lib/librte_pmd_ixgbe.a(ixgbe_api.o)
                              (--whole-archive)
/home/vadim/projects/ipaugenblick/dpdk-1.6.0r2/x86_64-default-linuxapp-gcc/lib/librte_pmd_ixgbe.a(ixgbe_vf.o)
                              (--whole-archive)
/home/vadim/projects/ipaugenblick/dpdk-1.6.0r2/x86_64-default-linuxapp-gcc/lib/librte_pmd_ixgbe.a(ixgbe_dcb.o)
[...]
Memory Configuration

Name             Origin             Length             Attributes
*default*        0x0000000000000000 0xffffffffffffffff

Linker script and memory map

LOAD /usr/lib/gcc/x86_64-linux-gnu/4.6/../../../x86_64-linux-gnu/crt1.o
LOAD /usr/lib/gcc/x86_64-linux-gnu/4.6/../../../x86_64-linux-gnu/crti.o
LOAD /usr/lib/gcc/x86_64-linux-gnu/4.6/crtbegin.o
LOAD main.o
LOAD /home/vadim/projects/ipaugenblick/dpdk-1.6.0r2/x86_64-default-linuxapp-gcc/lib/librte_kni.a
LOAD /home/vadim/projects/ipaugenblick/dpdk-1.6.0r2/x86_64-default-linuxapp-gcc/lib/librte_pmd_e1000.a
LOAD /home/vadim/projects/ipaugenblick/dpdk-1.6.0r2/x86_64-default-linuxapp-gcc/lib/librte_pmd_ixgbe.a
LOAD /home/vadim/projects/ipaugenblick/dpdk-1.6.0r2/x86_64-default-linuxapp-gcc/lib/librte_pmd_virtio_uio.a
LOAD /home/vadim/projects/ipaugenblick/dpdk-1.6.0r2/x86_64-default-linuxapp-gcc/lib/librte_pmd_vmxnet3_uio.a
LOAD /home/vadim/projects/ipaugenblick/dpdk-1.6.0r2/x86_64-default-linuxapp-gcc/lib/librte_timer.a
LOAD /home/vadim/projects/ipaugenblick/dpdk-1.6.0r2/x86_64-default-linuxapp-gcc/lib/librte_hash.a
LOAD /home/vadim/projects/ipaugenblick/dpdk-1.6.0r2/x86_64-default-linuxapp-gcc/lib/librte_lpm.a
LOAD /home/vadim/projects/ipaugenblick/dpdk-1.6.0r2/x86_64-default-linuxapp-gcc/lib/librte_power.a
LOAD /home/vadim/projects/ipaugenblick/dpdk-1.6.0r2/x86_64-default-linuxapp-gcc/lib/librte_meter.a
LOAD /home/vadim/projects/ipaugenblick/dpdk-1.6.0r2/x86_64-default-linuxapp-gcc/lib/librte_sched.a
LOAD /usr/lib/gcc/x86_64-linux-gnu/4.6/../../../x86_64-linux-gnu/libm.so
LOAD /usr/lib/gcc/x86_64-linux-gnu/4.6/../../../x86_64-linux-gnu/librt.so
START GROUP
LOAD /home/vadim/projects/ipaugenblick/dpdk-1.6.0r2/x86_64-default-linuxapp-gcc/lib/librte_kvargs.a
LOAD /home/vadim/projects/ipaugenblick/dpdk-1.6.0r2/x86_64-default-linuxapp-gcc/lib/librte_mbuf.a
LOAD /home/vadim/projects/ipaugenblick/dpdk-1.6.0r2/x86_64-default-linuxapp-gcc/lib/libethdev.a
LOAD /home/vadim/projects/ipaugenblick/dpdk-1.6.0r2/x86_64-default-linuxapp-gcc/lib/librte_pmd_ring.a
LOAD /home/vadim/projects/ipaugenblick/dpdk-1.6.0r2/x86_64-default-linuxapp-gcc/lib/librte_malloc.a
LOAD /home/vadim/projects/ipaugenblick/dpdk-1.6.0r2/x86_64-default-linuxapp-gcc/lib/librte_mempool.a
LOAD /home/vadim/projects/ipaugenblick/dpdk-1.6.0r2/x86_64-default-linuxapp-gcc/lib/librte_ring.a
LOAD /home/vadim/projects/ipaugenblick/dpdk-1.6.0r2/x86_64-default-linuxapp-gcc/lib/librte_eal.a
LOAD /home/vadim/projects/ipaugenblick/dpdk-1.6.0r2/x86_64-default-linuxapp-gcc/lib/librte_cmdline.a
LOAD /usr/lib/gcc/x86_64-linux-gnu/4.6/../../../x86_64-linux-gnu/librt.so
LOAD /usr/lib/gcc/x86_64-linux-gnu/4.6/../../../x86_64-linux-gnu/libm.so
LOAD /usr/lib/gcc/x86_64-linux-gnu/4.6/../../../x86_64-linux-gnu/libdl.so
END GROUP
LOAD /usr/lib/gcc/x86_64-linux-gnu/4.6/libgcc.a
LOAD /usr/lib/gcc/x86_64-linux-gnu/4.6/libgcc_s.so
LOAD /usr/lib/gcc/x86_64-linux-gnu/4.6/../../../x86_64-linux-gnu/libpthread.so
START GROUP
LOAD /lib/x86_64-linux-gnu/libpthread.so.0
LOAD /usr/lib/x86_64-linux-gnu/libpthread_nonshared.a
END GROUP
LOAD /usr/lib/gcc/x86_64-linux-gnu/4.6/../../../x86_64-linux-gnu/libc.so
START GROUP
LOAD /lib/x86_64-linux-gnu/libc.so.6
LOAD /usr/lib/x86_64-linux-gnu/libc_nonshared.a
LOAD /lib/x86_64-linux-gnu/ld-linux-x86-64.so.2
END GROUP
LOAD /usr/lib/gcc/x86_64-linux-gnu/4.6/libgcc.a
LOAD /usr/lib/gcc/x86_64-linux-gnu/4.6/libgcc_s.so
LOAD /usr/lib/gcc/x86_64-linux-gnu/4.6/crtfastmath.o
LOAD /usr/lib/gcc/x86_64-linux-gnu/4.6/crtend.o
LOAD /usr/lib/gcc/x86_64-linux-gnu/4.6/../../../x86_64-linux-gnu/crtn.o
                0x0000000000400000                PROVIDE (__executable_start, 0x400000)
                0x0000000000400270                . = (0x400000 + SIZEOF_HEADERS)

.interp         0x0000000000400270       0x1c
 *(.interp)
 .interp        0x0000000000400270       0x1c /usr/lib/gcc/x86_64-linux-gnu/4.6/../../../x86_64-linux-gnu/crt1.o

.note.ABI-tag   0x000000000040028c       0x20
 .note.ABI-tag  0x000000000040028c       0x20 /usr/lib/gcc/x86_64-linux-gnu/4.6/../../../x86_64-linux-gnu/crt1.o

.note.gnu.build-id
                0x00000000004002ac       0x24
 *(.note.gnu.build-id)
 .note.gnu.build-id
                0x00000000004002ac       0x24 /usr/lib/gcc/x86_64-linux-gnu/4.6/../../../x86_64-linux-gnu/crt1.o

.hash
 *(.hash)

.gnu.hash       0x00000000004002d0     0x24b0
 *(.gnu.hash)
 .gnu.hash      0x00000000004002d0     0x24b0 /usr/lib/gcc/x86_64-linux-gnu/4.6/../../../x86_64-linux-gnu/crt1.o

.dynsym         0x0000000000402780     0x6d68
 *(.dynsym)
 .dynsym        0x0000000000402780     0x6d68 /usr/lib/gcc/x86_64-linux-gnu/4.6/../../../x86_64-linux-gnu/crt1.o

.dynstr         0x00000000004094e8     0x668a
 *(.dynstr)
 .dynstr        0x00000000004094e8     0x668a /usr/lib/gcc/x86_64-linux-gnu/4.6/../../../x86_64-linux-gnu/crt1.o

.gnu.version    0x000000000040fb72      0x91e
 *(.gnu.version)
 .gnu.version   0x000000000040fb72      0x91e /usr/lib/gcc/x86_64-linux-gnu/4.6/../../../x86_64-linux-gnu/crt1.o

.gnu.version_d  0x0000000000410490        0x0
 *(.gnu.version_d)
 .gnu.version_d
                0x0000000000000000        0x0 /usr/lib/gcc/x86_64-linux-gnu/4.6/../../../x86_64-linux-gnu/crt1.o

.gnu.version_r  0x0000000000410490      0x100
 *(.gnu.version_r)
 .gnu.version_r
                0x0000000000410490      0x100 /usr/lib/gcc/x86_64-linux-gnu/4.6/../../../x86_64-linux-gnu/crt1.o

.rela.dyn       0x0000000000410590       0xc0
 *(.rela.init)
 *(.rela.text .rela.text.* .rela.gnu.linkonce.t.*)
 .rela.text     0x0000000000000000        0x0 /usr/lib/gcc/x86_64-linux-gnu/4.6/../../../x86_64-linux-gnu/crt1.o
 .rela.text.startup
                0x0000000000000000        0x0 /usr/lib/gcc/x86_64-linux-gnu/4.6/../../../x86_64-linux-gnu/crt1.o
 .rela.text.unlikely
                0x0000000000000000        0x0 /usr/lib/gcc/x86_64-linux-gnu/4.6/../../../x86_64-linux-gnu/crt1.o
 *(.rela.fini)
 *(.rela.rodata .rela.rodata.* .rela.gnu.linkonce.r.*)
 *(.rela.data .rela.data.* .rela.gnu.linkonce.d.*)
 .rela.data     0x0000000000000000        0x0 /usr/lib/gcc/x86_64-linux-gnu/4.6/../../../x86_64-linux-gnu/crt1.o
 *(.rela.tdata .rela.tdata.* .rela.gnu.linkonce.td.*)
 *(.rela.tbss .rela.tbss.* .rela.gnu.linkonce.tb.*)
 *(.rela.ctors)
 *(.rela.dtors)
 *(.rela.got)
 .rela.got      0x0000000000410590       0x48 /usr/lib/gcc/x86_64-linux-gnu/4.6/../../../x86_64-linux-gnu/crt1.o
 *(.rela.bss .rela.bss.* .rela.gnu.linkonce.b.*)
 .rela.bss      0x00000000004105d8       0x78 /usr/lib/gcc/x86_64-linux-gnu/4.6/../../../x86_64-linux-gnu/crt1.o
 *(.rela.ldata .rela.ldata.* .rela.gnu.linkonce.l.*)
 *(.rela.lbss .rela.lbss.* .rela.gnu.linkonce.lb.*)
 *(.rela.lrodata .rela.lrodata.* .rela.gnu.linkonce.lr.*)
 *(.rela.ifunc)

.rela.plt       0x0000000000410650      0xa08
 *(.rela.plt)
 .rela.plt      0x0000000000410650      0xa08 /usr/lib/gcc/x86_64-linux-gnu/4.6/../../../x86_64-linux-gnu/crt1.o
                0x0000000000411058                PROVIDE (__rela_iplt_start, .)
 *(.rela.iplt)
 .rela.iplt     0x0000000000000000        0x0 /usr/lib/gcc/x86_64-linux-gnu/4.6/../../../x86_64-linux-gnu/crt1.o
                0x0000000000411058                PROVIDE (__rela_iplt_end, .)

.init           0x0000000000411058       0x18
 *(.init)
 .init          0x0000000000411058        0x9 /usr/lib/gcc/x86_64-linux-gnu/4.6/../../../x86_64-linux-gnu/crti.o
                0x0000000000411058                _init
 .init          0x0000000000411061        0x5 /usr/lib/gcc/x86_64-linux-gnu/4.6/crtbegin.o
 .init          0x0000000000411066        0x5 /usr/lib/gcc/x86_64-linux-gnu/4.6/crtend.o
 .init          0x000000000041106b        0x5 /usr/lib/gcc/x86_64-linux-gnu/4.6/../../../x86_64-linux-gnu/crtn.o

.plt            0x0000000000411070      0x6c0
 *(.plt)
 .plt           0x0000000000411070      0x6c0 /usr/lib/gcc/x86_64-linux-gnu/4.6/../../../x86_64-linux-gnu/crt1.o
                0x0000000000411080                getenv@@GLIBC_2.2.5
                0x0000000000411090                free@@GLIBC_2.2.5
                0x00000000004110a0                putchar@@GLIBC_2.2.5
                0x00000000004110b0                pthread_create@@GLIBC_2.2.5
                0x00000000004110c0                __vfprintf_chk@@GLIBC_2.3.4
                0x00000000004110d0                abort@@GLIBC_2.2.5
                0x00000000004110e0                __errno_location@@GLIBC_2.2.5
                0x00000000004110f0                mlock@@GLIBC_2.2.5
                0x0000000000411100                unlink@@GLIBC_2.2.5
                0x0000000000411110                strncpy@@GLIBC_2.2.5
                0x0000000000411120                strncmp@@GLIBC_2.2.5
                0x0000000000411130                fopencookie@@GLIBC_2.2.5
                0x0000000000411140                __read_chk@@GLIBC_2.4
                0x0000000000411150                unlinkat@@GLIBC_2.4
                0x0000000000411160                puts@@GLIBC_2.2.5
                0x0000000000411170                backtrace_symbols@@GLIBC_2.2.5
                0x0000000000411180                __xpg_strerror_r@@GLIBC_2.3.4
                0x0000000000411190                fcntl@@GLIBC_2.2.5
                0x00000000004111a0                write@@GLIBC_2.2.5
                0x00000000004111b0                fclose@@GLIBC_2.2.5
                0x00000000004111c0                opendir@@GLIBC_2.2.5
                0x00000000004111d0                strlen@@GLIBC_2.2.5
                0x00000000004111e0                backtrace@@GLIBC_2.2.5
                0x00000000004111f0                openat@@GLIBC_2.4
                0x0000000000411200                __stack_chk_fail@@GLIBC_2.4
                0x0000000000411210                getuid@@GLIBC_2.2.5
                0x0000000000411220                mmap@@GLIBC_2.2.5
                0x0000000000411230                getopt_long@@GLIBC_2.2.5
                0x0000000000411240                setbuf@@GLIBC_2.2.5
                0x0000000000411250                pthread_setaffinity_np@@GLIBC_2.3.4
                0x0000000000411260                strchr@@GLIBC_2.2.5
                0x0000000000411270                snprintf@@GLIBC_2.2.5
                0x0000000000411280                nanosleep@@GLIBC_2.2.5
                0x0000000000411290                strrchr@@GLIBC_2.2.5
                0x00000000004112a0                ftruncate@@GLIBC_2.2.5
                0x00000000004112b0                gettimeofday@@GLIBC_2.2.5
                0x00000000004112c0                iopl@@GLIBC_2.2.5
                0x00000000004112d0                fputs@@GLIBC_2.2.5
                0x00000000004112e0                fnmatch@@GLIBC_2.2.5
                0x00000000004112f0                memset@@GLIBC_2.2.5
                0x0000000000411300                fscanf@@GLIBC_2.2.5
                0x0000000000411310                ioctl@@GLIBC_2.2.5
                0x0000000000411320                index@@GLIBC_2.2.5
                0x0000000000411330                strnlen@@GLIBC_2.2.5
                0x0000000000411340                close@@GLIBC_2.2.5
                0x0000000000411350                pipe@@GLIBC_2.2.5
                0x0000000000411360                closedir@@GLIBC_2.2.5
                0x0000000000411370                epoll_ctl@@GLIBC_2.3.2
                0x0000000000411380                __strdup@@GLIBC_2.2.5
                0x0000000000411390                read@@GLIBC_2.2.5
                0x00000000004113a0                __libc_start_main@@GLIBC_2.2.5
                0x00000000004113b0                memcmp@@GLIBC_2.2.5
                0x00000000004113c0                fgets@@GLIBC_2.2.5
                0x00000000004113d0                strtoull@@GLIBC_2.2.5
                0x00000000004113e0                __vdprintf_chk@@GLIBC_2.8
                0x00000000004113f0                __fxstat64@@GLIBC_2.2.5
                0x0000000000411400                strcmp@@GLIBC_2.2.5
                0x0000000000411410                dirfd@@GLIBC_2.2.5
                0x0000000000411420                __strndup@@GLIBC_2.2.5
                0x0000000000411430                __memcpy_chk@@GLIBC_2.3.4
                0x0000000000411440                fopen64@@GLIBC_2.2.5
                0x0000000000411450                timerfd_create@@GLIBC_2.8
                0x0000000000411460                strtol@@GLIBC_2.2.5
                0x0000000000411470                memcpy@@GLIBC_2.14
                0x0000000000411480                __xmknod@@GLIBC_2.2.5
                0x0000000000411490                fileno@@GLIBC_2.2.5
                0x00000000004114a0                readdir@@GLIBC_2.2.5
                0x00000000004114b0                dlopen@@GLIBC_2.2.5
                0x00000000004114c0                mmap64@@GLIBC_2.2.5
                0x00000000004114d0                malloc@@GLIBC_2.2.5
                0x00000000004114e0                strncasecmp@@GLIBC_2.2.5
                0x00000000004114f0                fflush@@GLIBC_2.2.5
                0x0000000000411500                __sched_cpufree@@GLIBC_2.7
                0x0000000000411510                clock_gettime@@GLIBC_2.2.5
                0x0000000000411520                lrand48@@GLIBC_2.2.5
                0x0000000000411530                fseek@@GLIBC_2.2.5
                0x0000000000411540                __sched_cpualloc@@GLIBC_2.7
                0x0000000000411550                __vsnprintf_chk@@GLIBC_2.3.4
                0x0000000000411560                srand48@@GLIBC_2.2.5
                0x0000000000411570                munmap@@GLIBC_2.2.5
                0x0000000000411580                ftruncate64@@GLIBC_2.2.5
                0x0000000000411590                __printf_chk@@GLIBC_2.3.4
                0x00000000004115a0                epoll_wait@@GLIBC_2.3.2
                0x00000000004115b0                open64@@GLIBC_2.2.5
                0x00000000004115c0                __syslog_chk@@GLIBC_2.4
                0x00000000004115d0                pthread_self@@GLIBC_2.2.5
                0x00000000004115e0                tcgetattr@@GLIBC_2.2.5
                0x00000000004115f0                tcsetattr@@GLIBC_2.2.5
                0x0000000000411600                open@@GLIBC_2.2.5
                0x0000000000411610                access@@GLIBC_2.2.5
                0x0000000000411620                fopen@@GLIBC_2.2.5
                0x0000000000411630                sysconf@@GLIBC_2.2.5
                0x0000000000411640                strtoul@@GLIBC_2.2.5
                0x0000000000411650                timerfd_settime@@GLIBC_2.8
                0x0000000000411660                flock@@GLIBC_2.2.5
                0x0000000000411670                openlog@@GLIBC_2.2.5
                0x0000000000411680                getpagesize@@GLIBC_2.2.5
                0x0000000000411690                epoll_create@@GLIBC_2.3.2
                0x00000000004116a0                exit@@GLIBC_2.2.5
                0x00000000004116b0                fwrite@@GLIBC_2.2.5
                0x00000000004116c0                lseek64@@GLIBC_2.2.5
                0x00000000004116d0                __fprintf_chk@@GLIBC_2.3.4
                0x00000000004116e0                strerror@@GLIBC_2.2.5
                0x00000000004116f0                sleep@@GLIBC_2.2.5
                0x0000000000411700                strstr@@GLIBC_2.2.5
                0x0000000000411710                dlerror@@GLIBC_2.2.5
                0x0000000000411720                __ctype_b_loc@@GLIBC_2.3
 *(.iplt)
 .iplt          0x0000000000000000        0x0 /usr/lib/gcc/x86_64-linux-gnu/4.6/../../../x86_64-linux-gnu/crt1.o

.text           0x0000000000411730    0x80778
 *(.text.unlikely .text.*_unlikely)
 .text.unlikely
                0x0000000000411730       0x17 /home/vadim/projects/ipaugenblick/dpdk-1.6.0r2/x86_64-default-linuxapp-gcc/lib/librte_kni.a(rte_kni.o)
 .text.unlikely
                0x0000000000411747      0x61f /home/vadim/projects/ipaugenblick/dpdk-1.6.0r2/x86_64-default-linuxapp-gcc/lib/librte_sched.a(rte_sched.o)
 .text.unlikely
                0x0000000000411d66       0xc6 /home/vadim/projects/ipaugenblick/dpdk-1.6.0r2/x86_64-default-linuxapp-gcc/lib/librte_eal.a(eal_debug.o)
                0x0000000000411d66                __rte_panic
 .text.unlikely
                0x0000000000411e2c       0x8a /home/vadim/projects/ipaugenblick/dpdk-1.6.0r2/x86_64-default-linuxapp-gcc/lib/librte_eal.a(eal_common_log.o)
                0x0000000000411e2c                rte_log
 *(.text.exit .text.exit.*)
 *(.text.startup .text.startup.*)
 *fill*         0x0000000000411eb6        0xa 90909090
 .text.startup  0x0000000000411ec0      0x13d main.o
                0x0000000000411ec0                main
 *fill*         0x0000000000411ffd        0x3 90909090
 .text.startup  0x0000000000412000        0xa /home/vadim/projects/ipaugenblick/dpdk-1.6.0r2/x86_64-default-linuxapp-gcc/lib/librte_pmd_ring.a(rte_eth_ring.o)
 *fill*         0x000000000041200a        0x6 90909090
 .text.startup  0x0000000000412010      0x1dc /home/vadim/projects/ipaugenblick/dpdk-1.6.0r2/x86_64-default-linuxapp-gcc/lib/librte_eal.a(eal_common_cpuflags.o)
                0x0000000000412010                rte_cpu_check_supported
 *fill*         0x00000000004121ec        0x4 90909090
 .text.startup  0x00000000004121f0       0x13 /usr/lib/gcc/x86_64-linux-gnu/4.6/crtfastmath.o
 *(.text.hot .text.hot.*)
 *(.text .stub .text.* .gnu.linkonce.t.*)
 *fill*         0x0000000000412203        0x1 90909090
 .text          0x0000000000412204       0x2c /usr/lib/gcc/x86_64-linux-gnu/4.6/../../../x86_64-linux-gnu/crt1.o
                0x0000000000412204                _start
 .text          0x0000000000412230       0x17 /usr/lib/gcc/x86_64-linux-gnu/4.6/../../../x86_64-linux-gnu/crti.o
 *fill*         0x0000000000412247        0x9 90909090
 .text          0x0000000000412250       0x92 /usr/lib/gcc/x86_64-linux-gnu/4.6/crtbegin.o
 *fill*         0x00000000004122e2        0x2 90909090
 .text          0x00000000004122e4        0x0 main.o
 *fill*         0x00000000004122e4        0xc 90909090
 .text          0x00000000004122f0     0x1d38 /home/vadim/projects/ipaugenblick/dpdk-1.6.0r2/x86_64-default-linuxapp-gcc/lib/librte_kni.a(rte_kni.o)
                0x0000000000412f40                rte_kni_alloc
                0x0000000000413740                rte_kni_create
                0x0000000000413870                rte_kni_release
                0x0000000000413aa0                rte_kni_handle_request
                0x0000000000413c10                rte_kni_tx_burst
                0x0000000000413d30                rte_kni_rx_burst
                0x0000000000413d90                rte_kni_get_port_id
                0x0000000000413da0                rte_kni_get
                0x0000000000413e20                rte_kni_info_get
                0x0000000000413ec0                rte_kni_register_handlers
                0x0000000000413fb0                rte_kni_unregister_handlers
                0x0000000000414000                rte_kni_close
 *fill*         0x0000000000414028        0x8 90909090
 .text          0x0000000000414030     0x1ddf /home/vadim/projects/ipaugenblick/dpdk-1.6.0r2/x86_64-default-linuxapp-gcc/lib/librte_pmd_e1000.a(e1000_80003es2lan.o)
                0x0000000000415df0                e1000_init_function_pointers_80003es2lan
 *fill*         0x0000000000415e0f        0x1 90909090
 .text          0x0000000000415e10      0x9af /home/vadim/projects/ipaugenblick/dpdk-1.6.0r2/x86_64-default-linuxapp-gcc/lib/librte_pmd_e1000.a(e1000_82540.o)
                0x00000000004167a0                e1000_init_function_pointers_82540
 *fill*         0x00000000004167bf        0x1 90909090
 .text          0x00000000004167c0     0x1457 /home/vadim/projects/ipaugenblick/dpdk-1.6.0r2/x86_64-default-linuxapp-gcc/lib/librte_pmd_e1000.a(e1000_82541.o)
                0x0000000000417be0                e1000_init_function_pointers_82541
                0x0000000000417c00                e1000_init_script_state_82541
 *fill*         0x0000000000417c17        0x9 90909090
 .text          0x0000000000417c20      0x8d6 /home/vadim/projects/ipaugenblick/dpdk-1.6.0r2/x86_64-default-linuxapp-gcc/lib/librte_pmd_e1000.a(e1000_82542.o)
                0x0000000000418270                e1000_init_function_pointers_82542
                0x0000000000418290                e1000_translate_register_82542
 *fill*         0x00000000004184f6        0xa 90909090
 .text          0x0000000000418500     0x1bf1 /home/vadim/projects/ipaugenblick/dpdk-1.6.0r2/x86_64-default-linuxapp-gcc/lib/librte_pmd_e1000.a(e1000_82543.o)
                0x0000000000419f50                e1000_init_function_pointers_82543
                0x0000000000419f70                e1000_set_tbi_compatibility_82543
                0x0000000000419fa0                e1000_tbi_sbp_enabled_82543
                0x0000000000419fc0                e1000_tbi_adjust_stats_82543
 *fill*         0x000000000041a0f1        0xf 90909090
 .text          0x000000000041a100     0x1e24 /home/vadim/projects/ipaugenblick/dpdk-1.6.0r2/x86_64-default-linuxapp-gcc/lib/librte_pmd_e1000.a(e1000_82571.o)
                0x000000000041be30                e1000_init_function_pointers_82571
                0x000000000041be50                e1000_check_phy_82574
                0x000000000041bed0                e1000_get_laa_state_82571
                0x000000000041bef0                e1000_set_laa_state_82571
 *fill*         0x000000000041bf24        0xc 90909090
 .text          0x000000000041bf30     0x3fb6 /home/vadim/projects/ipaugenblick/dpdk-1.6.0r2/x86_64-default-linuxapp-gcc/lib/librte_pmd_e1000.a(e1000_82575.o)
                0x000000000041bf30                e1000_init_nvm_params_82575
                0x000000000041eda0                e1000_init_function_pointers_82575
                0x000000000041edd0                e1000_rx_fifo_flush_82575
                0x000000000041f150                e1000_vmdq_set_anti_spoofing_pf
                0x000000000041f1b0                e1000_vmdq_set_loopback_pf
                0x000000000041f220                e1000_vmdq_set_replication_pf
                0x000000000041f250                e1000_rxpbs_adjust_82580
                0x000000000041f270                e1000_read_emi_reg
                0x000000000041f2d0                e1000_set_eee_i350
                0x000000000041f350                e1000_set_eee_i354
                0x000000000041f4b0                e1000_get_eee_status_i354
                0x000000000041f510                e1000_set_i2c_bb
                0x000000000041f540                e1000_i2c_bus_clear
                0x000000000041f890                e1000_write_i2c_byte_generic
                0x000000000041f990                e1000_read_i2c_byte_generic
 *fill*         0x000000000041fee6        0xa 90909090
 .text          0x000000000041fef0      0xf90 /home/vadim/projects/ipaugenblick/dpdk-1.6.0r2/x86_64-default-linuxapp-gcc/lib/librte_pmd_e1000.a(e1000_i210.o)
                0x000000000041fef0                e1000_read_nvm_srrd_i210
                0x0000000000420120                e1000_validate_nvm_checksum_i210
                0x00000000004202f0                e1000_write_nvm_srwr_i210
                0x00000000004208a0                e1000_update_nvm_checksum_i210
                0x0000000000420a00                e1000_acquire_swfw_sync_i210
                0x0000000000420a90                e1000_release_swfw_sync_i210
                0x0000000000420ae0                e1000_read_invm_version
                0x0000000000420c40                e1000_get_flash_presence_i210
                0x0000000000420c60                e1000_update_flash_i210
                0x0000000000420ce0                e1000_init_function_pointers_i210
                0x0000000000420d00                e1000_read_xmdio_reg
                0x0000000000420dc0                e1000_write_xmdio_reg
 .text          0x0000000000420e80      0xec2 /home/vadim/projects/ipaugenblick/dpdk-1.6.0r2/x86_64-default-linuxapp-gcc/lib/librte_pmd_e1000.a(e1000_api.o)
                0x0000000000420e80                e1000_init_mac_params
                0x0000000000420ea0                e1000_init_nvm_params
                0x0000000000420ec0                e1000_init_phy_params
                0x0000000000420ee0                e1000_init_mbx_params
                0x0000000000420f00                e1000_set_mac_type
                0x0000000000421590                e1000_setup_init_funcs
                0x0000000000421720                e1000_get_bus_info
                0x0000000000421740                e1000_clear_vfta
                0x0000000000421760                e1000_write_vfta
                0x0000000000421780                e1000_update_mc_addr_list
                0x00000000004217a0                e1000_force_mac_fc
                0x00000000004217b0                e1000_check_for_link
                0x00000000004217d0                e1000_check_mng_mode
                0x00000000004217f0                e1000_mng_write_dhcp_info
                0x0000000000421800                e1000_reset_hw
                0x0000000000421820                e1000_init_hw
                0x0000000000421840                e1000_setup_link
                0x0000000000421860                e1000_get_speed_and_duplex
                0x0000000000421880                e1000_setup_led
                0x00000000004218a0                e1000_cleanup_led
                0x00000000004218c0                e1000_blink_led
                0x00000000004218e0                e1000_id_led_init
                0x0000000000421900                e1000_led_on
                0x0000000000421920                e1000_led_off
                0x0000000000421940                e1000_reset_adaptive
                0x0000000000421950                e1000_update_adaptive
                0x0000000000421960                e1000_disable_pcie_master
                0x0000000000421970                e1000_config_collision_dist
                0x0000000000421990                e1000_rar_set
                0x00000000004219b0                e1000_validate_mdi_setting
                0x00000000004219d0                e1000_hash_mc_addr
                0x00000000004219e0                e1000_enable_tx_pkt_filtering
                0x00000000004219f0                e1000_mng_host_if_write
                0x0000000000421a00                e1000_mng_write_cmd_header
                0x0000000000421a10                e1000_mng_enable_host_if
                0x0000000000421a20                e1000_check_reset_block
                0x0000000000421a40                e1000_read_phy_reg
                0x0000000000421a60                e1000_write_phy_reg
                0x0000000000421a80                e1000_release_phy
                0x0000000000421aa0                e1000_acquire_phy
                0x0000000000421ac0                e1000_cfg_on_link_up
                0x0000000000421ae0                e1000_read_kmrn_reg
                0x0000000000421af0                e1000_write_kmrn_reg
                0x0000000000421b00                e1000_get_cable_length
                0x0000000000421b20                e1000_get_phy_info
                0x0000000000421b40                e1000_phy_hw_reset
                0x0000000000421b60                e1000_phy_commit
                0x0000000000421b80                e1000_set_d0_lplu_state
                0x0000000000421ba0                e1000_set_d3_lplu_state
                0x0000000000421bc0                e1000_read_mac_addr
                0x0000000000421be0                e1000_read_pba_string
                0x0000000000421bf0                e1000_read_pba_length
                0x0000000000421c00                e1000_read_pba_num
                0x0000000000421c10                e1000_validate_nvm_checksum
                0x0000000000421c30                e1000_update_nvm_checksum
                0x0000000000421c50                e1000_reload_nvm
                0x0000000000421c70                e1000_read_nvm
                0x0000000000421c90                e1000_write_nvm
                0x0000000000421cb0                e1000_write_8bit_ctrl_reg
                0x0000000000421cc0                e1000_power_up_phy
                0x0000000000421cf0                e1000_power_down_phy
                0x0000000000421d10                e1000_power_up_fiber_serdes_link
                0x0000000000421d30                e1000_shutdown_fiber_serdes_link
 *fill*         0x0000000000421d42        0xe 90909090
 .text          0x0000000000421d50     0x51fa /home/vadim/projects/ipaugenblick/dpdk-1.6.0r2/x86_64-default-linuxapp-gcc/lib/librte_pmd_e1000.a(e1000_ich8lan.o)
                0x0000000000423fc0                e1000_toggle_lanphypc_pch_lpt
                0x0000000000424480                e1000_read_emi_reg_locked
                0x00000000004244e0                e1000_write_emi_reg_locked
                0x0000000000424540                e1000_set_eee_pchlan
                0x0000000000424720                e1000_enable_ulp_lpt_lp
                0x0000000000424900                e1000_disable_ulp_lpt_lp
                0x0000000000424c80                e1000_init_function_pointers_ich8lan
                0x0000000000424cd0                e1000_configure_k1_ich8lan
                0x0000000000425f40                e1000_copy_rx_addrs_to_phy_ich8lan
                0x00000000004260d0                e1000_lv_jumbo_workaround_ich8lan
                0x0000000000426980                e1000_set_kmrn_lock_loss_workaround_ich8lan
                0x00000000004269a0                e1000_igp3_phy_powerdown_workaround_ich8lan
                0x0000000000426ad0                e1000_gig_downshift_workaround_ich8lan
                0x0000000000426b50                e1000_suspend_workarounds_ich8lan
                0x0000000000426e40                e1000_resume_workarounds_pchlan
 *fill*         0x0000000000426f4a        0x6 90909090
 .text          0x0000000000426f50     0x1e0a /home/vadim/projects/ipaugenblick/dpdk-1.6.0r2/x86_64-default-linuxapp-gcc/lib/librte_pmd_e1000.a(e1000_mac.o)
                0x0000000000426f50                e1000_null_ops_generic
                0x0000000000426f60                e1000_null_mac_generic
                0x0000000000426f70                e1000_null_link_info
                0x0000000000426f80                e1000_null_mng_mode
                0x0000000000426f90                e1000_null_update_mc
                0x0000000000426fa0                e1000_null_write_vfta
                0x0000000000427080                e1000_setup_led_generic
                0x0000000000427120                e1000_init_mac_ops_generic
                0x0000000000427200                e1000_null_rar_set
                0x0000000000427210                e1000_get_bus_info_pci_generic
                0x00000000004272d0                e1000_get_bus_info_pcie_generic
                0x0000000000427370                e1000_set_lan_id_multi_port_pci
                0x00000000004273b0                e1000_set_lan_id_single_port
                0x00000000004273c0                e1000_clear_vfta_generic
                0x00000000004273f0                e1000_write_vfta_generic
                0x0000000000427410                e1000_init_rx_addrs_generic
                0x00000000004274a0                e1000_check_alt_mac_addr_generic
                0x0000000000427650                e1000_hash_mc_addr_generic
                0x00000000004276e0                e1000_update_mc_addr_list_generic
                0x00000000004278b0                e1000_pcix_mmrbc_workaround_generic
                0x0000000000427940                e1000_clear_hw_cntrs_base_generic
                0x0000000000427a30                e1000_set_default_fc_generic
                0x0000000000427ac0                e1000_setup_link_generic
                0x0000000000427b80                e1000_commit_fc_settings_generic
                0x0000000000427bd0                e1000_poll_fiber_serdes_link_generic
                0x0000000000427c30                e1000_setup_fiber_serdes_link_generic
                0x0000000000427d30                e1000_set_fc_watermarks_generic
                0x0000000000427d80                e1000_force_mac_fc_generic
                0x0000000000427df0                e1000_config_fc_after_link_up_generic
                0x00000000004281e0                e1000_check_for_serdes_link_generic
                0x0000000000428340                e1000_check_for_fiber_link_generic
                0x00000000004283d0                e1000_check_for_copper_link_generic
                0x0000000000428450                e1000_get_speed_and_duplex_copper_generic
                0x0000000000428490                e1000_get_speed_and_duplex_fiber_serdes_generic
                0x00000000004284a0                e1000_get_hw_semaphore_generic
                0x0000000000428540                e1000_put_hw_semaphore_generic
                0x0000000000428560                e1000_get_auto_rd_done_generic
                0x0000000000428670                e1000_valid_led_default_generic
                0x00000000004286b0                e1000_id_led_init_generic
                0x0000000000428980                e1000_cleanup_led_generic
                0x00000000004289a0                e1000_blink_led_generic
                0x0000000000428ab0                e1000_led_on_generic
                0x0000000000428af0                e1000_led_off_generic
                0x0000000000428b30                e1000_set_pcie_no_snoop_generic
                0x0000000000428b60                e1000_disable_pcie_master_generic
                0x0000000000428bd0                e1000_reset_adaptive_generic
                0x0000000000428c30                e1000_update_adaptive_generic
                0x0000000000428cf0                e1000_validate_mdi_setting_crossover_generic
                0x0000000000428d00                e1000_write_8bit_ctrl_reg_generic
 *fill*         0x0000000000428d5a        0x6 90909090
 .text          0x0000000000428d60      0xd67 /home/vadim/projects/ipaugenblick/dpdk-1.6.0r2/x86_64-default-linuxapp-gcc/lib/librte_pmd_e1000.a(e1000_manage.o)
                0x0000000000428d60                e1000_calculate_checksum
                0x0000000000428e50                e1000_mng_enable_host_if_generic
                0x0000000000428f90                e1000_check_mng_mode_generic
                0x0000000000428fb0                e1000_enable_tx_pkt_filtering_generic
                0x0000000000429220                e1000_mng_write_cmd_header_generic
                0x0000000000429270                e1000_mng_host_if_write_generic
                0x0000000000429440                e1000_mng_write_dhcp_info_generic
                0x0000000000429720                e1000_enable_mng_pass_thru
                0x00000000004297f0                e1000_host_interface_command
                0x0000000000429920                e1000_load_firmware
 *fill*         0x0000000000429ac7        0x9 90909090
 .text          0x0000000000429ad0      0x8d6 /home/vadim/projects/ipaugenblick/dpdk-1.6.0r2/x86_64-default-linuxapp-gcc/lib/librte_pmd_e1000.a(e1000_mbx.o)
                0x0000000000429e60                e1000_write_posted_mbx
                0x0000000000429f40                e1000_read_posted_mbx
                0x000000000042a120                e1000_read_mbx
                0x000000000042a150                e1000_write_mbx
                0x000000000042a180                e1000_check_for_msg
                0x000000000042a1a0                e1000_check_for_ack
                0x000000000042a1c0                e1000_check_for_rst
                0x000000000042a1e0                e1000_init_mbx_ops_generic
                0x000000000042a240                e1000_init_mbx_params_vf
                0x000000000042a2e0                e1000_init_mbx_params_pf
 *fill*         0x000000000042a3a6        0xa 90909090
 .text          0x000000000042a3b0     0x23f0 /home/vadim/projects/ipaugenblick/dpdk-1.6.0r2/x86_64-default-linuxapp-gcc/lib/librte_pmd_e1000.a(e1000_nvm.o)
                0x000000000042a3b0                e1000_null_read_nvm
                0x000000000042a3c0                e1000_null_nvm_generic
                0x000000000042a3d0                e1000_null_led_default
                0x000000000042a3e0                e1000_null_write_nvm
                0x000000000042a8f0                e1000_init_nvm_ops_generic
                0x000000000042a960                e1000_poll_eerd_eewr_done
                0x000000000042a9d0                e1000_acquire_nvm_generic
                0x000000000042aa30                e1000_stop_nvm
                0x000000000042aae0                e1000_release_nvm_generic
                0x000000000042ab70                e1000_read_nvm_spi
                0x000000000042b120                e1000_read_nvm_microwire
                0x000000000042b760                e1000_read_nvm_eerd
                0x000000000042b800                e1000_write_nvm_spi
                0x000000000042b990                e1000_write_nvm_microwire
                0x000000000042bb30                e1000_read_pba_string_generic
                0x000000000042bf10                e1000_read_pba_length_generic
                0x000000000042bff0                e1000_read_pba_num_generic
                0x000000000042c060                e1000_write_pba_raw
                0x000000000042c170                e1000_get_pba_block_size
                0x000000000042c260                e1000_read_pba_raw
                0x000000000042c3b0                e1000_read_mac_addr_generic
                0x000000000042c430                e1000_validate_nvm_checksum_generic
                0x000000000042c490                e1000_update_nvm_checksum_generic
                0x000000000042c510                e1000_get_fw_version
 .text          0x000000000042c7a0       0x56 /home/vadim/projects/ipaugenblick/dpdk-1.6.0r2/x86_64-default-linuxapp-gcc/lib/librte_pmd_e1000.a(e1000_osdep.o)
                0x000000000042c7a0                e1000_write_pci_cfg
                0x000000000042c7b0                e1000_read_pci_cfg
                0x000000000042c7c0                e1000_pci_set_mwi
                0x000000000042c7d0                e1000_pci_clear_mwi
                0x000000000042c7e0                e1000_read_pcie_cap_reg
                0x000000000042c7f0                e1000_write_pcie_cap_reg
 *fill*         0x000000000042c7f6        0xa 90909090
 .text          0x000000000042c800     0x569f /home/vadim/projects/ipaugenblick/dpdk-1.6.0r2/x86_64-default-linuxapp-gcc/lib/librte_pmd_e1000.a(e1000_phy.o)
                0x000000000042c800                e1000_null_set_page
                0x000000000042c810                e1000_null_read_reg
                0x000000000042c820                e1000_null_phy_generic
                0x000000000042c830                e1000_null_lplu_state
                0x000000000042c840                e1000_null_write_reg
                0x000000000042c850                e1000_read_i2c_byte_null
                0x000000000042c860                e1000_write_i2c_byte_null
                0x000000000042c920                e1000_init_phy_ops_generic
                0x000000000042ca40                e1000_check_reset_block_generic
                0x000000000042ca60                e1000_get_phy_id
                0x000000000042cb50                e1000_phy_reset_dsp_generic
                0x000000000042cba0                e1000_read_phy_reg_mdic
                0x000000000042cc70                e1000_write_phy_reg_mdic
                0x000000000042dac0                e1000_read_phy_reg_i2c
                0x000000000042db40                e1000_write_phy_reg_i2c
                0x000000000042dbc0                e1000_read_sfp_data_byte
                0x000000000042dc30                e1000_write_sfp_data_byte
                0x000000000042dcd0                e1000_read_phy_reg_m88
                0x000000000042ddd0                e1000_write_phy_reg_m88
                0x000000000042deb0                e1000_set_page_igp
                0x000000000042df60                e1000_read_phy_reg_igp
                0x000000000042e100                e1000_read_phy_reg_igp_locked
                0x000000000042e260                e1000_write_phy_reg_igp
                0x000000000042e400                e1000_write_phy_reg_igp_locked
                0x000000000042e560                e1000_read_kmrn_reg_generic
                0x000000000042e5f0                e1000_read_kmrn_reg_locked
                0x000000000042e650                e1000_write_kmrn_reg_generic
                0x000000000042e6d0                e1000_write_kmrn_reg_locked
                0x000000000042e700                e1000_copper_link_setup_82577
                0x000000000042e7e0                e1000_copper_link_setup_m88
                0x000000000042ea40                e1000_copper_link_setup_m88_gen2
                0x000000000042eb50                e1000_copper_link_setup_igp
                0x000000000042ecd0                e1000_phy_setup_autoneg
                0x000000000042ee20                e1000_copper_link_autoneg
                0x000000000042ef30                e1000_phy_force_speed_duplex_setup
                0x000000000042efd0                e1000_set_d3_lplu_state_generic
                0x000000000042f140                e1000_check_downshift_generic
                0x000000000042f200                e1000_check_polarity_m88
                0x000000000042f230                e1000_check_polarity_igp
                0x000000000042f2a0                e1000_check_polarity_ife
                0x000000000042f2f0                e1000_phy_has_link_generic
                0x000000000042f430                e1000_phy_force_speed_duplex_ife
                0x000000000042f510                e1000_phy_force_speed_duplex_m88
                0x000000000042f760                e1000_phy_force_speed_duplex_igp
                0x000000000042f840                e1000_setup_copper_link_generic
                0x000000000042f8b0                e1000_get_cable_length_m88
                0x000000000042f930                e1000_get_cable_length_m88_gen2
                0x000000000042fb80                e1000_get_cable_length_igp_2
                0x000000000042fd90                e1000_get_phy_info_m88
                0x000000000042fed0                e1000_get_phy_info_igp
                0x0000000000430020                e1000_get_phy_info_ife
                0x0000000000430110                e1000_phy_sw_reset_generic
                0x0000000000430180                e1000_phy_hw_reset_generic
                0x0000000000430230                e1000_get_cfg_done_generic
                0x0000000000430250                e1000_phy_init_script_igp3
                0x00000000004304b0                e1000_get_phy_type_from_id
                0x0000000000430630                e1000_determine_phy_address
                0x00000000004307e0                e1000_write_phy_reg_bm
                0x0000000000430a00                e1000_read_phy_reg_bm
                0x0000000000430c30                e1000_read_phy_reg_bm2
                0x0000000000430dd0                e1000_write_phy_reg_bm2
                0x0000000000430f70                e1000_enable_phy_wakeup_reg_access_bm
                0x00000000004311d0                e1000_disable_phy_wakeup_reg_access_bm
                0x0000000000431310                e1000_power_up_phy_copper
                0x00000000004313a0                e1000_power_down_phy_copper
                0x0000000000431440                e1000_read_phy_reg_hv
                0x0000000000431450                e1000_read_phy_reg_hv_locked
                0x0000000000431460                e1000_read_phy_reg_page_hv
                0x0000000000431470                e1000_write_phy_reg_hv
                0x0000000000431480                e1000_write_phy_reg_hv_locked
                0x0000000000431490                e1000_write_phy_reg_page_hv
                0x00000000004314b0                e1000_link_stall_workaround_hv
                0x0000000000431560                e1000_check_polarity_82577
                0x0000000000431590                e1000_phy_force_speed_duplex_82577
                0x0000000000431630                e1000_get_phy_info_82577
                0x0000000000431750                e1000_get_cable_length_82577
                0x00000000004317a0                e1000_write_phy_reg_gs40g
                0x0000000000431900                e1000_read_phy_reg_gs40g
                0x0000000000431a60                e1000_read_phy_reg_mphy
                0x0000000000431c40                e1000_write_phy_reg_mphy
                0x0000000000431e40                e1000_is_mphy_ready
 *fill*         0x0000000000431e9f        0x1 90909090
 .text          0x0000000000431ea0      0x6e7 /home/vadim/projects/ipaugenblick/dpdk-1.6.0r2/x86_64-default-linuxapp-gcc/lib/librte_pmd_e1000.a(e1000_vf.o)
                0x0000000000432400                e1000_init_function_pointers_vf
                0x0000000000432430                e1000_vfta_set_vf
                0x0000000000432490                e1000_rlpml_set_vf
                0x00000000004324e0                e1000_promisc_set_vf
 *fill*         0x0000000000432587        0x9 90909090
 .text          0x0000000000432590     0x2295 /home/vadim/projects/ipaugenblick/dpdk-1.6.0r2/x86_64-default-linuxapp-gcc/lib/librte_pmd_e1000.a(igb_ethdev.o)
                0x00000000004347f0                rte_igb_pmd_init
                0x0000000000434810                rte_igbvf_pmd_init
 *fill*         0x0000000000434825        0xb 90909090
 .text          0x0000000000434830     0x54b1 /home/vadim/projects/ipaugenblick/dpdk-1.6.0r2/x86_64-default-linuxapp-gcc/lib/librte_pmd_e1000.a(igb_rxtx.o)
                0x0000000000434830                eth_igb_recv_pkts
                0x0000000000435040                eth_igb_recv_scattered_pkts
                0x0000000000435c90                eth_igb_xmit_pkts
                0x0000000000437cf0                eth_igb_tx_queue_release
                0x0000000000437d30                eth_igb_tx_queue_setup
                0x00000000004380b0                eth_igb_rx_queue_release
                0x00000000004380f0                eth_igb_rx_queue_setup
                0x0000000000438430                eth_igb_rx_queue_count
                0x00000000004384a0                eth_igb_rx_descriptor_done
                0x00000000004384e0                igb_dev_clear_queues
                0x00000000004385f0                eth_igb_rx_init
                0x0000000000439360                eth_igb_tx_init
                0x0000000000439540                eth_igbvf_rx_init
                0x0000000000439ba0                eth_igbvf_tx_init
 *fill*         0x0000000000439ce1        0xf 90909090
 .text          0x0000000000439cf0      0x8fc /home/vadim/projects/ipaugenblick/dpdk-1.6.0r2/x86_64-default-linuxapp-gcc/lib/librte_pmd_e1000.a(igb_pf.o)
                0x0000000000439d90                igb_pf_host_init
                0x0000000000439f00                igb_pf_host_configure
                0x000000000043a030                igb_pf_mbx_process
 *fill*         0x000000000043a5ec        0x4 90909090
 .text          0x000000000043a5f0     0x14e5 /home/vadim/projects/ipaugenblick/dpdk-1.6.0r2/x86_64-default-linuxapp-gcc/lib/librte_pmd_e1000.a(em_ethdev.o)
                0x000000000043bac0                rte_em_pmd_init
 *fill*         0x000000000043bad5        0xb 90909090
 .text          0x000000000043bae0     0x478d /home/vadim/projects/ipaugenblick/dpdk-1.6.0r2/x86_64-default-linuxapp-gcc/lib/librte_pmd_e1000.a(em_rxtx.o)
                0x000000000043bae0                eth_em_recv_pkts
                0x000000000043c280                eth_em_recv_scattered_pkts
                0x000000000043dcc0                eth_em_xmit_pkts
                0x000000000043ef40                eth_em_tx_queue_release
                0x000000000043ef80                eth_em_tx_queue_setup
                0x000000000043f3d0                eth_em_rx_queue_release
                0x000000000043f410                eth_em_rx_queue_setup
                0x000000000043f770                eth_em_rx_queue_count
                0x000000000043f7e0                eth_em_rx_descriptor_done
                0x000000000043f820                em_dev_clear_queues
                0x000000000043f8f0                eth_em_rx_init
                0x0000000000440130                eth_em_tx_init
 *fill*         0x000000000044026d        0x3 90909090
 .text          0x0000000000440270     0x6609 /home/vadim/projects/ipaugenblick/dpdk-1.6.0r2/x86_64-default-linuxapp-gcc/lib/librte_pmd_ixgbe.a(ixgbe_common.o)
                0x0000000000440270                ixgbe_get_mac_addr_generic
                0x00000000004402b0                ixgbe_get_bus_info_generic
                0x00000000004402f0                ixgbe_set_lan_id_multi_port_pcie
                0x0000000000440330                ixgbe_led_on_generic
                0x0000000000440360                ixgbe_led_off_generic
                0x0000000000440390                ixgbe_calc_eeprom_checksum_generic
                0x00000000004404b0                ixgbe_validate_eeprom_checksum_generic
                0x0000000000440540                ixgbe_update_eeprom_checksum_generic
                0x0000000000440580                ixgbe_set_rar_generic
                0x0000000000440680                ixgbe_clear_rar_generic
                0x0000000000440700                ixgbe_disable_mc_generic
                0x0000000000440720                ixgbe_enable_rx_dma_generic
                0x00000000004407f0                ixgbe_release_swfw_sync
                0x0000000000440840                ixgbe_acquire_swfw_sync
                0x0000000000440a10                ixgbe_blink_led_start_generic
                0x0000000000440b30                ixgbe_blink_led_stop_generic
                0x0000000000440c50                ixgbe_start_hw_generic
                0x0000000000440f30                ixgbe_clear_hw_cntrs_generic
                0x00000000004417a0                ixgbe_init_hw_generic
                0x00000000004417c0                ixgbe_init_eeprom_params_generic
                0x0000000000441840                ixgbe_enable_mc_generic
                0x00000000004418f0                ixgbe_update_uc_addr_list_generic
                0x0000000000441a60                ixgbe_init_rx_addrs_generic
                0x0000000000441bd0                ixgbe_read_eerd_buffer_generic
                0x0000000000441c90                ixgbe_read_eerd_generic
                0x0000000000441ca0                ixgbe_stop_adapter_generic
                0x0000000000443a80                ixgbe_read_eeprom_buffer_bit_bang_generic
                0x0000000000443ba0                ixgbe_write_eeprom_buffer_bit_bang_generic
                0x0000000000443eb0                ixgbe_read_eeprom_bit_bang_generic
                0x0000000000443f90                ixgbe_write_eeprom_generic
                0x0000000000444070                ixgbe_init_ops_generic
                0x0000000000444260                ixgbe_device_supports_autoneg_fc
                0x0000000000444290                ixgbe_start_hw_gen2
                0x0000000000444370                ixgbe_read_pba_string_generic
                0x0000000000444720                ixgbe_read_pba_num_generic
                0x00000000004447a0                ixgbe_write_pba_raw
                0x00000000004448b0                ixgbe_get_pba_block_size
                0x00000000004449a0                ixgbe_read_pba_raw
                0x0000000000444b00                ixgbe_write_eewr_buffer_generic
                0x0000000000444c00                ixgbe_write_eewr_generic
                0x0000000000444cb0                ixgbe_poll_eerd_eewr_done
                0x0000000000444d20                ixgbe_validate_mac_addr
                0x0000000000444d70                ixgbe_add_uc_addr
                0x0000000000444db0                ixgbe_set_mta
                0x0000000000444e80                ixgbe_update_mc_addr_list_generic
                0x0000000000444ff0                ixgbe_fc_autoneg
                0x00000000004451d0                ixgbe_fc_enable_generic
                0x0000000000445770                ixgbe_disable_pcie_master
                0x00000000004457e0                ixgbe_disable_sec_rx_path_generic
                0x0000000000445830                ixgbe_enable_sec_rx_path_generic
                0x0000000000445850                ixgbe_get_san_mac_addr_generic
                0x0000000000445940                ixgbe_set_san_mac_addr_generic
                0x0000000000445a10                ixgbe_get_pcie_msix_count_generic
                0x0000000000445a20                ixgbe_insert_mac_addr_generic
                0x0000000000445b70                ixgbe_clear_vmdq_generic
                0x0000000000445c20                ixgbe_set_vmdq_generic
                0x0000000000445c70                ixgbe_set_vmdq_san_mac_generic
                0x0000000000445ce0                ixgbe_init_uta_tables_generic
                0x0000000000445d10                ixgbe_find_vlvf_slot
                0x0000000000445d70                ixgbe_set_vlvf_generic
                0x0000000000445f50                ixgbe_set_vfta_generic
                0x0000000000446000                ixgbe_clear_vfta_generic
                0x0000000000446080                ixgbe_check_mac_link_generic
                0x0000000000446170                ixgbe_get_wwn_prefix_generic
                0x0000000000446220                ixgbe_get_fcoe_boot_status_generic
                0x00000000004462c0                ixgbe_set_mac_anti_spoofing
                0x0000000000446390                ixgbe_set_vlan_anti_spoofing
                0x00000000004463e0                ixgbe_get_device_caps_generic
                0x0000000000446400                ixgbe_enable_relaxed_ordering_gen2
                0x00000000004464c0                ixgbe_set_fw_drv_ver_generic
                0x0000000000446660                ixgbe_set_rxpba_generic
                0x0000000000446800                ixgbe_clear_tx_pending
 *fill*         0x0000000000446879        0x7 90909090
 .text          0x0000000000446880     0x16ff /home/vadim/projects/ipaugenblick/dpdk-1.6.0r2/x86_64-default-linuxapp-gcc/lib/librte_pmd_ixgbe.a(ixgbe_82598.o)
                0x0000000000446940                ixgbe_set_vmdq_82598
                0x00000000004469f0                ixgbe_set_vfta_82598
                0x0000000000446b00                ixgbe_get_supported_physical_layer_82598
                0x0000000000446cc0                ixgbe_enable_relaxed_ordering_82598
                0x0000000000446d40                ixgbe_set_lan_id_multi_port_pcie_82598
                0x0000000000446dc0                ixgbe_read_i2c_eeprom_82598
                0x0000000000446ea0                ixgbe_write_analog_reg8_82598
                0x0000000000446ed0                ixgbe_read_analog_reg8_82598
                0x0000000000447420                ixgbe_fc_enable_82598
                0x0000000000447920                ixgbe_start_hw_82598
                0x0000000000447ca0                ixgbe_init_phy_ops_82598
                0x0000000000447e00                ixgbe_set_pcie_completion_timeout
                0x0000000000447e30                ixgbe_init_ops_82598
 *fill*         0x0000000000447f7f        0x1 90909090
 .text          0x0000000000447f80     0x347a /home/vadim/projects/ipaugenblick/dpdk-1.6.0r2/x86_64-default-linuxapp-gcc/lib/librte_pmd_ixgbe.a(ixgbe_82599.o)
                0x0000000000447f80                ixgbe_get_supported_physical_layer_82599
                0x00000000004481d0                ixgbe_enable_rx_dma_82599
                0x0000000000448210                ixgbe_write_analog_reg8_82599
                0x0000000000448240                ixgbe_read_analog_reg8_82599
                0x0000000000448290                ixgbe_enable_tx_laser_multispeed_fiber
                0x00000000004482b0                ixgbe_disable_tx_laser_multispeed_fiber
                0x00000000004482d0                ixgbe_identify_phy_82599
                0x00000000004483a0                ixgbe_get_link_capabilities_82599
                0x0000000000448550                ixgbe_get_media_type_82599
                0x0000000000448610                ixgbe_start_hw_82599
                0x00000000004486e0                ixgbe_flap_tx_laser_multispeed_fiber
                0x0000000000448740                ixgbe_reinit_fdir_tables_82599
                0x00000000004489f0                ixgbe_init_fdir_signature_82599
                0x0000000000448b20                ixgbe_init_fdir_perfect_82599
                0x0000000000448c50                ixgbe_atr_compute_sig_hash_82599
                0x0000000000448d20                ixgbe_fdir_add_signature_filter_82599
                0x0000000000448d90                ixgbe_atr_compute_perfect_hash_82599
                0x0000000000448ec0                ixgbe_fdir_set_input_mask_82599
                0x00000000004490f0                ixgbe_fdir_write_perfect_filter_82599
                0x00000000004492c0                ixgbe_fdir_erase_perfect_filter_82599
                0x0000000000449430                ixgbe_fdir_add_perfect_filter_82599
                0x0000000000449520                ixgbe_verify_lesm_fw_enabled_82599
                0x00000000004495c0                ixgbe_init_mac_link_ops_82599
                0x0000000000449680                ixgbe_reset_hw_82599
                0x0000000000449ba0                ixgbe_setup_mac_link_82599
                0x0000000000449fb0                ixgbe_setup_mac_link_smartspeed
                0x000000000044a4b0                ixgbe_setup_mac_link_multispeed_fiber
                0x000000000044a830                ixgbe_start_mac_link_82599
                0x000000000044aad0                ixgbe_init_ops_82599
                0x000000000044ad90                ixgbe_setup_sfp_modules_82599
                0x000000000044b110                ixgbe_init_phy_ops_82599
                0x000000000044b270                ixgbe_reset_pipeline_82599
 *fill*         0x000000000044b3fa        0x6 90909090
 .text          0x000000000044b400      0xe70 /home/vadim/projects/ipaugenblick/dpdk-1.6.0r2/x86_64-default-linuxapp-gcc/lib/librte_pmd_ixgbe.a(ixgbe_x540.o)
                0x000000000044b400                ixgbe_get_media_type_X540
                0x000000000044b410                ixgbe_setup_mac_link_X540
                0x000000000044b420                ixgbe_get_supported_physical_layer_X540
                0x000000000044b470                ixgbe_blink_led_start_X540
                0x000000000044b4e0                ixgbe_blink_led_stop_X540
                0x000000000044b530                ixgbe_write_eewr_X540
                0x000000000044b5b0                ixgbe_validate_eeprom_checksum_X540
                0x000000000044b670                ixgbe_calc_eeprom_checksum_X540
                0x000000000044b7b0                ixgbe_read_eerd_X540
                0x000000000044b830                ixgbe_write_eewr_buffer_X540
                0x000000000044b8c0                ixgbe_read_eerd_buffer_X540
                0x000000000044b950                ixgbe_start_hw_X540
                0x000000000044b970                ixgbe_reset_hw_X540
                0x000000000044bb60                ixgbe_init_eeprom_params_X540
                0x000000000044bbb0                ixgbe_acquire_swfw_sync_X540
                0x000000000044bdb0                ixgbe_release_swfw_sync_X540
                0x000000000044be90                ixgbe_update_eeprom_checksum_X540
                0x000000000044c000                ixgbe_init_ops_X540
                0x000000000044c260                ixgbe_get_link_capabilities_X540
 .text          0x000000000044c270     0x22ee /home/vadim/projects/ipaugenblick/dpdk-1.6.0r2/x86_64-default-linuxapp-gcc/lib/librte_pmd_ixgbe.a(ixgbe_phy.o)
                0x000000000044c270                ixgbe_setup_phy_link_speed_generic
                0x000000000044c2d0                ixgbe_get_phy_firmware_version_generic
                0x000000000044c2f0                ixgbe_read_i2c_eeprom_generic
                0x000000000044c310                ixgbe_write_i2c_eeprom_generic
                0x000000000044c330                ixgbe_tn_check_overtemp
                0x000000000044c380                ixgbe_write_phy_reg_generic
                0x000000000044c490                ixgbe_read_phy_reg_generic
                0x000000000044c6a0                ixgbe_setup_phy_link_generic
                0x000000000044cbb0                ixgbe_i2c_bus_clear
                0x000000000044ce00                ixgbe_write_i2c_byte_generic
                0x000000000044cf20                ixgbe_read_i2c_byte_generic
                0x000000000044d1d0                ixgbe_identify_phy_generic
                0x000000000044d390                ixgbe_reset_phy_generic
                0x000000000044d470                ixgbe_init_phy_ops_generic
                0x000000000044d530                ixgbe_validate_phy_addr
                0x000000000044d570                ixgbe_get_phy_id
                0x000000000044d5f0                ixgbe_get_phy_type_from_id
                0x000000000044d630                ixgbe_get_copper_link_capabilities_generic
                0x000000000044d690                ixgbe_check_phy_link_tnx
                0x000000000044d8e0                ixgbe_setup_phy_link_tnx
                0x000000000044dcb0                ixgbe_get_phy_firmware_version_tnx
                0x000000000044dcd0                ixgbe_identify_sfp_module_generic
                0x000000000044e1a0                ixgbe_identify_module_generic
                0x000000000044e1d0                ixgbe_get_sfp_init_sequence_offsets
                0x000000000044e380                ixgbe_reset_phy_nl
 *fill*         0x000000000044e55e        0x2 90909090
 .text          0x000000000044e560      0xc4a /home/vadim/projects/ipaugenblick/dpdk-1.6.0r2/x86_64-default-linuxapp-gcc/lib/librte_pmd_ixgbe.a(ixgbe_api.o)
                0x000000000044e560                ixgbe_set_mac_type
                0x000000000044e720                ixgbe_init_shared_code
                0x000000000044e790                ixgbe_init_hw
                0x000000000044e7b0                ixgbe_reset_hw
                0x000000000044e7d0                ixgbe_start_hw
                0x000000000044e7f0                ixgbe_enable_relaxed_ordering
                0x000000000044e810                ixgbe_clear_hw_cntrs
                0x000000000044e830                ixgbe_get_media_type
                0x000000000044e850                ixgbe_get_mac_addr
                0x000000000044e870                ixgbe_get_san_mac_addr
                0x000000000044e890                ixgbe_set_san_mac_addr
                0x000000000044e8b0                ixgbe_get_device_caps
                0x000000000044e8d0                ixgbe_get_wwn_prefix
                0x000000000044e8f0                ixgbe_get_fcoe_boot_status
                0x000000000044e910                ixgbe_get_bus_info
                0x000000000044e930                ixgbe_get_num_of_tx_queues
                0x000000000044e940                ixgbe_get_num_of_rx_queues
                0x000000000044e950                ixgbe_stop_adapter
                0x000000000044e970                ixgbe_read_pba_string
                0x000000000044e980                ixgbe_read_pba_num
                0x000000000044e990                ixgbe_identify_phy
                0x000000000044e9d0                ixgbe_reset_phy
                0x000000000044ea30                ixgbe_get_phy_firmware_version
                0x000000000044ea50                ixgbe_read_phy_reg
                0x000000000044ead0                ixgbe_write_phy_reg
                0x000000000044eb60                ixgbe_setup_phy_link
                0x000000000044eb80                ixgbe_check_phy_link
                0x000000000044eba0                ixgbe_setup_phy_link_speed
                0x000000000044ebc0                ixgbe_check_link
                0x000000000044ebe0                ixgbe_disable_tx_laser
                0x000000000044ec00                ixgbe_enable_tx_laser
                0x000000000044ec20                ixgbe_flap_tx_laser
                0x000000000044ec40                ixgbe_setup_link
                0x000000000044ec60                ixgbe_get_link_capabilities
                0x000000000044ec80                ixgbe_led_on
                0x000000000044eca0                ixgbe_led_off
                0x000000000044ecc0                ixgbe_blink_led_start
                0x000000000044ece0                ixgbe_blink_led_stop
                0x000000000044ed00                ixgbe_init_eeprom_params
                0x000000000044ed20                ixgbe_write_eeprom
                0x000000000044ed40                ixgbe_write_eeprom_buffer
                0x000000000044ed60                ixgbe_read_eeprom
                0x000000000044ed80                ixgbe_read_eeprom_buffer
                0x000000000044eda0                ixgbe_validate_eeprom_checksum
                0x000000000044edc0                ixgbe_update_eeprom_checksum
                0x000000000044ede0                ixgbe_insert_mac_addr
                0x000000000044ee00                ixgbe_set_rar
                0x000000000044ee20                ixgbe_clear_rar
                0x000000000044ee40                ixgbe_set_vmdq
                0x000000000044ee60                ixgbe_set_vmdq_san_mac
                0x000000000044ee80                ixgbe_clear_vmdq
                0x000000000044eea0                ixgbe_init_rx_addrs
                0x000000000044eec0                ixgbe_get_num_rx_addrs
                0x000000000044eed0                ixgbe_update_uc_addr_list
                0x000000000044eef0                ixgbe_update_mc_addr_list
                0x000000000044ef10                ixgbe_enable_mc
                0x000000000044ef30                ixgbe_disable_mc
                0x000000000044ef50                ixgbe_clear_vfta
                0x000000000044ef70                ixgbe_set_vfta
                0x000000000044ef90                ixgbe_set_vlvf
                0x000000000044efb0                ixgbe_fc_enable
                0x000000000044efd0                ixgbe_set_fw_drv_ver
                0x000000000044f000                ixgbe_read_analog_reg8
                0x000000000044f020                ixgbe_write_analog_reg8
                0x000000000044f040                ixgbe_init_uta_tables
                0x000000000044f060                ixgbe_read_i2c_byte
                0x000000000044f080                ixgbe_write_i2c_byte
                0x000000000044f0b0                ixgbe_write_i2c_eeprom
                0x000000000044f0d0                ixgbe_read_i2c_eeprom
                0x000000000044f0f0                ixgbe_get_supported_physical_layer
                0x000000000044f110                ixgbe_enable_rx_dma
                0x000000000044f130                ixgbe_disable_sec_rx_path
                0x000000000044f150                ixgbe_enable_sec_rx_path
                0x000000000044f170                ixgbe_acquire_swfw_semaphore
                0x000000000044f190                ixgbe_release_swfw_semaphore
 *fill*         0x000000000044f1aa        0x6 90909090
 .text          0x000000000044f1b0      0x8c2 /home/vadim/projects/ipaugenblick/dpdk-1.6.0r2/x86_64-default-linuxapp-gcc/lib/librte_pmd_ixgbe.a(ixgbe_vf.o)
                0x000000000044f1b0                ixgbe_start_hw_vf
                0x000000000044f1c0                ixgbe_init_hw_vf
                0x000000000044f200                ixgbe_set_vfta_vf
                0x000000000044f270                ixgbe_get_mac_addr_vf
                0x000000000044f2b0                ixgbe_setup_mac_link_vf
                0x000000000044f2c0                ixgbe_check_mac_link_vf
                0x000000000044f380                ixgbe_update_mc_addr_list_vf
                0x000000000044f4a0                ixgbe_stop_adapter_vf
                0x000000000044f540                ixgbe_reset_hw_vf
                0x000000000044f630                ixgbevf_set_uc_addr_vf
                0x000000000044f6c0                ixgbe_set_rar_vf
                0x000000000044f780                ixgbe_init_ops_vf
                0x000000000044f860                ixgbe_get_num_of_tx_queues_vf
                0x000000000044f870                ixgbe_get_num_of_rx_queues_vf
                0x000000000044f880                ixgbevf_rlpml_set_vf
                0x000000000044f8d0                ixgbevf_negotiate_api_version
                0x000000000044f950                ixgbevf_get_queues
 *fill*         0x000000000044fa72        0xe 90909090
 .text          0x000000000044fa80     0x2aef /home/vadim/projects/ipaugenblick/dpdk-1.6.0r2/x86_64-default-linuxapp-gcc/lib/librte_pmd_ixgbe.a(ixgbe_dcb.o)
                0x000000000044fa80                ixgbe_dcb_calculate_tc_credits
                0x000000000044fd10                ixgbe_dcb_calculate_tc_credits_cee
                0x0000000000450a60                ixgbe_dcb_unpack_pfc_cee
                0x0000000000450b10                ixgbe_dcb_unpack_refill_cee
                0x0000000000450b70                ixgbe_dcb_unpack_max_cee
                0x0000000000450bc0                ixgbe_dcb_unpack_bwgid_cee
                0x0000000000450c10                ixgbe_dcb_unpack_tsa_cee
                0x0000000000450c60                ixgbe_dcb_get_tc_from_up
                0x0000000000450cc0                ixgbe_dcb_unpack_map_cee
                0x0000000000450d30                ixgbe_dcb_check_config_cee
                0x0000000000451830                ixgbe_dcb_get_tc_stats
                0x0000000000451870                ixgbe_dcb_get_pfc_stats
                0x00000000004518b0                ixgbe_dcb_config_rx_arbiter_cee
                0x0000000000451ae0                ixgbe_dcb_config_tx_desc_arbiter_cee
                0x0000000000451ca0                ixgbe_dcb_config_tx_data_arbiter_cee
                0x0000000000451ed0                ixgbe_dcb_config_pfc_cee
                0x0000000000452070                ixgbe_dcb_config_tc_stats
                0x00000000004520a0                ixgbe_dcb_hw_config_cee
                0x0000000000452440                ixgbe_dcb_config_pfc
                0x0000000000452480                ixgbe_dcb_hw_config
 *fill*         0x000000000045256f        0x1 90909090
 .text          0x0000000000452570      0xf29 /home/vadim/projects/ipaugenblick/dpdk-1.6.0r2/x86_64-default-linuxapp-gcc/lib/librte_pmd_ixgbe.a(ixgbe_dcb_82599.o)
                0x0000000000452570                ixgbe_dcb_get_tc_stats_82599
                0x0000000000452630                ixgbe_dcb_get_pfc_stats_82599
                0x0000000000452690                ixgbe_dcb_config_rx_arbiter_82599
                0x00000000004528b0                ixgbe_dcb_config_tx_desc_arbiter_82599
                0x0000000000452b30                ixgbe_dcb_config_tx_data_arbiter_82599
                0x0000000000452e20                ixgbe_dcb_config_pfc_82599
                0x0000000000453140                ixgbe_dcb_config_tc_stats_82599
                0x00000000004532f0                ixgbe_dcb_config_82599
                0x0000000000453400                ixgbe_dcb_hw_config_82599
 *fill*         0x0000000000453499        0x7 90909090
 .text          0x00000000004534a0      0xc19 /home/vadim/projects/ipaugenblick/dpdk-1.6.0r2/x86_64-default-linuxapp-gcc/lib/librte_pmd_ixgbe.a(ixgbe_dcb_82598.o)
                0x00000000004534a0                ixgbe_dcb_get_tc_stats_82598
                0x0000000000453520                ixgbe_dcb_get_pfc_stats_82598
                0x0000000000453580                ixgbe_dcb_config_rx_arbiter_82598
                0x0000000000453700                ixgbe_dcb_config_tx_desc_arbiter_82598
                0x00000000004539a0                ixgbe_dcb_config_tx_data_arbiter_82598
                0x0000000000453c40                ixgbe_dcb_config_pfc_82598
                0x0000000000453f50                ixgbe_dcb_config_tc_stats_82598
                0x0000000000454030                ixgbe_dcb_hw_config_82598
 *fill*         0x00000000004540b9        0x7 90909090
 .text          0x00000000004540c0      0x8bb /home/vadim/projects/ipaugenblick/dpdk-1.6.0r2/x86_64-default-linuxapp-gcc/lib/librte_pmd_ixgbe.a(ixgbe_mbx.o)
                0x00000000004543d0                ixgbe_write_posted_mbx
                0x0000000000454490                ixgbe_read_posted_mbx
                0x0000000000454740                ixgbe_read_mbx
                0x0000000000454770                ixgbe_write_mbx
                0x00000000004547a0                ixgbe_check_for_msg
                0x00000000004547c0                ixgbe_check_for_ack
                0x00000000004547e0                ixgbe_check_for_rst
                0x0000000000454800                ixgbe_init_mbx_ops_generic
                0x0000000000454820                ixgbe_init_mbx_params_vf
                0x00000000004548c0                ixgbe_init_mbx_params_pf
 *fill*         0x000000000045497b        0x5 90909090
 .text          0x0000000000454980     0x8fec /home/vadim/projects/ipaugenblick/dpdk-1.6.0r2/x86_64-default-linuxapp-gcc/lib/librte_pmd_ixgbe.a(ixgbe_rxtx.o)
                0x0000000000454bc0                ixgbe_recv_pkts
                0x0000000000455fe0                ixgbe_recv_pkts_bulk_alloc
                0x0000000000456170                ixgbe_xmit_pkts
                0x0000000000457540                ixgbe_recv_scattered_pkts
                0x0000000000459080                ixgbe_xmit_pkts_simple
                0x000000000045a650                ixgbe_dev_tx_queue_release
                0x000000000045a690                ixgbe_dev_tx_queue_setup
                0x000000000045abc0                ixgbe_dev_rx_queue_release
                0x000000000045abf0                ixgbe_dev_rx_queue_setup
                0x000000000045af40                ixgbe_dev_rx_queue_count
                0x000000000045afb0                ixgbe_dev_rx_descriptor_done
                0x000000000045aff0                ixgbe_dev_clear_queues
                0x000000000045b0a0                ixgbe_configure_dcb
                0x000000000045bbe0                ixgbe_dev_rx_init
                0x000000000045c750                ixgbe_dev_tx_init
                0x000000000045ca00                ixgbe_dev_rxtx_start
                0x000000000045d0d0                ixgbevf_dev_rx_init
                0x000000000045d5b0                ixgbevf_dev_tx_init
                0x000000000045d620                ixgbevf_dev_rxtx_start
 *fill*         0x000000000045d96c        0x4 90909090
 .text          0x000000000045d970     0x45ad /home/vadim/projects/ipaugenblick/dpdk-1.6.0r2/x86_64-default-linuxapp-gcc/lib/librte_pmd_ixgbe.a(ixgbe_ethdev.o)
                0x00000000004618d0                rte_ixgbe_pmd_init
                0x00000000004618f0                rte_ixgbevf_pmd_init
                0x0000000000461910                ixgbe_vlan_hw_filter_disable
                0x0000000000461930                ixgbe_vlan_hw_filter_enable
                0x0000000000461980                ixgbe_vlan_hw_strip_disable_all
                0x0000000000461a40                ixgbe_vlan_hw_strip_enable_all
 *fill*         0x0000000000461f1d        0x3 90909090
 .text          0x0000000000461f20     0x136b /home/vadim/projects/ipaugenblick/dpdk-1.6.0r2/x86_64-default-linuxapp-gcc/lib/librte_pmd_ixgbe.a(ixgbe_fdir.o)
                0x0000000000462540                ixgbe_fdir_configure
                0x00000000004627c0                ixgbe_fdir_add_signature_filter
                0x00000000004628f0                ixgbe_fdir_update_signature_filter
                0x0000000000462a20                ixgbe_fdir_remove_signature_filter
                0x0000000000462c60                ixgbe_fdir_set_masks
                0x0000000000462f30                ixgbe_fdir_add_perfect_filter
                0x0000000000462f50                ixgbe_fdir_update_perfect_filter
                0x0000000000462f70                ixgbe_fdir_remove_perfect_filter
                0x00000000004631a0                ixgbe_fdir_info_get
 *fill*         0x000000000046328b        0x5 90909090
 .text          0x0000000000463290      0xcec /home/vadim/projects/ipaugenblick/dpdk-1.6.0r2/x86_64-default-linuxapp-gcc/lib/librte_pmd_ixgbe.a(ixgbe_pf.o)
                0x0000000000463330                ixgbe_pf_host_init
                0x0000000000463690                ixgbe_pf_host_configure
                0x0000000000463920                ixgbe_pf_mbx_process
 *fill*         0x0000000000463f7c        0x4 90909090
 .text          0x0000000000463f80       0x78 /home/vadim/projects/ipaugenblick/dpdk-1.6.0r2/x86_64-default-linuxapp-gcc/lib/librte_pmd_virtio_uio.a(virtqueue.o)
                0x0000000000463f80                virtqueue_disable_intr
                0x0000000000463f90                virtqueue_detatch_unused
 *fill*         0x0000000000463ff8        0x8 90909090
 .text          0x0000000000464000      0x143 /home/vadim/projects/ipaugenblick/dpdk-1.6.0r2/x86_64-default-linuxapp-gcc/lib/librte_pmd_virtio_uio.a(virtio_pci.o)
                0x0000000000464000                vtpci_read_dev_config
                0x0000000000464070                vtpci_write_dev_config
                0x00000000004640f0                vtpci_negotiate_features
                0x0000000000464100                vtpci_reset
                0x0000000000464110                vtpci_reinit_complete
                0x0000000000464120                vtpci_get_status
                0x0000000000464130                vtpci_set_status
 *fill*         0x0000000000464143        0xd 90909090
 .text          0x0000000000464150     0x2cf8 /home/vadim/projects/ipaugenblick/dpdk-1.6.0r2/x86_64-default-linuxapp-gcc/lib/librte_pmd_virtio_uio.a(virtio_rxtx.o)
                0x0000000000464e50                virtio_dev_rxtx_start
                0x0000000000464ea0                virtio_dev_rx_queue_setup
                0x0000000000464f10                virtio_dev_tx_queue_setup
                0x0000000000464f60                virtio_recv_pkts
                0x00000000004663b0                virtio_xmit_pkts
 *fill*         0x0000000000466e48        0x8 90909090
 .text          0x0000000000466e50     0x1b15 /home/vadim/projects/ipaugenblick/dpdk-1.6.0r2/x86_64-default-linuxapp-gcc/lib/librte_pmd_virtio_uio.a(virtio_ethdev.o)
                0x00000000004684e0                virtio_dev_queue_setup
                0x0000000000468950                rte_virtio_pmd_init
 *fill*         0x0000000000468965        0xb 90909090
 .text          0x0000000000468970     0x37ab /home/vadim/projects/ipaugenblick/dpdk-1.6.0r2/x86_64-default-linuxapp-gcc/lib/librte_pmd_vmxnet3_uio.a(vmxnet3_rxtx.o)
                0x00000000004691e0                vmxnet3_dev_tx_queue_release
                0x0000000000469270                vmxnet3_dev_rx_queue_release
                0x0000000000469310                vmxnet3_dev_clear_queues
                0x00000000004694d0                vmxnet3_xmit_pkts
                0x00000000004697a0                vmxnet3_recv_pkts
                0x000000000046b520                vmxnet3_dev_tx_queue_setup
                0x000000000046b770                vmxnet3_dev_rx_queue_setup
                0x000000000046ba50                vmxnet3_dev_rxtx_init
                0x000000000046bfa0                vmxnet3_rss_configure
                0x000000000046c0f0                vmxnet3_vlan_configure
 *fill*         0x000000000046c11b        0x5 90909090
 .text          0x000000000046c120      0xc05 /home/vadim/projects/ipaugenblick/dpdk-1.6.0r2/x86_64-default-linuxapp-gcc/lib/librte_pmd_vmxnet3_uio.a(vmxnet3_ethdev.o)
                0x000000000046cd10                rte_vmxnet3_pmd_init
 *fill*         0x000000000046cd25        0xb 90909090
 .text          0x000000000046cd30      0x9fa /home/vadim/projects/ipaugenblick/dpdk-1.6.0r2/x86_64-default-linuxapp-gcc/lib/librte_timer.a(rte_timer.o)
                0x000000000046d1d0                rte_timer_subsystem_init
                0x000000000046d210                rte_timer_init
                0x000000000046d220                rte_timer_reset
                0x000000000046d310                rte_timer_reset_sync
                0x000000000046d360                rte_timer_stop
                0x000000000046d3f0                rte_timer_stop_sync
                0x000000000046d420                rte_timer_pending
                0x000000000046d430                rte_timer_manage
                0x000000000046d720                rte_timer_dump_stats
 *fill*         0x000000000046d72a        0x6 90909090
 .text          0x000000000046d730     0x1756 /home/vadim/projects/ipaugenblick/dpdk-1.6.0r2/x86_64-default-linuxapp-gcc/lib/librte_hash.a(rte_hash.o)
                0x000000000046da10                rte_hash_find_existing
                0x000000000046dad0                rte_hash_create
                0x000000000046ddd0                rte_hash_free
                0x000000000046de70                rte_hash_add_key_with_hash
                0x000000000046e3c0                rte_hash_add_key
                0x000000000046e920                rte_hash_del_key_with_hash
                0x000000000046ea20                rte_hash_del_key
                0x000000000046eb30                rte_hash_lookup_with_hash
                0x000000000046ec30                rte_hash_lookup
                0x000000000046ed30                rte_hash_lookup_bulk
 *fill*         0x000000000046ee86        0xa 90909090
 .text          0x000000000046ee90      0x546 /home/vadim/projects/ipaugenblick/dpdk-1.6.0r2/x86_64-default-linuxapp-gcc/lib/librte_hash.a(rte_fbk_hash.o)
                0x000000000046f030                rte_fbk_hash_find_existing
                0x000000000046f0f0                rte_fbk_hash_create
                0x000000000046f340                rte_fbk_hash_free
 *fill*         0x000000000046f3d6        0xa 90909090
 .text          0x000000000046f3e0     0x1082 /home/vadim/projects/ipaugenblick/dpdk-1.6.0r2/x86_64-default-linuxapp-gcc/lib/librte_lpm.a(rte_lpm.o)
                0x000000000046f510                rte_lpm_find_existing
                0x000000000046f5d0                rte_lpm_create
                0x000000000046f7b0                rte_lpm_free
                0x000000000046f850                rte_lpm_add
                0x000000000046fe90                rte_lpm_delete
                0x0000000000470370                rte_lpm_delete_all
 *fill*         0x0000000000470462        0xe 90909090
 .text          0x0000000000470470     0x2060 /home/vadim/projects/ipaugenblick/dpdk-1.6.0r2/x86_64-default-linuxapp-gcc/lib/librte_lpm.a(rte_lpm6.o)
                0x0000000000470bf0                rte_lpm6_create
                0x0000000000470e60                rte_lpm6_find_existing
                0x0000000000470f20                rte_lpm6_free
                0x0000000000470fd0                rte_lpm6_lookup
                0x0000000000471080                rte_lpm6_lookup_bulk_func
                0x0000000000471180                rte_lpm6_delete
                0x0000000000471670                rte_lpm6_add
                0x0000000000471f40                rte_lpm6_delete_bulk_func
                0x0000000000472480                rte_lpm6_delete_all
 .text          0x00000000004724d0     0x16b7 /home/vadim/projects/ipaugenblick/dpdk-1.6.0r2/x86_64-default-linuxapp-gcc/lib/librte_power.a(rte_power.o)
                0x0000000000472f10                rte_power_init
                0x00000000004731e0                rte_power_exit
                0x0000000000473360                rte_power_freqs
                0x0000000000473780                rte_power_get_freq
                0x00000000004737e0                rte_power_set_freq
                0x0000000000473890                rte_power_freq_down
                0x0000000000473950                rte_power_freq_up
                0x0000000000473a10                rte_power_freq_max
                0x0000000000473ad0                rte_power_freq_min
 *fill*         0x0000000000473b87        0x9 90909090
 .text          0x0000000000473b90      0x511 /home/vadim/projects/ipaugenblick/dpdk-1.6.0r2/x86_64-default-linuxapp-gcc/lib/librte_meter.a(rte_meter.o)
                0x0000000000473b90                rte_meter_srtcm_config
                0x0000000000473d90                rte_meter_trtcm_config
 *fill*         0x00000000004740a1        0xf 90909090
 .text          0x00000000004740b0     0x39c4 /home/vadim/projects/ipaugenblick/dpdk-1.6.0r2/x86_64-default-linuxapp-gcc/lib/librte_sched.a(rte_sched.o)
                0x0000000000474400                rte_sched_port_get_memory_footprint
                0x0000000000474460                rte_sched_port_config
                0x0000000000474d00                rte_sched_port_free
                0x0000000000474d10                rte_sched_subport_config
                0x0000000000474f90                rte_sched_pipe_config
                0x0000000000475120                rte_sched_subport_read_stats
                0x0000000000475270                rte_sched_queue_read_stats
                0x00000000004752f0                rte_sched_port_enqueue
                0x00000000004765b0                rte_sched_port_dequeue
 *fill*         0x0000000000477a74        0xc 90909090
 .text          0x0000000000477a80      0x213 /home/vadim/projects/ipaugenblick/dpdk-1.6.0r2/x86_64-default-linuxapp-gcc/lib/librte_sched.a(rte_red.o)
                0x0000000000477a80                rte_red_rt_data_init
                0x0000000000477ab0                rte_red_config_init
 *fill*         0x0000000000477c93        0xd 90909090
 .text          0x0000000000477ca0      0x2f3 /home/vadim/projects/ipaugenblick/dpdk-1.6.0r2/x86_64-default-linuxapp-gcc/lib/librte_sched.a(rte_approx.o)
                0x0000000000477ca0                rte_approx
 *fill*         0x0000000000477f93        0xd 90909090
 .text          0x0000000000477fa0      0x46c /home/vadim/projects/ipaugenblick/dpdk-1.6.0r2/x86_64-default-linuxapp-gcc/lib/librte_kvargs.a(rte_kvargs.o)
                0x0000000000477fa0                rte_kvargs_count
                0x0000000000478000                rte_kvargs_process
                0x00000000004780e0                rte_kvargs_free
                0x0000000000478100                rte_kvargs_parse
 *fill*         0x000000000047840c        0x4 90909090
 .text          0x0000000000478410      0x37b /home/vadim/projects/ipaugenblick/dpdk-1.6.0r2/x86_64-default-linuxapp-gcc/lib/librte_mbuf.a(rte_mbuf.o)
                0x0000000000478410                rte_ctrlmbuf_init
                0x00000000004784a0                rte_pktmbuf_pool_init
                0x00000000004784d0                rte_pktmbuf_init
                0x0000000000478590                rte_mbuf_sanity_check
                0x00000000004786c0                rte_pktmbuf_dump
 *fill*         0x000000000047878b        0x5 90909090
 .text          0x0000000000478790     0x2a2b /home/vadim/projects/ipaugenblick/dpdk-1.6.0r2/x86_64-default-linuxapp-gcc/lib/libethdev.a(rte_ethdev.o)
                0x00000000004789d0                rte_eth_dev_allocate
                0x0000000000478bf0                rte_eth_driver_register
                0x0000000000478c00                rte_eth_dev_socket_id
                0x0000000000478c30                rte_eth_dev_count
                0x0000000000478c40                rte_eth_dev_configure
                0x00000000004790a0                rte_eth_dev_start
                0x0000000000479320                rte_eth_dev_stop
                0x0000000000479370                rte_eth_dev_close
                0x00000000004793c0                rte_eth_rx_queue_setup
                0x0000000000479500                rte_eth_tx_queue_setup
                0x0000000000479600                rte_eth_promiscuous_enable
                0x0000000000479640                rte_eth_promiscuous_disable
                0x0000000000479690                rte_eth_promiscuous_get
                0x00000000004796c0                rte_eth_allmulticast_enable
                0x0000000000479700                rte_eth_allmulticast_disable
                0x0000000000479750                rte_eth_allmulticast_get
                0x0000000000479780                rte_eth_link_get
                0x0000000000479810                rte_eth_link_get_nowait
                0x00000000004798a0                rte_eth_stats_get
                0x00000000004799d0                rte_eth_stats_reset
                0x0000000000479a10                rte_eth_dev_set_tx_queue_stats_mapping
                0x0000000000479a60                rte_eth_dev_set_rx_queue_stats_mapping
                0x0000000000479ab0                rte_eth_dev_info_get
                0x0000000000479b30                rte_eth_macaddr_get
                0x0000000000479b60                rte_eth_dev_vlan_filter
                0x0000000000479bc0                rte_eth_dev_set_vlan_strip_on_queue
                0x0000000000479c20                rte_eth_dev_set_vlan_ether_type
                0x0000000000479c70                rte_eth_dev_set_vlan_offload
                0x0000000000479da0                rte_eth_dev_get_vlan_offload
                0x0000000000479df0                rte_eth_dev_fdir_add_signature_filter
                0x0000000000479e80                rte_eth_dev_fdir_update_signature_filter
                0x0000000000479f10                rte_eth_dev_fdir_remove_signature_filter
                0x0000000000479fa0                rte_eth_dev_fdir_get_infos
                0x000000000047a000                rte_eth_dev_fdir_add_perfect_filter
                0x000000000047a0b0                rte_eth_dev_fdir_update_perfect_filter
                0x000000000047a160                rte_eth_dev_fdir_remove_perfect_filter
                0x000000000047a200                rte_eth_dev_fdir_set_masks
                0x000000000047a270                rte_eth_dev_flow_ctrl_set
                0x000000000047a2d0                rte_eth_dev_priority_flow_ctrl_set
                0x000000000047a330                rte_eth_dev_rss_reta_update
                0x000000000047a3e0                rte_eth_dev_rss_reta_query
                0x000000000047a440                rte_eth_led_on
                0x000000000047a490                rte_eth_led_off
                0x000000000047a4e0                rte_eth_dev_mac_addr_add
                0x000000000047a740                rte_eth_dev_mac_addr_remove
                0x000000000047a870                rte_eth_dev_set_vf_rxmode
                0x000000000047a950                rte_eth_dev_uc_hash_table_set
                0x000000000047abe0                rte_eth_dev_uc_all_hash_table_set
                0x000000000047ac30                rte_eth_dev_set_vf_rx
                0x000000000047ad00                rte_eth_dev_set_vf_tx
                0x000000000047add0                rte_eth_dev_set_vf_vlan_filter
                0x000000000047ae40                rte_eth_mirror_rule_set
                0x000000000047aed0                rte_eth_mirror_rule_reset
                0x000000000047af30                rte_eth_dev_callback_register
                0x000000000047b010                rte_eth_dev_callback_unregister
                0x000000000047b100                _rte_eth_dev_callback_process
 *fill*         0x000000000047b1bb        0x5 90909090
 .text          0x000000000047b1c0     0x284a /home/vadim/projects/ipaugenblick/dpdk-1.6.0r2/x86_64-default-linuxapp-gcc/lib/librte_pmd_ring.a(rte_eth_ring.o)
                0x000000000047d2b0                rte_pmd_ring_devinit
                0x000000000047d790                rte_eth_from_rings
                0x000000000047d9f0                rte_eth_ring_pair_create
                0x000000000047da00                rte_eth_ring_pair_attach
 *fill*         0x000000000047da0a        0x6 90909090
 .text          0x000000000047da10     0x10ff /home/vadim/projects/ipaugenblick/dpdk-1.6.0r2/x86_64-default-linuxapp-gcc/lib/librte_malloc.a(rte_malloc.o)
                0x000000000047da10                rte_free
                0x000000000047da60                rte_malloc_socket
                0x000000000047dd90                rte_malloc
                0x000000000047dda0                rte_zmalloc_socket
                0x000000000047dde0                rte_zmalloc
                0x000000000047de30                rte_calloc_socket
                0x000000000047de80                rte_calloc
                0x000000000047ded0                rte_realloc
                0x000000000047e420                rte_malloc_validate
                0x000000000047e470                rte_malloc_get_socket_stats
                0x000000000047e4e0                rte_malloc_dump_stats
                0x000000000047eac0                rte_malloc_set_limit
                0x000000000047ead0                rte_malloc_virt2phy
 *fill*         0x000000000047eb0f        0x1 90909090
 .text          0x000000000047eb10      0x416 /home/vadim/projects/ipaugenblick/dpdk-1.6.0r2/x86_64-default-linuxapp-gcc/lib/librte_malloc.a(malloc_elem.o)
                0x000000000047eb10                malloc_elem_init
                0x000000000047eb40                malloc_elem_mkend
                0x000000000047eb80                malloc_elem_can_hold
                0x000000000047ebb0                malloc_elem_alloc