Archive member included because of file (symbol)

/home/vadim/projects/ipaugenblick/dpdk-1.6.0r2/x86_64-default-linuxapp-gcc/lib/librte_kni.a(rte_kni.o)
                              (--whole-archive)
/home/vadim/projects/ipaugenblick/dpdk-1.6.0r2/x86_64-default-linuxapp-gcc/lib/librte_pmd_e1000.a(e1000_80003es2lan.o)
                              (--whole-archive)
/home/vadim/projects/ipaugenblick/dpdk-1.6.0r2/x86_64-default-linuxapp-gcc/lib/librte_pmd_e1000.a(e1000_82540.o)
                              (--whole-archive)
/home/vadim/projects/ipaugenblick/dpdk-1.6.0r2/x86_64-default-linuxapp-gcc/lib/librte_pmd_e1000.a(e1000_82541.o)
                              (--whole-archive)
/home/vadim/projects/ipaugenblick/dpdk-1.6.0r2/x86_64-default-linuxapp-gcc/lib/librte_pmd_e1000.a(e1000_82542.o)
                              (--whole-archive)
/home/vadim/projects/ipaugenblick/dpdk-1.6.0r2/x86_64-default-linuxapp-gcc/lib/librte_pmd_e1000.a(e1000_82543.o)
                              (--whole-archive)
/home/vadim/projects/ipaugenblick/dpdk-1.6.0r2/x86_64-default-linuxapp-gcc/lib/librte_pmd_e1000.a(e1000_82571.o)
                              (--whole-archive)
/home/vadim/projects/ipaugenblick/dpdk-1.6.0r2/x86_64-default-linuxapp-gcc/lib/librte_pmd_e1000.a(e1000_82575.o)
                              (--whole-archive)
/home/vadim/projects/ipaugenblick/dpdk-1.6.0r2/x86_64-default-linuxapp-gcc/lib/librte_pmd_e1000.a(e1000_i210.o)
                              (--whole-archive)
/home/vadim/projects/ipaugenblick/dpdk-1.6.0r2/x86_64-default-linuxapp-gcc/lib/librte_pmd_e1000.a(e1000_api.o)
                              (--whole-archive)
/home/vadim/projects/ipaugenblick/dpdk-1.6.0r2/x86_64-default-linuxapp-gcc/lib/librte_pmd_e1000.a(e1000_ich8lan.o)
                              (--whole-archive)
/home/vadim/projects/ipaugenblick/dpdk-1.6.0r2/x86_64-default-linuxapp-gcc/lib/librte_pmd_e1000.a(e1000_mac.o)
                              (--whole-archive)
/home/vadim/projects/ipaugenblick/dpdk-1.6.0r2/x86_64-default-linuxapp-gcc/lib/librte_pmd_e1000.a(e1000_manage.o)
                              (--whole-archive)
/home/vadim/projects/ipaugenblick/dpdk-1.6.0r2/x86_64-default-linuxapp-gcc/lib/librte_pmd_e1000.a(e1000_mbx.o)
                              (--whole-archive)
/home/vadim/projects/ipaugenblick/dpdk-1.6.0r2/x86_64-default-linuxapp-gcc/lib/librte_pmd_e1000.a(e1000_nvm.o)
                              (--whole-archive)
/home/vadim/projects/ipaugenblick/dpdk-1.6.0r2/x86_64-default-linuxapp-gcc/lib/librte_pmd_e1000.a(e1000_osdep.o)
                              (--whole-archive)
/home/vadim/projects/ipaugenblick/dpdk-1.6.0r2/x86_64-default-linuxapp-gcc/lib/librte_pmd_e1000.a(e1000_phy.o)
                              (--whole-archive)
/home/vadim/projects/ipaugenblick/dpdk-1.6.0r2/x86_64-default-linuxapp-gcc/lib/librte_pmd_e1000.a(e1000_vf.o)
                              (--whole-archive)
/home/vadim/projects/ipaugenblick/dpdk-1.6.0r2/x86_64-default-linuxapp-gcc/lib/librte_pmd_e1000.a(igb_ethdev.o)
                              (--whole-archive)
/home/vadim/projects/ipaugenblick/dpdk-1.6.0r2/x86_64-default-linuxapp-gcc/lib/librte_pmd_e1000.a(igb_rxtx.o)
                              (--whole-archive)
/home/vadim/projects/ipaugenblick/dpdk-1.6.0r2/x86_64-default-linuxapp-gcc/lib/librte_pmd_e1000.a(igb_pf.o)
                              (--whole-archive)
/home/vadim/projects/ipaugenblick/dpdk-1.6.0r2/x86_64-default-linuxapp-gcc/lib/librte_pmd_e1000.a(em_ethdev.o)
                              (--whole-archive)
/home/vadim/projects/ipaugenblick/dpdk-1.6.0r2/x86_64-default-linuxapp-gcc/lib/librte_pmd_e1000.a(em_rxtx.o)
                              (--whole-archive)
/home/vadim/projects/ipaugenblick/dpdk-1.6.0r2/x86_64-default-linuxapp-gcc/lib/librte_pmd_ixgbe.a(ixgbe_common.o)
                              (--whole-archive)
/home/vadim/projects/ipaugenblick/dpdk-1.6.0r2/x86_64-default-linuxapp-gcc/lib/librte_pmd_ixgbe.a(ixgbe_82598.o)
                              (--whole-archive)
/home/vadim/projects/ipaugenblick/dpdk-1.6.0r2/x86_64-default-linuxapp-gcc/lib/librte_pmd_ixgbe.a(ixgbe_82599.o)
                              (--whole-archive)
/home/vadim/projects/ipaugenblick/dpdk-1.6.0r2/x86_64-default-linuxapp-gcc/lib/librte_pmd_ixgbe.a(ixgbe_x540.o)
                              (--whole-archive)
/home/vadim/projects/ipaugenblick/dpdk-1.6.0r2/x86_64-default-linuxapp-gcc/lib/librte_pmd_ixgbe.a(ixgbe_phy.o)
                              (--whole-archive)
/home/vadim/projects/ipaugenblick/dpdk-1.6.0r2/x86_64-default-linuxapp-gcc/lib/librte_pmd_ixgbe.a(ixgbe_api.o)
                              (--whole-archive)
/home/vadim/projects/ipaugenblick/dpdk-1.6.0r2/x86_64-default-linuxapp-gcc/lib/librte_pmd_ixgbe.a(ixgbe_vf.o)
                              (--whole-archive)
/home/vadim/projects/ipaugenblick/dpdk-1.6.0r2/x86_64-default-linuxapp-gcc/lib/librte_pmd_ixgbe.a(ixgbe_dcb.o)
[...]
Memory Configuration

Name             Origin             Length             Attributes
*default*        0x0000000000000000 0xffffffffffffffff

Linker script and memory map

LOAD /usr/lib/gcc/x86_64-linux-gnu/4.6/../../../x86_64-linux-gnu/crt1.o
LOAD /usr/lib/gcc/x86_64-linux-gnu/4.6/../../../x86_64-linux-gnu/crti.o
LOAD /usr/lib/gcc/x86_64-linux-gnu/4.6/crtbegin.o
LOAD cmdline_test.o
LOAD commands.o
LOAD /home/vadim/projects/ipaugenblick/dpdk-1.6.0r2/x86_64-default-linuxapp-gcc/lib/librte_kni.a
LOAD /home/vadim/projects/ipaugenblick/dpdk-1.6.0r2/x86_64-default-linuxapp-gcc/lib/librte_pmd_e1000.a
LOAD /home/vadim/projects/ipaugenblick/dpdk-1.6.0r2/x86_64-default-linuxapp-gcc/lib/librte_pmd_ixgbe.a
LOAD /home/vadim/projects/ipaugenblick/dpdk-1.6.0r2/x86_64-default-linuxapp-gcc/lib/librte_pmd_virtio_uio.a
LOAD /home/vadim/projects/ipaugenblick/dpdk-1.6.0r2/x86_64-default-linuxapp-gcc/lib/librte_pmd_vmxnet3_uio.a
LOAD /home/vadim/projects/ipaugenblick/dpdk-1.6.0r2/x86_64-default-linuxapp-gcc/lib/librte_timer.a
LOAD /home/vadim/projects/ipaugenblick/dpdk-1.6.0r2/x86_64-default-linuxapp-gcc/lib/librte_hash.a
LOAD /home/vadim/projects/ipaugenblick/dpdk-1.6.0r2/x86_64-default-linuxapp-gcc/lib/librte_lpm.a
LOAD /home/vadim/projects/ipaugenblick/dpdk-1.6.0r2/x86_64-default-linuxapp-gcc/lib/librte_power.a
LOAD /home/vadim/projects/ipaugenblick/dpdk-1.6.0r2/x86_64-default-linuxapp-gcc/lib/librte_meter.a
LOAD /home/vadim/projects/ipaugenblick/dpdk-1.6.0r2/x86_64-default-linuxapp-gcc/lib/librte_sched.a
LOAD /usr/lib/gcc/x86_64-linux-gnu/4.6/../../../x86_64-linux-gnu/libm.so
LOAD /usr/lib/gcc/x86_64-linux-gnu/4.6/../../../x86_64-linux-gnu/librt.so
START GROUP
LOAD /home/vadim/projects/ipaugenblick/dpdk-1.6.0r2/x86_64-default-linuxapp-gcc/lib/librte_kvargs.a
LOAD /home/vadim/projects/ipaugenblick/dpdk-1.6.0r2/x86_64-default-linuxapp-gcc/lib/librte_mbuf.a
LOAD /home/vadim/projects/ipaugenblick/dpdk-1.6.0r2/x86_64-default-linuxapp-gcc/lib/libethdev.a
LOAD /home/vadim/projects/ipaugenblick/dpdk-1.6.0r2/x86_64-default-linuxapp-gcc/lib/librte_pmd_ring.a
LOAD /home/vadim/projects/ipaugenblick/dpdk-1.6.0r2/x86_64-default-linuxapp-gcc/lib/librte_malloc.a
LOAD /home/vadim/projects/ipaugenblick/dpdk-1.6.0r2/x86_64-default-linuxapp-gcc/lib/librte_mempool.a
LOAD /home/vadim/projects/ipaugenblick/dpdk-1.6.0r2/x86_64-default-linuxapp-gcc/lib/librte_ring.a
LOAD /home/vadim/projects/ipaugenblick/dpdk-1.6.0r2/x86_64-default-linuxapp-gcc/lib/librte_eal.a
LOAD /home/vadim/projects/ipaugenblick/dpdk-1.6.0r2/x86_64-default-linuxapp-gcc/lib/librte_cmdline.a
LOAD /usr/lib/gcc/x86_64-linux-gnu/4.6/../../../x86_64-linux-gnu/librt.so
LOAD /usr/lib/gcc/x86_64-linux-gnu/4.6/../../../x86_64-linux-gnu/libm.so
LOAD /usr/lib/gcc/x86_64-linux-gnu/4.6/../../../x86_64-linux-gnu/libdl.so
END GROUP
LOAD /usr/lib/gcc/x86_64-linux-gnu/4.6/libgcc.a
LOAD /usr/lib/gcc/x86_64-linux-gnu/4.6/libgcc_s.so
LOAD /usr/lib/gcc/x86_64-linux-gnu/4.6/../../../x86_64-linux-gnu/libpthread.so
START GROUP
LOAD /lib/x86_64-linux-gnu/libpthread.so.0
LOAD /usr/lib/x86_64-linux-gnu/libpthread_nonshared.a
END GROUP
LOAD /usr/lib/gcc/x86_64-linux-gnu/4.6/../../../x86_64-linux-gnu/libc.so
START GROUP
LOAD /lib/x86_64-linux-gnu/libc.so.6
LOAD /usr/lib/x86_64-linux-gnu/libc_nonshared.a
LOAD /lib/x86_64-linux-gnu/ld-linux-x86-64.so.2
END GROUP
LOAD /usr/lib/gcc/x86_64-linux-gnu/4.6/libgcc.a
LOAD /usr/lib/gcc/x86_64-linux-gnu/4.6/libgcc_s.so
LOAD /usr/lib/gcc/x86_64-linux-gnu/4.6/crtend.o
LOAD /usr/lib/gcc/x86_64-linux-gnu/4.6/../../../x86_64-linux-gnu/crtn.o
                0x0000000000400000                PROVIDE (__executable_start, 0x400000)
                0x0000000000400270                . = (0x400000 + SIZEOF_HEADERS)

.interp         0x0000000000400270       0x1c
 *(.interp)
 .interp        0x0000000000400270       0x1c /usr/lib/gcc/x86_64-linux-gnu/4.6/../../../x86_64-linux-gnu/crt1.o

.note.ABI-tag   0x000000000040028c       0x20
 .note.ABI-tag  0x000000000040028c       0x20 /usr/lib/gcc/x86_64-linux-gnu/4.6/../../../x86_64-linux-gnu/crt1.o

.note.gnu.build-id
                0x00000000004002ac       0x24
 *(.note.gnu.build-id)
 .note.gnu.build-id
                0x00000000004002ac       0x24 /usr/lib/gcc/x86_64-linux-gnu/4.6/../../../x86_64-linux-gnu/crt1.o

.hash
 *(.hash)

.gnu.hash       0x00000000004002d0     0x250c
 *(.gnu.hash)
 .gnu.hash      0x00000000004002d0     0x250c /usr/lib/gcc/x86_64-linux-gnu/4.6/../../../x86_64-linux-gnu/crt1.o

.dynsym         0x00000000004027e0     0x6f90
 *(.dynsym)
 .dynsym        0x00000000004027e0     0x6f90 /usr/lib/gcc/x86_64-linux-gnu/4.6/../../../x86_64-linux-gnu/crt1.o

.dynstr         0x0000000000409770     0x680d
 *(.dynstr)
 .dynstr        0x0000000000409770     0x680d /usr/lib/gcc/x86_64-linux-gnu/4.6/../../../x86_64-linux-gnu/crt1.o

.gnu.version    0x000000000040ff7e      0x94c
 *(.gnu.version)
 .gnu.version   0x000000000040ff7e      0x94c /usr/lib/gcc/x86_64-linux-gnu/4.6/../../../x86_64-linux-gnu/crt1.o

.gnu.version_d  0x00000000004108d0        0x0
 *(.gnu.version_d)
 .gnu.version_d
                0x0000000000000000        0x0 /usr/lib/gcc/x86_64-linux-gnu/4.6/../../../x86_64-linux-gnu/crt1.o

.gnu.version_r  0x00000000004108d0      0x100
 *(.gnu.version_r)
 .gnu.version_r
                0x00000000004108d0      0x100 /usr/lib/gcc/x86_64-linux-gnu/4.6/../../../x86_64-linux-gnu/crt1.o

.rela.dyn       0x00000000004109d0       0xc0
 *(.rela.init)
 *(.rela.text .rela.text.* .rela.gnu.linkonce.t.*)
 .rela.text     0x0000000000000000        0x0 /usr/lib/gcc/x86_64-linux-gnu/4.6/../../../x86_64-linux-gnu/crt1.o
 .rela.text.startup
                0x0000000000000000        0x0 /usr/lib/gcc/x86_64-linux-gnu/4.6/../../../x86_64-linux-gnu/crt1.o
 .rela.text.unlikely
                0x0000000000000000        0x0 /usr/lib/gcc/x86_64-linux-gnu/4.6/../../../x86_64-linux-gnu/crt1.o
 *(.rela.fini)
 *(.rela.rodata .rela.rodata.* .rela.gnu.linkonce.r.*)
 *(.rela.data .rela.data.* .rela.gnu.linkonce.d.*)
 .rela.data     0x0000000000000000        0x0 /usr/lib/gcc/x86_64-linux-gnu/4.6/../../../x86_64-linux-gnu/crt1.o
 *(.rela.tdata .rela.tdata.* .rela.gnu.linkonce.td.*)
 *(.rela.tbss .rela.tbss.* .rela.gnu.linkonce.tb.*)
 *(.rela.ctors)
 *(.rela.dtors)
 *(.rela.got)
 .rela.got      0x00000000004109d0       0x48 /usr/lib/gcc/x86_64-linux-gnu/4.6/../../../x86_64-linux-gnu/crt1.o
 *(.rela.bss .rela.bss.* .rela.gnu.linkonce.b.*)
 .rela.bss      0x0000000000410a18       0x78 /usr/lib/gcc/x86_64-linux-gnu/4.6/../../../x86_64-linux-gnu/crt1.o
 *(.rela.ldata .rela.ldata.* .rela.gnu.linkonce.l.*)
 *(.rela.lbss .rela.lbss.* .rela.gnu.linkonce.lb.*)
 *(.rela.lrodata .rela.lrodata.* .rela.gnu.linkonce.lr.*)
 *(.rela.ifunc)

.rela.plt       0x0000000000410a90      0xa08
 *(.rela.plt)
 .rela.plt      0x0000000000410a90      0xa08 /usr/lib/gcc/x86_64-linux-gnu/4.6/../../../x86_64-linux-gnu/crt1.o
                0x0000000000411498                PROVIDE (__rela_iplt_start, .)
 *(.rela.iplt)
 .rela.iplt     0x0000000000000000        0x0 /usr/lib/gcc/x86_64-linux-gnu/4.6/../../../x86_64-linux-gnu/crt1.o
                0x0000000000411498                PROVIDE (__rela_iplt_end, .)

.init           0x0000000000411498       0x18
 *(.init)
 .init          0x0000000000411498        0x9 /usr/lib/gcc/x86_64-linux-gnu/4.6/../../../x86_64-linux-gnu/crti.o
                0x0000000000411498                _init
 .init          0x00000000004114a1        0x5 /usr/lib/gcc/x86_64-linux-gnu/4.6/crtbegin.o
 .init          0x00000000004114a6        0x5 /usr/lib/gcc/x86_64-linux-gnu/4.6/crtend.o
 .init          0x00000000004114ab        0x5 /usr/lib/gcc/x86_64-linux-gnu/4.6/../../../x86_64-linux-gnu/crtn.o

.plt            0x00000000004114b0      0x6c0
 *(.plt)
 .plt           0x00000000004114b0      0x6c0 /usr/lib/gcc/x86_64-linux-gnu/4.6/../../../x86_64-linux-gnu/crt1.o
                0x00000000004114c0                getenv@@GLIBC_2.2.5
                0x00000000004114d0                free@@GLIBC_2.2.5
                0x00000000004114e0                putchar@@GLIBC_2.2.5
                0x00000000004114f0                pthread_create@@GLIBC_2.2.5
                0x0000000000411500                __vfprintf_chk@@GLIBC_2.3.4
                0x0000000000411510                abort@@GLIBC_2.2.5
                0x0000000000411520                __errno_location@@GLIBC_2.2.5
                0x0000000000411530                mlock@@GLIBC_2.2.5
                0x0000000000411540                unlink@@GLIBC_2.2.5
                0x0000000000411550                strncpy@@GLIBC_2.2.5
                0x0000000000411560                strncmp@@GLIBC_2.2.5
                0x0000000000411570                fopencookie@@GLIBC_2.2.5
                0x0000000000411580                __read_chk@@GLIBC_2.4
                0x0000000000411590                unlinkat@@GLIBC_2.4
                0x00000000004115a0                puts@@GLIBC_2.2.5
                0x00000000004115b0                backtrace_symbols@@GLIBC_2.2.5
                0x00000000004115c0                __xpg_strerror_r@@GLIBC_2.3.4
                0x00000000004115d0                fcntl@@GLIBC_2.2.5
                0x00000000004115e0                write@@GLIBC_2.2.5
                0x00000000004115f0                fclose@@GLIBC_2.2.5
                0x0000000000411600                opendir@@GLIBC_2.2.5
                0x0000000000411610                strlen@@GLIBC_2.2.5
                0x0000000000411620                backtrace@@GLIBC_2.2.5
                0x0000000000411630                openat@@GLIBC_2.4
                0x0000000000411640                __stack_chk_fail@@GLIBC_2.4
                0x0000000000411650                getuid@@GLIBC_2.2.5
                0x0000000000411660                mmap@@GLIBC_2.2.5
                0x0000000000411670                getopt_long@@GLIBC_2.2.5
                0x0000000000411680                setbuf@@GLIBC_2.2.5
                0x0000000000411690                pthread_setaffinity_np@@GLIBC_2.3.4
                0x00000000004116a0                strchr@@GLIBC_2.2.5
                0x00000000004116b0                snprintf@@GLIBC_2.2.5
                0x00000000004116c0                nanosleep@@GLIBC_2.2.5
                0x00000000004116d0                strrchr@@GLIBC_2.2.5
                0x00000000004116e0                ftruncate@@GLIBC_2.2.5
                0x00000000004116f0                gettimeofday@@GLIBC_2.2.5
                0x0000000000411700                iopl@@GLIBC_2.2.5
                0x0000000000411710                fputs@@GLIBC_2.2.5
                0x0000000000411720                fnmatch@@GLIBC_2.2.5
                0x0000000000411730                memset@@GLIBC_2.2.5
                0x0000000000411740                fscanf@@GLIBC_2.2.5
                0x0000000000411750                ioctl@@GLIBC_2.2.5
                0x0000000000411760                index@@GLIBC_2.2.5
                0x0000000000411770                strnlen@@GLIBC_2.2.5
                0x0000000000411780                close@@GLIBC_2.2.5
                0x0000000000411790                pipe@@GLIBC_2.2.5
                0x00000000004117a0                closedir@@GLIBC_2.2.5
                0x00000000004117b0                epoll_ctl@@GLIBC_2.3.2
                0x00000000004117c0                __strdup@@GLIBC_2.2.5
                0x00000000004117d0                read@@GLIBC_2.2.5
                0x00000000004117e0                __libc_start_main@@GLIBC_2.2.5
                0x00000000004117f0                memcmp@@GLIBC_2.2.5
                0x0000000000411800                fgets@@GLIBC_2.2.5
                0x0000000000411810                strtoull@@GLIBC_2.2.5
                0x0000000000411820                __vdprintf_chk@@GLIBC_2.8
                0x0000000000411830                __fxstat64@@GLIBC_2.2.5
                0x0000000000411840                strcmp@@GLIBC_2.2.5
                0x0000000000411850                dirfd@@GLIBC_2.2.5
                0x0000000000411860                __strndup@@GLIBC_2.2.5
                0x0000000000411870                __memcpy_chk@@GLIBC_2.3.4
                0x0000000000411880                fopen64@@GLIBC_2.2.5
                0x0000000000411890                timerfd_create@@GLIBC_2.8
                0x00000000004118a0                strtol@@GLIBC_2.2.5
                0x00000000004118b0                memcpy@@GLIBC_2.14
                0x00000000004118c0                __xmknod@@GLIBC_2.2.5
                0x00000000004118d0                fileno@@GLIBC_2.2.5
                0x00000000004118e0                readdir@@GLIBC_2.2.5
                0x00000000004118f0                dlopen@@GLIBC_2.2.5
                0x0000000000411900                mmap64@@GLIBC_2.2.5
                0x0000000000411910                malloc@@GLIBC_2.2.5
                0x0000000000411920                strncasecmp@@GLIBC_2.2.5
                0x0000000000411930                fflush@@GLIBC_2.2.5
                0x0000000000411940                __sched_cpufree@@GLIBC_2.7
                0x0000000000411950                clock_gettime@@GLIBC_2.2.5
                0x0000000000411960                lrand48@@GLIBC_2.2.5
                0x0000000000411970                fseek@@GLIBC_2.2.5
                0x0000000000411980                __sched_cpualloc@@GLIBC_2.7
                0x0000000000411990                __vsnprintf_chk@@GLIBC_2.3.4
                0x00000000004119a0                srand48@@GLIBC_2.2.5
                0x00000000004119b0                munmap@@GLIBC_2.2.5
                0x00000000004119c0                ftruncate64@@GLIBC_2.2.5
                0x00000000004119d0                __printf_chk@@GLIBC_2.3.4
                0x00000000004119e0                epoll_wait@@GLIBC_2.3.2
                0x00000000004119f0                open64@@GLIBC_2.2.5
                0x0000000000411a00                __syslog_chk@@GLIBC_2.4
                0x0000000000411a10                pthread_self@@GLIBC_2.2.5
                0x0000000000411a20                tcgetattr@@GLIBC_2.2.5
                0x0000000000411a30                tcsetattr@@GLIBC_2.2.5
                0x0000000000411a40                open@@GLIBC_2.2.5
                0x0000000000411a50                access@@GLIBC_2.2.5
                0x0000000000411a60                fopen@@GLIBC_2.2.5
                0x0000000000411a70                sysconf@@GLIBC_2.2.5
                0x0000000000411a80                strtoul@@GLIBC_2.2.5
                0x0000000000411a90                timerfd_settime@@GLIBC_2.8
                0x0000000000411aa0                flock@@GLIBC_2.2.5
                0x0000000000411ab0                openlog@@GLIBC_2.2.5
                0x0000000000411ac0                getpagesize@@GLIBC_2.2.5
                0x0000000000411ad0                epoll_create@@GLIBC_2.3.2
                0x0000000000411ae0                exit@@GLIBC_2.2.5
                0x0000000000411af0                fwrite@@GLIBC_2.2.5
                0x0000000000411b00                lseek64@@GLIBC_2.2.5
                0x0000000000411b10                __fprintf_chk@@GLIBC_2.3.4
                0x0000000000411b20                strerror@@GLIBC_2.2.5
                0x0000000000411b30                sleep@@GLIBC_2.2.5
                0x0000000000411b40                strstr@@GLIBC_2.2.5
                0x0000000000411b50                dlerror@@GLIBC_2.2.5
                0x0000000000411b60                __ctype_b_loc@@GLIBC_2.3
 *(.iplt)
 .iplt          0x0000000000000000        0x0 /usr/lib/gcc/x86_64-linux-gnu/4.6/../../../x86_64-linux-gnu/crt1.o

.text           0x0000000000411b70    0x80718
 *(.text.unlikely .text.*_unlikely)
 .text.unlikely
                0x0000000000411b70       0x17 /home/vadim/projects/ipaugenblick/dpdk-1.6.0r2/x86_64-default-linuxapp-gcc/lib/librte_kni.a(rte_kni.o)
 .text.unlikely
                0x0000000000411b87      0x61f /home/vadim/projects/ipaugenblick/dpdk-1.6.0r2/x86_64-default-linuxapp-gcc/lib/librte_sched.a(rte_sched.o)
 .text.unlikely
                0x00000000004121a6       0xc6 /home/vadim/projects/ipaugenblick/dpdk-1.6.0r2/x86_64-default-linuxapp-gcc/lib/librte_eal.a(eal_debug.o)
                0x00000000004121a6                __rte_panic
 .text.unlikely
                0x000000000041226c       0x8a /home/vadim/projects/ipaugenblick/dpdk-1.6.0r2/x86_64-default-linuxapp-gcc/lib/librte_eal.a(eal_common_log.o)
                0x000000000041226c                rte_log
 *(.text.exit .text.exit.*)
 *(.text.startup .text.startup.*)
 *fill*         0x00000000004122f6        0xa 90909090
 .text.startup  0x0000000000412300       0x31 cmdline_test.o
                0x0000000000412300                main
 *fill*         0x0000000000412331        0xf 90909090
 .text.startup  0x0000000000412340        0xa /home/vadim/projects/ipaugenblick/dpdk-1.6.0r2/x86_64-default-linuxapp-gcc/lib/librte_pmd_ring.a(rte_eth_ring.o)
 *fill*         0x000000000041234a        0x6 90909090
 .text.startup  0x0000000000412350      0x1dc /home/vadim/projects/ipaugenblick/dpdk-1.6.0r2/x86_64-default-linuxapp-gcc/lib/librte_eal.a(eal_common_cpuflags.o)
                0x0000000000412350                rte_cpu_check_supported
 *(.text.hot .text.hot.*)
 *(.text .stub .text.* .gnu.linkonce.t.*)
 .text          0x000000000041252c       0x2c /usr/lib/gcc/x86_64-linux-gnu/4.6/../../../x86_64-linux-gnu/crt1.o
                0x000000000041252c                _start
 .text          0x0000000000412558       0x17 /usr/lib/gcc/x86_64-linux-gnu/4.6/../../../x86_64-linux-gnu/crti.o
 *fill*         0x000000000041256f        0x1 90909090
 .text          0x0000000000412570       0x92 /usr/lib/gcc/x86_64-linux-gnu/4.6/crtbegin.o
 *fill*         0x0000000000412602        0x2 90909090
 .text          0x0000000000412604        0x0 cmdline_test.o
 *fill*         0x0000000000412604        0xc 90909090
 .text          0x0000000000412610       0xb8 commands.o
 *fill*         0x00000000004126c8        0x8 90909090
 .text          0x00000000004126d0     0x1d38 /home/vadim/projects/ipaugenblick/dpdk-1.6.0r2/x86_64-default-linuxapp-gcc/lib/librte_kni.a(rte_kni.o)
                0x0000000000413320                rte_kni_alloc
                0x0000000000413b20                rte_kni_create
                0x0000000000413c50                rte_kni_release
                0x0000000000413e80                rte_kni_handle_request
                0x0000000000413ff0                rte_kni_tx_burst
                0x0000000000414110                rte_kni_rx_burst
                0x0000000000414170                rte_kni_get_port_id
                0x0000000000414180                rte_kni_get
                0x0000000000414200                rte_kni_info_get
                0x00000000004142a0                rte_kni_register_handlers
                0x0000000000414390                rte_kni_unregister_handlers
                0x00000000004143e0                rte_kni_close
 *fill*         0x0000000000414408        0x8 90909090
 .text          0x0000000000414410     0x1ddf /home/vadim/projects/ipaugenblick/dpdk-1.6.0r2/x86_64-default-linuxapp-gcc/lib/librte_pmd_e1000.a(e1000_80003es2lan.o)
                0x00000000004161d0                e1000_init_function_pointers_80003es2lan
 *fill*         0x00000000004161ef        0x1 90909090
 .text          0x00000000004161f0      0x9af /home/vadim/projects/ipaugenblick/dpdk-1.6.0r2/x86_64-default-linuxapp-gcc/lib/librte_pmd_e1000.a(e1000_82540.o)
                0x0000000000416b80                e1000_init_function_pointers_82540
 *fill*         0x0000000000416b9f        0x1 90909090
 .text          0x0000000000416ba0     0x1457 /home/vadim/projects/ipaugenblick/dpdk-1.6.0r2/x86_64-default-linuxapp-gcc/lib/librte_pmd_e1000.a(e1000_82541.o)
                0x0000000000417fc0                e1000_init_function_pointers_82541
                0x0000000000417fe0                e1000_init_script_state_82541
 *fill*         0x0000000000417ff7        0x9 90909090
 .text          0x0000000000418000      0x8d6 /home/vadim/projects/ipaugenblick/dpdk-1.6.0r2/x86_64-default-linuxapp-gcc/lib/librte_pmd_e1000.a(e1000_82542.o)
                0x0000000000418650                e1000_init_function_pointers_82542
                0x0000000000418670                e1000_translate_register_82542
 *fill*         0x00000000004188d6        0xa 90909090
 .text          0x00000000004188e0     0x1bf1 /home/vadim/projects/ipaugenblick/dpdk-1.6.0r2/x86_64-default-linuxapp-gcc/lib/librte_pmd_e1000.a(e1000_82543.o)
                0x000000000041a330                e1000_init_function_pointers_82543
                0x000000000041a350                e1000_set_tbi_compatibility_82543
                0x000000000041a380                e1000_tbi_sbp_enabled_82543
                0x000000000041a3a0                e1000_tbi_adjust_stats_82543
 *fill*         0x000000000041a4d1        0xf 90909090
 .text          0x000000000041a4e0     0x1e24 /home/vadim/projects/ipaugenblick/dpdk-1.6.0r2/x86_64-default-linuxapp-gcc/lib/librte_pmd_e1000.a(e1000_82571.o)
                0x000000000041c210                e1000_init_function_pointers_82571
                0x000000000041c230                e1000_check_phy_82574
                0x000000000041c2b0                e1000_get_laa_state_82571
                0x000000000041c2d0                e1000_set_laa_state_82571
 *fill*         0x000000000041c304        0xc 90909090
 .text          0x000000000041c310     0x3fb6 /home/vadim/projects/ipaugenblick/dpdk-1.6.0r2/x86_64-default-linuxapp-gcc/lib/librte_pmd_e1000.a(e1000_82575.o)
                0x000000000041c310                e1000_init_nvm_params_82575
                0x000000000041f180                e1000_init_function_pointers_82575
                0x000000000041f1b0                e1000_rx_fifo_flush_82575
                0x000000000041f530                e1000_vmdq_set_anti_spoofing_pf
                0x000000000041f590                e1000_vmdq_set_loopback_pf
                0x000000000041f600                e1000_vmdq_set_replication_pf
                0x000000000041f630                e1000_rxpbs_adjust_82580
                0x000000000041f650                e1000_read_emi_reg
                0x000000000041f6b0                e1000_set_eee_i350
                0x000000000041f730                e1000_set_eee_i354
                0x000000000041f890                e1000_get_eee_status_i354
                0x000000000041f8f0                e1000_set_i2c_bb
                0x000000000041f920                e1000_i2c_bus_clear
                0x000000000041fc70                e1000_write_i2c_byte_generic
                0x000000000041fd70                e1000_read_i2c_byte_generic
 *fill*         0x00000000004202c6        0xa 90909090
 .text          0x00000000004202d0      0xf90 /home/vadim/projects/ipaugenblick/dpdk-1.6.0r2/x86_64-default-linuxapp-gcc/lib/librte_pmd_e1000.a(e1000_i210.o)
                0x00000000004202d0                e1000_read_nvm_srrd_i210
                0x0000000000420500                e1000_validate_nvm_checksum_i210
                0x00000000004206d0                e1000_write_nvm_srwr_i210
                0x0000000000420c80                e1000_update_nvm_checksum_i210
                0x0000000000420de0                e1000_acquire_swfw_sync_i210
                0x0000000000420e70                e1000_release_swfw_sync_i210
                0x0000000000420ec0                e1000_read_invm_version
                0x0000000000421020                e1000_get_flash_presence_i210
                0x0000000000421040                e1000_update_flash_i210
                0x00000000004210c0                e1000_init_function_pointers_i210
                0x00000000004210e0                e1000_read_xmdio_reg
                0x00000000004211a0                e1000_write_xmdio_reg
 .text          0x0000000000421260      0xec2 /home/vadim/projects/ipaugenblick/dpdk-1.6.0r2/x86_64-default-linuxapp-gcc/lib/librte_pmd_e1000.a(e1000_api.o)
                0x0000000000421260                e1000_init_mac_params
                0x0000000000421280                e1000_init_nvm_params
                0x00000000004212a0                e1000_init_phy_params
                0x00000000004212c0                e1000_init_mbx_params
                0x00000000004212e0                e1000_set_mac_type
                0x0000000000421970                e1000_setup_init_funcs
                0x0000000000421b00                e1000_get_bus_info
                0x0000000000421b20                e1000_clear_vfta
                0x0000000000421b40                e1000_write_vfta
                0x0000000000421b60                e1000_update_mc_addr_list
                0x0000000000421b80                e1000_force_mac_fc
                0x0000000000421b90                e1000_check_for_link
                0x0000000000421bb0                e1000_check_mng_mode
                0x0000000000421bd0                e1000_mng_write_dhcp_info
                0x0000000000421be0                e1000_reset_hw
                0x0000000000421c00                e1000_init_hw
                0x0000000000421c20                e1000_setup_link
                0x0000000000421c40                e1000_get_speed_and_duplex
                0x0000000000421c60                e1000_setup_led
                0x0000000000421c80                e1000_cleanup_led
                0x0000000000421ca0                e1000_blink_led
                0x0000000000421cc0                e1000_id_led_init
                0x0000000000421ce0                e1000_led_on
                0x0000000000421d00                e1000_led_off
                0x0000000000421d20                e1000_reset_adaptive
                0x0000000000421d30                e1000_update_adaptive
                0x0000000000421d40                e1000_disable_pcie_master
                0x0000000000421d50                e1000_config_collision_dist
                0x0000000000421d70                e1000_rar_set
                0x0000000000421d90                e1000_validate_mdi_setting
                0x0000000000421db0                e1000_hash_mc_addr
                0x0000000000421dc0                e1000_enable_tx_pkt_filtering
                0x0000000000421dd0                e1000_mng_host_if_write
                0x0000000000421de0                e1000_mng_write_cmd_header
                0x0000000000421df0                e1000_mng_enable_host_if
                0x0000000000421e00                e1000_check_reset_block
                0x0000000000421e20                e1000_read_phy_reg
                0x0000000000421e40                e1000_write_phy_reg
                0x0000000000421e60                e1000_release_phy
                0x0000000000421e80                e1000_acquire_phy
                0x0000000000421ea0                e1000_cfg_on_link_up
                0x0000000000421ec0                e1000_read_kmrn_reg
                0x0000000000421ed0                e1000_write_kmrn_reg
                0x0000000000421ee0                e1000_get_cable_length
                0x0000000000421f00                e1000_get_phy_info
                0x0000000000421f20                e1000_phy_hw_reset
                0x0000000000421f40                e1000_phy_commit
                0x0000000000421f60                e1000_set_d0_lplu_state
                0x0000000000421f80                e1000_set_d3_lplu_state
                0x0000000000421fa0                e1000_read_mac_addr
                0x0000000000421fc0                e1000_read_pba_string
                0x0000000000421fd0                e1000_read_pba_length
                0x0000000000421fe0                e1000_read_pba_num
                0x0000000000421ff0                e1000_validate_nvm_checksum
                0x0000000000422010                e1000_update_nvm_checksum
                0x0000000000422030                e1000_reload_nvm
                0x0000000000422050                e1000_read_nvm
                0x0000000000422070                e1000_write_nvm
                0x0000000000422090                e1000_write_8bit_ctrl_reg
                0x00000000004220a0                e1000_power_up_phy
                0x00000000004220d0                e1000_power_down_phy
                0x00000000004220f0                e1000_power_up_fiber_serdes_link
                0x0000000000422110                e1000_shutdown_fiber_serdes_link
 *fill*         0x0000000000422122        0xe 90909090
 .text          0x0000000000422130     0x51fa /home/vadim/projects/ipaugenblick/dpdk-1.6.0r2/x86_64-default-linuxapp-gcc/lib/librte_pmd_e1000.a(e1000_ich8lan.o)
                0x00000000004243a0                e1000_toggle_lanphypc_pch_lpt
                0x0000000000424860                e1000_read_emi_reg_locked
                0x00000000004248c0                e1000_write_emi_reg_locked
                0x0000000000424920                e1000_set_eee_pchlan
                0x0000000000424b00                e1000_enable_ulp_lpt_lp
                0x0000000000424ce0                e1000_disable_ulp_lpt_lp
                0x0000000000425060                e1000_init_function_pointers_ich8lan
                0x00000000004250b0                e1000_configure_k1_ich8lan
                0x0000000000426320                e1000_copy_rx_addrs_to_phy_ich8lan
                0x00000000004264b0                e1000_lv_jumbo_workaround_ich8lan
                0x0000000000426d60                e1000_set_kmrn_lock_loss_workaround_ich8lan
                0x0000000000426d80                e1000_igp3_phy_powerdown_workaround_ich8lan
                0x0000000000426eb0                e1000_gig_downshift_workaround_ich8lan
                0x0000000000426f30                e1000_suspend_workarounds_ich8lan
                0x0000000000427220                e1000_resume_workarounds_pchlan
 *fill*         0x000000000042732a        0x6 90909090
 .text          0x0000000000427330     0x1e0a /home/vadim/projects/ipaugenblick/dpdk-1.6.0r2/x86_64-default-linuxapp-gcc/lib/librte_pmd_e1000.a(e1000_mac.o)
                0x0000000000427330                e1000_null_ops_generic
                0x0000000000427340                e1000_null_mac_generic
                0x0000000000427350                e1000_null_link_info
                0x0000000000427360                e1000_null_mng_mode
                0x0000000000427370                e1000_null_update_mc
                0x0000000000427380                e1000_null_write_vfta
                0x0000000000427460                e1000_setup_led_generic
                0x0000000000427500                e1000_init_mac_ops_generic
                0x00000000004275e0                e1000_null_rar_set
                0x00000000004275f0                e1000_get_bus_info_pci_generic
                0x00000000004276b0                e1000_get_bus_info_pcie_generic
                0x0000000000427750                e1000_set_lan_id_multi_port_pci
                0x0000000000427790                e1000_set_lan_id_single_port
                0x00000000004277a0                e1000_clear_vfta_generic
                0x00000000004277d0                e1000_write_vfta_generic
                0x00000000004277f0                e1000_init_rx_addrs_generic
                0x0000000000427880                e1000_check_alt_mac_addr_generic
                0x0000000000427a30                e1000_hash_mc_addr_generic
                0x0000000000427ac0                e1000_update_mc_addr_list_generic
                0x0000000000427c90                e1000_pcix_mmrbc_workaround_generic
                0x0000000000427d20                e1000_clear_hw_cntrs_base_generic
                0x0000000000427e10                e1000_set_default_fc_generic
                0x0000000000427ea0                e1000_setup_link_generic
                0x0000000000427f60                e1000_commit_fc_settings_generic
                0x0000000000427fb0                e1000_poll_fiber_serdes_link_generic
                0x0000000000428010                e1000_setup_fiber_serdes_link_generic
                0x0000000000428110                e1000_set_fc_watermarks_generic
                0x0000000000428160                e1000_force_mac_fc_generic
                0x00000000004281d0                e1000_config_fc_after_link_up_generic
                0x00000000004285c0                e1000_check_for_serdes_link_generic
                0x0000000000428720                e1000_check_for_fiber_link_generic
                0x00000000004287b0                e1000_check_for_copper_link_generic
                0x0000000000428830                e1000_get_speed_and_duplex_copper_generic
                0x0000000000428870                e1000_get_speed_and_duplex_fiber_serdes_generic
                0x0000000000428880                e1000_get_hw_semaphore_generic
                0x0000000000428920                e1000_put_hw_semaphore_generic
                0x0000000000428940                e1000_get_auto_rd_done_generic
                0x0000000000428a50                e1000_valid_led_default_generic
                0x0000000000428a90                e1000_id_led_init_generic
                0x0000000000428d60                e1000_cleanup_led_generic
                0x0000000000428d80                e1000_blink_led_generic
                0x0000000000428e90                e1000_led_on_generic
                0x0000000000428ed0                e1000_led_off_generic
                0x0000000000428f10                e1000_set_pcie_no_snoop_generic
                0x0000000000428f40                e1000_disable_pcie_master_generic
                0x0000000000428fb0                e1000_reset_adaptive_generic
                0x0000000000429010                e1000_update_adaptive_generic
                0x00000000004290d0                e1000_validate_mdi_setting_crossover_generic
                0x00000000004290e0                e1000_write_8bit_ctrl_reg_generic
 *fill*         0x000000000042913a        0x6 90909090
 .text          0x0000000000429140      0xd67 /home/vadim/projects/ipaugenblick/dpdk-1.6.0r2/x86_64-default-linuxapp-gcc/lib/librte_pmd_e1000.a(e1000_manage.o)
                0x0000000000429140                e1000_calculate_checksum
                0x0000000000429230                e1000_mng_enable_host_if_generic
                0x0000000000429370                e1000_check_mng_mode_generic
                0x0000000000429390                e1000_enable_tx_pkt_filtering_generic
                0x0000000000429600                e1000_mng_write_cmd_header_generic
                0x0000000000429650                e1000_mng_host_if_write_generic
                0x0000000000429820                e1000_mng_write_dhcp_info_generic
                0x0000000000429b00                e1000_enable_mng_pass_thru
                0x0000000000429bd0                e1000_host_interface_command
                0x0000000000429d00                e1000_load_firmware
 *fill*         0x0000000000429ea7        0x9 90909090
 .text          0x0000000000429eb0      0x8d6 /home/vadim/projects/ipaugenblick/dpdk-1.6.0r2/x86_64-default-linuxapp-gcc/lib/librte_pmd_e1000.a(e1000_mbx.o)
                0x000000000042a240                e1000_write_posted_mbx
                0x000000000042a320                e1000_read_posted_mbx
                0x000000000042a500                e1000_read_mbx
                0x000000000042a530                e1000_write_mbx
                0x000000000042a560                e1000_check_for_msg
                0x000000000042a580                e1000_check_for_ack
                0x000000000042a5a0                e1000_check_for_rst
                0x000000000042a5c0                e1000_init_mbx_ops_generic
                0x000000000042a620                e1000_init_mbx_params_vf
                0x000000000042a6c0                e1000_init_mbx_params_pf
 *fill*         0x000000000042a786        0xa 90909090
 .text          0x000000000042a790     0x23f0 /home/vadim/projects/ipaugenblick/dpdk-1.6.0r2/x86_64-default-linuxapp-gcc/lib/librte_pmd_e1000.a(e1000_nvm.o)
                0x000000000042a790                e1000_null_read_nvm
                0x000000000042a7a0                e1000_null_nvm_generic
                0x000000000042a7b0                e1000_null_led_default
                0x000000000042a7c0                e1000_null_write_nvm
                0x000000000042acd0                e1000_init_nvm_ops_generic
                0x000000000042ad40                e1000_poll_eerd_eewr_done
                0x000000000042adb0                e1000_acquire_nvm_generic
                0x000000000042ae10                e1000_stop_nvm
                0x000000000042aec0                e1000_release_nvm_generic
                0x000000000042af50                e1000_read_nvm_spi
                0x000000000042b500                e1000_read_nvm_microwire
                0x000000000042bb40                e1000_read_nvm_eerd
                0x000000000042bbe0                e1000_write_nvm_spi
                0x000000000042bd70                e1000_write_nvm_microwire
                0x000000000042bf10                e1000_read_pba_string_generic
                0x000000000042c2f0                e1000_read_pba_length_generic
                0x000000000042c3d0                e1000_read_pba_num_generic
                0x000000000042c440                e1000_write_pba_raw
                0x000000000042c550                e1000_get_pba_block_size
                0x000000000042c640                e1000_read_pba_raw
                0x000000000042c790                e1000_read_mac_addr_generic
                0x000000000042c810                e1000_validate_nvm_checksum_generic
                0x000000000042c870                e1000_update_nvm_checksum_generic
                0x000000000042c8f0                e1000_get_fw_version
 .text          0x000000000042cb80       0x56 /home/vadim/projects/ipaugenblick/dpdk-1.6.0r2/x86_64-default-linuxapp-gcc/lib/librte_pmd_e1000.a(e1000_osdep.o)
                0x000000000042cb80                e1000_write_pci_cfg
                0x000000000042cb90                e1000_read_pci_cfg
                0x000000000042cba0                e1000_pci_set_mwi
                0x000000000042cbb0                e1000_pci_clear_mwi
                0x000000000042cbc0                e1000_read_pcie_cap_reg
                0x000000000042cbd0                e1000_write_pcie_cap_reg
 *fill*         0x000000000042cbd6        0xa 90909090
 .text          0x000000000042cbe0     0x569f /home/vadim/projects/ipaugenblick/dpdk-1.6.0r2/x86_64-default-linuxapp-gcc/lib/librte_pmd_e1000.a(e1000_phy.o)
                0x000000000042cbe0                e1000_null_set_page
                0x000000000042cbf0                e1000_null_read_reg
                0x000000000042cc00                e1000_null_phy_generic
                0x000000000042cc10                e1000_null_lplu_state
                0x000000000042cc20                e1000_null_write_reg
                0x000000000042cc30                e1000_read_i2c_byte_null
                0x000000000042cc40                e1000_write_i2c_byte_null
                0x000000000042cd00                e1000_init_phy_ops_generic
                0x000000000042ce20                e1000_check_reset_block_generic
                0x000000000042ce40                e1000_get_phy_id
                0x000000000042cf30                e1000_phy_reset_dsp_generic
                0x000000000042cf80                e1000_read_phy_reg_mdic
                0x000000000042d050                e1000_write_phy_reg_mdic
                0x000000000042dea0                e1000_read_phy_reg_i2c
                0x000000000042df20                e1000_write_phy_reg_i2c
                0x000000000042dfa0                e1000_read_sfp_data_byte
                0x000000000042e010                e1000_write_sfp_data_byte
                0x000000000042e0b0                e1000_read_phy_reg_m88
                0x000000000042e1b0                e1000_write_phy_reg_m88
                0x000000000042e290                e1000_set_page_igp
                0x000000000042e340                e1000_read_phy_reg_igp
                0x000000000042e4e0                e1000_read_phy_reg_igp_locked
                0x000000000042e640                e1000_write_phy_reg_igp
                0x000000000042e7e0                e1000_write_phy_reg_igp_locked
                0x000000000042e940                e1000_read_kmrn_reg_generic
                0x000000000042e9d0                e1000_read_kmrn_reg_locked
                0x000000000042ea30                e1000_write_kmrn_reg_generic
                0x000000000042eab0                e1000_write_kmrn_reg_locked
                0x000000000042eae0                e1000_copper_link_setup_82577
                0x000000000042ebc0                e1000_copper_link_setup_m88
                0x000000000042ee20                e1000_copper_link_setup_m88_gen2
                0x000000000042ef30                e1000_copper_link_setup_igp
                0x000000000042f0b0                e1000_phy_setup_autoneg
                0x000000000042f200                e1000_copper_link_autoneg
                0x000000000042f310                e1000_phy_force_speed_duplex_setup
                0x000000000042f3b0                e1000_set_d3_lplu_state_generic
                0x000000000042f520                e1000_check_downshift_generic
                0x000000000042f5e0                e1000_check_polarity_m88
                0x000000000042f610                e1000_check_polarity_igp
                0x000000000042f680                e1000_check_polarity_ife
                0x000000000042f6d0                e1000_phy_has_link_generic
                0x000000000042f810                e1000_phy_force_speed_duplex_ife
                0x000000000042f8f0                e1000_phy_force_speed_duplex_m88
                0x000000000042fb40                e1000_phy_force_speed_duplex_igp
                0x000000000042fc20                e1000_setup_copper_link_generic
                0x000000000042fc90                e1000_get_cable_length_m88
                0x000000000042fd10                e1000_get_cable_length_m88_gen2
                0x000000000042ff60                e1000_get_cable_length_igp_2
                0x0000000000430170                e1000_get_phy_info_m88
                0x00000000004302b0                e1000_get_phy_info_igp
                0x0000000000430400                e1000_get_phy_info_ife
                0x00000000004304f0                e1000_phy_sw_reset_generic
                0x0000000000430560                e1000_phy_hw_reset_generic
                0x0000000000430610                e1000_get_cfg_done_generic
                0x0000000000430630                e1000_phy_init_script_igp3
                0x0000000000430890                e1000_get_phy_type_from_id
                0x0000000000430a10                e1000_determine_phy_address
                0x0000000000430bc0                e1000_write_phy_reg_bm
                0x0000000000430de0                e1000_read_phy_reg_bm
                0x0000000000431010                e1000_read_phy_reg_bm2
                0x00000000004311b0                e1000_write_phy_reg_bm2
                0x0000000000431350                e1000_enable_phy_wakeup_reg_access_bm
                0x00000000004315b0                e1000_disable_phy_wakeup_reg_access_bm
                0x00000000004316f0                e1000_power_up_phy_copper
                0x0000000000431780                e1000_power_down_phy_copper
                0x0000000000431820                e1000_read_phy_reg_hv
                0x0000000000431830                e1000_read_phy_reg_hv_locked
                0x0000000000431840                e1000_read_phy_reg_page_hv
                0x0000000000431850                e1000_write_phy_reg_hv
                0x0000000000431860                e1000_write_phy_reg_hv_locked
                0x0000000000431870                e1000_write_phy_reg_page_hv
                0x0000000000431890                e1000_link_stall_workaround_hv
                0x0000000000431940                e1000_check_polarity_82577
                0x0000000000431970                e1000_phy_force_speed_duplex_82577
                0x0000000000431a10                e1000_get_phy_info_82577
                0x0000000000431b30                e1000_get_cable_length_82577
                0x0000000000431b80                e1000_write_phy_reg_gs40g
                0x0000000000431ce0                e1000_read_phy_reg_gs40g
                0x0000000000431e40                e1000_read_phy_reg_mphy
                0x0000000000432020                e1000_write_phy_reg_mphy
                0x0000000000432220                e1000_is_mphy_ready
 *fill*         0x000000000043227f        0x1 90909090
 .text          0x0000000000432280      0x6e7 /home/vadim/projects/ipaugenblick/dpdk-1.6.0r2/x86_64-default-linuxapp-gcc/lib/librte_pmd_e1000.a(e1000_vf.o)
                0x00000000004327e0                e1000_init_function_pointers_vf
                0x0000000000432810                e1000_vfta_set_vf
                0x0000000000432870                e1000_rlpml_set_vf
                0x00000000004328c0                e1000_promisc_set_vf
 *fill*         0x0000000000432967        0x9 90909090
 .text          0x0000000000432970     0x2295 /home/vadim/projects/ipaugenblick/dpdk-1.6.0r2/x86_64-default-linuxapp-gcc/lib/librte_pmd_e1000.a(igb_ethdev.o)
                0x0000000000434bd0                rte_igb_pmd_init
                0x0000000000434bf0                rte_igbvf_pmd_init
 *fill*         0x0000000000434c05        0xb 90909090
 .text          0x0000000000434c10     0x54b1 /home/vadim/projects/ipaugenblick/dpdk-1.6.0r2/x86_64-default-linuxapp-gcc/lib/librte_pmd_e1000.a(igb_rxtx.o)
                0x0000000000434c10                eth_igb_recv_pkts
                0x0000000000435420                eth_igb_recv_scattered_pkts
                0x0000000000436070                eth_igb_xmit_pkts
                0x00000000004380d0                eth_igb_tx_queue_release
                0x0000000000438110                eth_igb_tx_queue_setup
                0x0000000000438490                eth_igb_rx_queue_release
                0x00000000004384d0                eth_igb_rx_queue_setup
                0x0000000000438810                eth_igb_rx_queue_count
                0x0000000000438880                eth_igb_rx_descriptor_done
                0x00000000004388c0                igb_dev_clear_queues
                0x00000000004389d0                eth_igb_rx_init
                0x0000000000439740                eth_igb_tx_init
                0x0000000000439920                eth_igbvf_rx_init
                0x0000000000439f80                eth_igbvf_tx_init
 *fill*         0x000000000043a0c1        0xf 90909090
 .text          0x000000000043a0d0      0x8fc /home/vadim/projects/ipaugenblick/dpdk-1.6.0r2/x86_64-default-linuxapp-gcc/lib/librte_pmd_e1000.a(igb_pf.o)
                0x000000000043a170                igb_pf_host_init
                0x000000000043a2e0                igb_pf_host_configure
                0x000000000043a410                igb_pf_mbx_process
 *fill*         0x000000000043a9cc        0x4 90909090
 .text          0x000000000043a9d0     0x14e5 /home/vadim/projects/ipaugenblick/dpdk-1.6.0r2/x86_64-default-linuxapp-gcc/lib/librte_pmd_e1000.a(em_ethdev.o)
                0x000000000043bea0                rte_em_pmd_init
 *fill*         0x000000000043beb5        0xb 90909090
 .text          0x000000000043bec0     0x478d /home/vadim/projects/ipaugenblick/dpdk-1.6.0r2/x86_64-default-linuxapp-gcc/lib/librte_pmd_e1000.a(em_rxtx.o)
                0x000000000043bec0                eth_em_recv_pkts
                0x000000000043c660                eth_em_recv_scattered_pkts
                0x000000000043e0a0                eth_em_xmit_pkts
                0x000000000043f320                eth_em_tx_queue_release
                0x000000000043f360                eth_em_tx_queue_setup
                0x000000000043f7b0                eth_em_rx_queue_release
                0x000000000043f7f0                eth_em_rx_queue_setup
                0x000000000043fb50                eth_em_rx_queue_count
                0x000000000043fbc0                eth_em_rx_descriptor_done
                0x000000000043fc00                em_dev_clear_queues
                0x000000000043fcd0                eth_em_rx_init
                0x0000000000440510                eth_em_tx_init
 *fill*         0x000000000044064d        0x3 90909090
 .text          0x0000000000440650     0x6609 /home/vadim/projects/ipaugenblick/dpdk-1.6.0r2/x86_64-default-linuxapp-gcc/lib/librte_pmd_ixgbe.a(ixgbe_common.o)
                0x0000000000440650                ixgbe_get_mac_addr_generic
                0x0000000000440690                ixgbe_get_bus_info_generic
                0x00000000004406d0                ixgbe_set_lan_id_multi_port_pcie
                0x0000000000440710                ixgbe_led_on_generic
                0x0000000000440740                ixgbe_led_off_generic
                0x0000000000440770                ixgbe_calc_eeprom_checksum_generic
                0x0000000000440890                ixgbe_validate_eeprom_checksum_generic
                0x0000000000440920                ixgbe_update_eeprom_checksum_generic
                0x0000000000440960                ixgbe_set_rar_generic
                0x0000000000440a60                ixgbe_clear_rar_generic
                0x0000000000440ae0                ixgbe_disable_mc_generic
                0x0000000000440b00                ixgbe_enable_rx_dma_generic
                0x0000000000440bd0                ixgbe_release_swfw_sync
                0x0000000000440c20                ixgbe_acquire_swfw_sync
                0x0000000000440df0                ixgbe_blink_led_start_generic
                0x0000000000440f10                ixgbe_blink_led_stop_generic
                0x0000000000441030                ixgbe_start_hw_generic
                0x0000000000441310                ixgbe_clear_hw_cntrs_generic
                0x0000000000441b80                ixgbe_init_hw_generic
                0x0000000000441ba0                ixgbe_init_eeprom_params_generic
                0x0000000000441c20                ixgbe_enable_mc_generic
                0x0000000000441cd0                ixgbe_update_uc_addr_list_generic
                0x0000000000441e40                ixgbe_init_rx_addrs_generic
                0x0000000000441fb0                ixgbe_read_eerd_buffer_generic
                0x0000000000442070                ixgbe_read_eerd_generic
                0x0000000000442080                ixgbe_stop_adapter_generic
                0x0000000000443e60                ixgbe_read_eeprom_buffer_bit_bang_generic
                0x0000000000443f80                ixgbe_write_eeprom_buffer_bit_bang_generic
                0x0000000000444290                ixgbe_read_eeprom_bit_bang_generic
                0x0000000000444370                ixgbe_write_eeprom_generic
                0x0000000000444450                ixgbe_init_ops_generic
                0x0000000000444640                ixgbe_device_supports_autoneg_fc
                0x0000000000444670                ixgbe_start_hw_gen2
                0x0000000000444750                ixgbe_read_pba_string_generic
                0x0000000000444b00                ixgbe_read_pba_num_generic
                0x0000000000444b80                ixgbe_write_pba_raw
                0x0000000000444c90                ixgbe_get_pba_block_size
                0x0000000000444d80                ixgbe_read_pba_raw
                0x0000000000444ee0                ixgbe_write_eewr_buffer_generic
                0x0000000000444fe0                ixgbe_write_eewr_generic
                0x0000000000445090                ixgbe_poll_eerd_eewr_done
                0x0000000000445100                ixgbe_validate_mac_addr
                0x0000000000445150                ixgbe_add_uc_addr
                0x0000000000445190                ixgbe_set_mta
                0x0000000000445260                ixgbe_update_mc_addr_list_generic
                0x00000000004453d0                ixgbe_fc_autoneg
                0x00000000004455b0                ixgbe_fc_enable_generic
                0x0000000000445b50                ixgbe_disable_pcie_master
                0x0000000000445bc0                ixgbe_disable_sec_rx_path_generic
                0x0000000000445c10                ixgbe_enable_sec_rx_path_generic
                0x0000000000445c30                ixgbe_get_san_mac_addr_generic
                0x0000000000445d20                ixgbe_set_san_mac_addr_generic
                0x0000000000445df0                ixgbe_get_pcie_msix_count_generic
                0x0000000000445e00                ixgbe_insert_mac_addr_generic
                0x0000000000445f50                ixgbe_clear_vmdq_generic
                0x0000000000446000                ixgbe_set_vmdq_generic
                0x0000000000446050                ixgbe_set_vmdq_san_mac_generic
                0x00000000004460c0                ixgbe_init_uta_tables_generic
                0x00000000004460f0                ixgbe_find_vlvf_slot
                0x0000000000446150                ixgbe_set_vlvf_generic
                0x0000000000446330                ixgbe_set_vfta_generic
                0x00000000004463e0                ixgbe_clear_vfta_generic
                0x0000000000446460                ixgbe_check_mac_link_generic
                0x0000000000446550                ixgbe_get_wwn_prefix_generic
                0x0000000000446600                ixgbe_get_fcoe_boot_status_generic
                0x00000000004466a0                ixgbe_set_mac_anti_spoofing
                0x0000000000446770                ixgbe_set_vlan_anti_spoofing
                0x00000000004467c0                ixgbe_get_device_caps_generic
                0x00000000004467e0                ixgbe_enable_relaxed_ordering_gen2
                0x00000000004468a0                ixgbe_set_fw_drv_ver_generic
                0x0000000000446a40                ixgbe_set_rxpba_generic
                0x0000000000446be0                ixgbe_clear_tx_pending
 *fill*         0x0000000000446c59        0x7 90909090
 .text          0x0000000000446c60     0x16ff /home/vadim/projects/ipaugenblick/dpdk-1.6.0r2/x86_64-default-linuxapp-gcc/lib/librte_pmd_ixgbe.a(ixgbe_82598.o)
                0x0000000000446d20                ixgbe_set_vmdq_82598
                0x0000000000446dd0                ixgbe_set_vfta_82598
                0x0000000000446ee0                ixgbe_get_supported_physical_layer_82598
                0x00000000004470a0                ixgbe_enable_relaxed_ordering_82598
                0x0000000000447120                ixgbe_set_lan_id_multi_port_pcie_82598
                0x00000000004471a0                ixgbe_read_i2c_eeprom_82598
                0x0000000000447280                ixgbe_write_analog_reg8_82598
                0x00000000004472b0                ixgbe_read_analog_reg8_82598
                0x0000000000447800                ixgbe_fc_enable_82598
                0x0000000000447d00                ixgbe_start_hw_82598
                0x0000000000448080                ixgbe_init_phy_ops_82598
                0x00000000004481e0                ixgbe_set_pcie_completion_timeout
                0x0000000000448210                ixgbe_init_ops_82598
 *fill*         0x000000000044835f        0x1 90909090
 .text          0x0000000000448360     0x347a /home/vadim/projects/ipaugenblick/dpdk-1.6.0r2/x86_64-default-linuxapp-gcc/lib/librte_pmd_ixgbe.a(ixgbe_82599.o)
                0x0000000000448360                ixgbe_get_supported_physical_layer_82599
                0x00000000004485b0                ixgbe_enable_rx_dma_82599
                0x00000000004485f0                ixgbe_write_analog_reg8_82599
                0x0000000000448620                ixgbe_read_analog_reg8_82599
                0x0000000000448670                ixgbe_enable_tx_laser_multispeed_fiber
                0x0000000000448690                ixgbe_disable_tx_laser_multispeed_fiber
                0x00000000004486b0                ixgbe_identify_phy_82599
                0x0000000000448780                ixgbe_get_link_capabilities_82599
                0x0000000000448930                ixgbe_get_media_type_82599
                0x00000000004489f0                ixgbe_start_hw_82599
                0x0000000000448ac0                ixgbe_flap_tx_laser_multispeed_fiber
                0x0000000000448b20                ixgbe_reinit_fdir_tables_82599
                0x0000000000448dd0                ixgbe_init_fdir_signature_82599
                0x0000000000448f00                ixgbe_init_fdir_perfect_82599
                0x0000000000449030                ixgbe_atr_compute_sig_hash_82599
                0x0000000000449100                ixgbe_fdir_add_signature_filter_82599
                0x0000000000449170                ixgbe_atr_compute_perfect_hash_82599
                0x00000000004492a0                ixgbe_fdir_set_input_mask_82599
                0x00000000004494d0                ixgbe_fdir_write_perfect_filter_82599
                0x00000000004496a0                ixgbe_fdir_erase_perfect_filter_82599
                0x0000000000449810                ixgbe_fdir_add_perfect_filter_82599
                0x0000000000449900                ixgbe_verify_lesm_fw_enabled_82599
                0x00000000004499a0                ixgbe_init_mac_link_ops_82599
                0x0000000000449a60                ixgbe_reset_hw_82599
                0x0000000000449f80                ixgbe_setup_mac_link_82599
                0x000000000044a390                ixgbe_setup_mac_link_smartspeed
                0x000000000044a890                ixgbe_setup_mac_link_multispeed_fiber
                0x000000000044ac10                ixgbe_start_mac_link_82599
                0x000000000044aeb0                ixgbe_init_ops_82599
                0x000000000044b170                ixgbe_setup_sfp_modules_82599
                0x000000000044b4f0                ixgbe_init_phy_ops_82599
                0x000000000044b650                ixgbe_reset_pipeline_82599
 *fill*         0x000000000044b7da        0x6 90909090
 .text          0x000000000044b7e0      0xe70 /home/vadim/projects/ipaugenblick/dpdk-1.6.0r2/x86_64-default-linuxapp-gcc/lib/librte_pmd_ixgbe.a(ixgbe_x540.o)
                0x000000000044b7e0                ixgbe_get_media_type_X540
                0x000000000044b7f0                ixgbe_setup_mac_link_X540
                0x000000000044b800                ixgbe_get_supported_physical_layer_X540
                0x000000000044b850                ixgbe_blink_led_start_X540
                0x000000000044b8c0                ixgbe_blink_led_stop_X540
                0x000000000044b910                ixgbe_write_eewr_X540
                0x000000000044b990                ixgbe_validate_eeprom_checksum_X540
                0x000000000044ba50                ixgbe_calc_eeprom_checksum_X540
                0x000000000044bb90                ixgbe_read_eerd_X540
                0x000000000044bc10                ixgbe_write_eewr_buffer_X540
                0x000000000044bca0                ixgbe_read_eerd_buffer_X540
                0x000000000044bd30                ixgbe_start_hw_X540
                0x000000000044bd50                ixgbe_reset_hw_X540
                0x000000000044bf40                ixgbe_init_eeprom_params_X540
                0x000000000044bf90                ixgbe_acquire_swfw_sync_X540
                0x000000000044c190                ixgbe_release_swfw_sync_X540
                0x000000000044c270                ixgbe_update_eeprom_checksum_X540
                0x000000000044c3e0                ixgbe_init_ops_X540
                0x000000000044c640                ixgbe_get_link_capabilities_X540
 .text          0x000000000044c650     0x22ee /home/vadim/projects/ipaugenblick/dpdk-1.6.0r2/x86_64-default-linuxapp-gcc/lib/librte_pmd_ixgbe.a(ixgbe_phy.o)
                0x000000000044c650                ixgbe_setup_phy_link_speed_generic
                0x000000000044c6b0                ixgbe_get_phy_firmware_version_generic
                0x000000000044c6d0                ixgbe_read_i2c_eeprom_generic
                0x000000000044c6f0                ixgbe_write_i2c_eeprom_generic
                0x000000000044c710                ixgbe_tn_check_overtemp
                0x000000000044c760                ixgbe_write_phy_reg_generic
                0x000000000044c870                ixgbe_read_phy_reg_generic
                0x000000000044ca80                ixgbe_setup_phy_link_generic
                0x000000000044cf90                ixgbe_i2c_bus_clear
                0x000000000044d1e0                ixgbe_write_i2c_byte_generic
                0x000000000044d300                ixgbe_read_i2c_byte_generic
                0x000000000044d5b0                ixgbe_identify_phy_generic
                0x000000000044d770                ixgbe_reset_phy_generic
                0x000000000044d850                ixgbe_init_phy_ops_generic
                0x000000000044d910                ixgbe_validate_phy_addr
                0x000000000044d950                ixgbe_get_phy_id
                0x000000000044d9d0                ixgbe_get_phy_type_from_id
                0x000000000044da10                ixgbe_get_copper_link_capabilities_generic
                0x000000000044da70                ixgbe_check_phy_link_tnx
                0x000000000044dcc0                ixgbe_setup_phy_link_tnx
                0x000000000044e090                ixgbe_get_phy_firmware_version_tnx
                0x000000000044e0b0                ixgbe_identify_sfp_module_generic
                0x000000000044e580                ixgbe_identify_module_generic
                0x000000000044e5b0                ixgbe_get_sfp_init_sequence_offsets
                0x000000000044e760                ixgbe_reset_phy_nl
 *fill*         0x000000000044e93e        0x2 90909090
 .text          0x000000000044e940      0xc4a /home/vadim/projects/ipaugenblick/dpdk-1.6.0r2/x86_64-default-linuxapp-gcc/lib/librte_pmd_ixgbe.a(ixgbe_api.o)
                0x000000000044e940                ixgbe_set_mac_type
                0x000000000044eb00                ixgbe_init_shared_code
                0x000000000044eb70                ixgbe_init_hw
                0x000000000044eb90                ixgbe_reset_hw
                0x000000000044ebb0                ixgbe_start_hw
                0x000000000044ebd0                ixgbe_enable_relaxed_ordering
                0x000000000044ebf0                ixgbe_clear_hw_cntrs
                0x000000000044ec10                ixgbe_get_media_type
                0x000000000044ec30                ixgbe_get_mac_addr
                0x000000000044ec50                ixgbe_get_san_mac_addr
                0x000000000044ec70                ixgbe_set_san_mac_addr
                0x000000000044ec90                ixgbe_get_device_caps
                0x000000000044ecb0                ixgbe_get_wwn_prefix
                0x000000000044ecd0                ixgbe_get_fcoe_boot_status
                0x000000000044ecf0                ixgbe_get_bus_info
                0x000000000044ed10                ixgbe_get_num_of_tx_queues
                0x000000000044ed20                ixgbe_get_num_of_rx_queues
                0x000000000044ed30                ixgbe_stop_adapter
                0x000000000044ed50                ixgbe_read_pba_string
                0x000000000044ed60                ixgbe_read_pba_num
                0x000000000044ed70                ixgbe_identify_phy
                0x000000000044edb0                ixgbe_reset_phy
                0x000000000044ee10                ixgbe_get_phy_firmware_version
                0x000000000044ee30                ixgbe_read_phy_reg
                0x000000000044eeb0                ixgbe_write_phy_reg
                0x000000000044ef40                ixgbe_setup_phy_link
                0x000000000044ef60                ixgbe_check_phy_link
                0x000000000044ef80                ixgbe_setup_phy_link_speed
                0x000000000044efa0                ixgbe_check_link
                0x000000000044efc0                ixgbe_disable_tx_laser
                0x000000000044efe0                ixgbe_enable_tx_laser
                0x000000000044f000                ixgbe_flap_tx_laser
                0x000000000044f020                ixgbe_setup_link
                0x000000000044f040                ixgbe_get_link_capabilities
                0x000000000044f060                ixgbe_led_on
                0x000000000044f080                ixgbe_led_off
                0x000000000044f0a0                ixgbe_blink_led_start
                0x000000000044f0c0                ixgbe_blink_led_stop
                0x000000000044f0e0                ixgbe_init_eeprom_params
                0x000000000044f100                ixgbe_write_eeprom
                0x000000000044f120                ixgbe_write_eeprom_buffer
                0x000000000044f140                ixgbe_read_eeprom
                0x000000000044f160                ixgbe_read_eeprom_buffer
                0x000000000044f180                ixgbe_validate_eeprom_checksum
                0x000000000044f1a0                ixgbe_update_eeprom_checksum
                0x000000000044f1c0                ixgbe_insert_mac_addr
                0x000000000044f1e0                ixgbe_set_rar
                0x000000000044f200                ixgbe_clear_rar
                0x000000000044f220                ixgbe_set_vmdq
                0x000000000044f240                ixgbe_set_vmdq_san_mac
                0x000000000044f260                ixgbe_clear_vmdq
                0x000000000044f280                ixgbe_init_rx_addrs
                0x000000000044f2a0                ixgbe_get_num_rx_addrs
                0x000000000044f2b0                ixgbe_update_uc_addr_list
                0x000000000044f2d0                ixgbe_update_mc_addr_list
                0x000000000044f2f0                ixgbe_enable_mc
                0x000000000044f310                ixgbe_disable_mc
                0x000000000044f330                ixgbe_clear_vfta
                0x000000000044f350                ixgbe_set_vfta
                0x000000000044f370                ixgbe_set_vlvf
                0x000000000044f390                ixgbe_fc_enable
                0x000000000044f3b0                ixgbe_set_fw_drv_ver
                0x000000000044f3e0                ixgbe_read_analog_reg8
                0x000000000044f400                ixgbe_write_analog_reg8
                0x000000000044f420                ixgbe_init_uta_tables
                0x000000000044f440                ixgbe_read_i2c_byte
                0x000000000044f460                ixgbe_write_i2c_byte
                0x000000000044f490                ixgbe_write_i2c_eeprom
                0x000000000044f4b0                ixgbe_read_i2c_eeprom
                0x000000000044f4d0                ixgbe_get_supported_physical_layer
                0x000000000044f4f0                ixgbe_enable_rx_dma
                0x000000000044f510                ixgbe_disable_sec_rx_path
                0x000000000044f530                ixgbe_enable_sec_rx_path
                0x000000000044f550                ixgbe_acquire_swfw_semaphore
                0x000000000044f570                ixgbe_release_swfw_semaphore
 *fill*         0x000000000044f58a        0x6 90909090
 .text          0x000000000044f590      0x8c2 /home/vadim/projects/ipaugenblick/dpdk-1.6.0r2/x86_64-default-linuxapp-gcc/lib/librte_pmd_ixgbe.a(ixgbe_vf.o)
                0x000000000044f590                ixgbe_start_hw_vf
                0x000000000044f5a0                ixgbe_init_hw_vf
                0x000000000044f5e0                ixgbe_set_vfta_vf
                0x000000000044f650                ixgbe_get_mac_addr_vf
                0x000000000044f690                ixgbe_setup_mac_link_vf
                0x000000000044f6a0                ixgbe_check_mac_link_vf
                0x000000000044f760                ixgbe_update_mc_addr_list_vf
                0x000000000044f880                ixgbe_stop_adapter_vf
                0x000000000044f920                ixgbe_reset_hw_vf
                0x000000000044fa10                ixgbevf_set_uc_addr_vf
                0x000000000044faa0                ixgbe_set_rar_vf
                0x000000000044fb60                ixgbe_init_ops_vf
                0x000000000044fc40                ixgbe_get_num_of_tx_queues_vf
                0x000000000044fc50                ixgbe_get_num_of_rx_queues_vf
                0x000000000044fc60                ixgbevf_rlpml_set_vf
                0x000000000044fcb0                ixgbevf_negotiate_api_version
                0x000000000044fd30                ixgbevf_get_queues
 *fill*         0x000000000044fe52        0xe 90909090
 .text          0x000000000044fe60     0x2aef /home/vadim/projects/ipaugenblick/dpdk-1.6.0r2/x86_64-default-linuxapp-gcc/lib/librte_pmd_ixgbe.a(ixgbe_dcb.o)
                0x000000000044fe60                ixgbe_dcb_calculate_tc_credits
                0x00000000004500f0                ixgbe_dcb_calculate_tc_credits_cee
                0x0000000000450e40                ixgbe_dcb_unpack_pfc_cee
                0x0000000000450ef0                ixgbe_dcb_unpack_refill_cee
                0x0000000000450f50                ixgbe_dcb_unpack_max_cee
                0x0000000000450fa0                ixgbe_dcb_unpack_bwgid_cee
                0x0000000000450ff0                ixgbe_dcb_unpack_tsa_cee
                0x0000000000451040                ixgbe_dcb_get_tc_from_up
                0x00000000004510a0                ixgbe_dcb_unpack_map_cee
                0x0000000000451110                ixgbe_dcb_check_config_cee
                0x0000000000451c10                ixgbe_dcb_get_tc_stats
                0x0000000000451c50                ixgbe_dcb_get_pfc_stats
                0x0000000000451c90                ixgbe_dcb_config_rx_arbiter_cee
                0x0000000000451ec0                ixgbe_dcb_config_tx_desc_arbiter_cee
                0x0000000000452080                ixgbe_dcb_config_tx_data_arbiter_cee
                0x00000000004522b0                ixgbe_dcb_config_pfc_cee
                0x0000000000452450                ixgbe_dcb_config_tc_stats
                0x0000000000452480                ixgbe_dcb_hw_config_cee
                0x0000000000452820                ixgbe_dcb_config_pfc
                0x0000000000452860                ixgbe_dcb_hw_config
 *fill*         0x000000000045294f        0x1 90909090
 .text          0x0000000000452950      0xf29 /home/vadim/projects/ipaugenblick/dpdk-1.6.0r2/x86_64-default-linuxapp-gcc/lib/librte_pmd_ixgbe.a(ixgbe_dcb_82599.o)
                0x0000000000452950                ixgbe_dcb_get_tc_stats_82599
                0x0000000000452a10                ixgbe_dcb_get_pfc_stats_82599
                0x0000000000452a70                ixgbe_dcb_config_rx_arbiter_82599
                0x0000000000452c90                ixgbe_dcb_config_tx_desc_arbiter_82599
                0x0000000000452f10                ixgbe_dcb_config_tx_data_arbiter_82599
                0x0000000000453200                ixgbe_dcb_config_pfc_82599
                0x0000000000453520                ixgbe_dcb_config_tc_stats_82599
                0x00000000004536d0                ixgbe_dcb_config_82599
                0x00000000004537e0                ixgbe_dcb_hw_config_82599
 *fill*         0x0000000000453879        0x7 90909090
 .text          0x0000000000453880      0xc19 /home/vadim/projects/ipaugenblick/dpdk-1.6.0r2/x86_64-default-linuxapp-gcc/lib/librte_pmd_ixgbe.a(ixgbe_dcb_82598.o)
                0x0000000000453880                ixgbe_dcb_get_tc_stats_82598
                0x0000000000453900                ixgbe_dcb_get_pfc_stats_82598
                0x0000000000453960                ixgbe_dcb_config_rx_arbiter_82598
                0x0000000000453ae0                ixgbe_dcb_config_tx_desc_arbiter_82598
                0x0000000000453d80                ixgbe_dcb_config_tx_data_arbiter_82598
                0x0000000000454020                ixgbe_dcb_config_pfc_82598
                0x0000000000454330                ixgbe_dcb_config_tc_stats_82598
                0x0000000000454410                ixgbe_dcb_hw_config_82598
 *fill*         0x0000000000454499        0x7 90909090
 .text          0x00000000004544a0      0x8bb /home/vadim/projects/ipaugenblick/dpdk-1.6.0r2/x86_64-default-linuxapp-gcc/lib/librte_pmd_ixgbe.a(ixgbe_mbx.o)
                0x00000000004547b0                ixgbe_write_posted_mbx
                0x0000000000454870                ixgbe_read_posted_mbx
                0x0000000000454b20                ixgbe_read_mbx
                0x0000000000454b50                ixgbe_write_mbx
                0x0000000000454b80                ixgbe_check_for_msg
                0x0000000000454ba0                ixgbe_check_for_ack
                0x0000000000454bc0                ixgbe_check_for_rst
                0x0000000000454be0                ixgbe_init_mbx_ops_generic
                0x0000000000454c00                ixgbe_init_mbx_params_vf
                0x0000000000454ca0                ixgbe_init_mbx_params_pf
 *fill*         0x0000000000454d5b        0x5 90909090
 .text          0x0000000000454d60     0x8fec /home/vadim/projects/ipaugenblick/dpdk-1.6.0r2/x86_64-default-linuxapp-gcc/lib/librte_pmd_ixgbe.a(ixgbe_rxtx.o)
                0x0000000000454fa0                ixgbe_recv_pkts
                0x00000000004563c0                ixgbe_recv_pkts_bulk_alloc
                0x0000000000456550                ixgbe_xmit_pkts
                0x0000000000457920                ixgbe_recv_scattered_pkts
                0x0000000000459460                ixgbe_xmit_pkts_simple
                0x000000000045aa30                ixgbe_dev_tx_queue_release
                0x000000000045aa70                ixgbe_dev_tx_queue_setup
                0x000000000045afa0                ixgbe_dev_rx_queue_release
                0x000000000045afd0                ixgbe_dev_rx_queue_setup
                0x000000000045b320                ixgbe_dev_rx_queue_count
                0x000000000045b390                ixgbe_dev_rx_descriptor_done
                0x000000000045b3d0                ixgbe_dev_clear_queues
                0x000000000045b480                ixgbe_configure_dcb
                0x000000000045bfc0                ixgbe_dev_rx_init
                0x000000000045cb30                ixgbe_dev_tx_init
                0x000000000045cde0                ixgbe_dev_rxtx_start
                0x000000000045d4b0                ixgbevf_dev_rx_init
                0x000000000045d990                ixgbevf_dev_tx_init
                0x000000000045da00                ixgbevf_dev_rxtx_start
 *fill*         0x000000000045dd4c        0x4 90909090
 .text          0x000000000045dd50     0x45ad /home/vadim/projects/ipaugenblick/dpdk-1.6.0r2/x86_64-default-linuxapp-gcc/lib/librte_pmd_ixgbe.a(ixgbe_ethdev.o)
                0x0000000000461cb0                rte_ixgbe_pmd_init
                0x0000000000461cd0                rte_ixgbevf_pmd_init
                0x0000000000461cf0                ixgbe_vlan_hw_filter_disable
                0x0000000000461d10                ixgbe_vlan_hw_filter_enable
                0x0000000000461d60                ixgbe_vlan_hw_strip_disable_all
                0x0000000000461e20                ixgbe_vlan_hw_strip_enable_all
 *fill*         0x00000000004622fd        0x3 90909090
 .text          0x0000000000462300     0x136b /home/vadim/projects/ipaugenblick/dpdk-1.6.0r2/x86_64-default-linuxapp-gcc/lib/librte_pmd_ixgbe.a(ixgbe_fdir.o)
                0x0000000000462920                ixgbe_fdir_configure
                0x0000000000462ba0                ixgbe_fdir_add_signature_filter
                0x0000000000462cd0                ixgbe_fdir_update_signature_filter
                0x0000000000462e00                ixgbe_fdir_remove_signature_filter
                0x0000000000463040                ixgbe_fdir_set_masks
                0x0000000000463310                ixgbe_fdir_add_perfect_filter
                0x0000000000463330                ixgbe_fdir_update_perfect_filter
                0x0000000000463350                ixgbe_fdir_remove_perfect_filter
                0x0000000000463580                ixgbe_fdir_info_get
 *fill*         0x000000000046366b        0x5 90909090
 .text          0x0000000000463670      0xcec /home/vadim/projects/ipaugenblick/dpdk-1.6.0r2/x86_64-default-linuxapp-gcc/lib/librte_pmd_ixgbe.a(ixgbe_pf.o)
                0x0000000000463710                ixgbe_pf_host_init
                0x0000000000463a70                ixgbe_pf_host_configure
                0x0000000000463d00                ixgbe_pf_mbx_process
 *fill*         0x000000000046435c        0x4 90909090
 .text          0x0000000000464360       0x78 /home/vadim/projects/ipaugenblick/dpdk-1.6.0r2/x86_64-default-linuxapp-gcc/lib/librte_pmd_virtio_uio.a(virtqueue.o)
                0x0000000000464360                virtqueue_disable_intr
                0x0000000000464370                virtqueue_detatch_unused
 *fill*         0x00000000004643d8        0x8 90909090
 .text          0x00000000004643e0      0x143 /home/vadim/projects/ipaugenblick/dpdk-1.6.0r2/x86_64-default-linuxapp-gcc/lib/librte_pmd_virtio_uio.a(virtio_pci.o)
                0x00000000004643e0                vtpci_read_dev_config
                0x0000000000464450                vtpci_write_dev_config
                0x00000000004644d0                vtpci_negotiate_features
                0x00000000004644e0                vtpci_reset
                0x00000000004644f0                vtpci_reinit_complete
                0x0000000000464500                vtpci_get_status
                0x0000000000464510                vtpci_set_status
 *fill*         0x0000000000464523        0xd 90909090
 .text          0x0000000000464530     0x2cf8 /home/vadim/projects/ipaugenblick/dpdk-1.6.0r2/x86_64-default-linuxapp-gcc/lib/librte_pmd_virtio_uio.a(virtio_rxtx.o)
                0x0000000000465230                virtio_dev_rxtx_start
                0x0000000000465280                virtio_dev_rx_queue_setup
                0x00000000004652f0                virtio_dev_tx_queue_setup
                0x0000000000465340                virtio_recv_pkts
                0x0000000000466790                virtio_xmit_pkts
 *fill*         0x0000000000467228        0x8 90909090
 .text          0x0000000000467230     0x1b15 /home/vadim/projects/ipaugenblick/dpdk-1.6.0r2/x86_64-default-linuxapp-gcc/lib/librte_pmd_virtio_uio.a(virtio_ethdev.o)
                0x00000000004688c0                virtio_dev_queue_setup
                0x0000000000468d30                rte_virtio_pmd_init
 *fill*         0x0000000000468d45        0xb 90909090
 .text          0x0000000000468d50     0x37ab /home/vadim/projects/ipaugenblick/dpdk-1.6.0r2/x86_64-default-linuxapp-gcc/lib/librte_pmd_vmxnet3_uio.a(vmxnet3_rxtx.o)
                0x00000000004695c0                vmxnet3_dev_tx_queue_release
                0x0000000000469650                vmxnet3_dev_rx_queue_release
                0x00000000004696f0                vmxnet3_dev_clear_queues
                0x00000000004698b0                vmxnet3_xmit_pkts
                0x0000000000469b80                vmxnet3_recv_pkts
                0x000000000046b900                vmxnet3_dev_tx_queue_setup
                0x000000000046bb50                vmxnet3_dev_rx_queue_setup
                0x000000000046be30                vmxnet3_dev_rxtx_init
                0x000000000046c380                vmxnet3_rss_configure
                0x000000000046c4d0                vmxnet3_vlan_configure
 *fill*         0x000000000046c4fb        0x5 90909090
 .text          0x000000000046c500      0xc05 /home/vadim/projects/ipaugenblick/dpdk-1.6.0r2/x86_64-default-linuxapp-gcc/lib/librte_pmd_vmxnet3_uio.a(vmxnet3_ethdev.o)
                0x000000000046d0f0                rte_vmxnet3_pmd_init
 *fill*         0x000000000046d105        0xb 90909090
 .text          0x000000000046d110      0x9fa /home/vadim/projects/ipaugenblick/dpdk-1.6.0r2/x86_64-default-linuxapp-gcc/lib/librte_timer.a(rte_timer.o)
                0x000000000046d5b0                rte_timer_subsystem_init
                0x000000000046d5f0                rte_timer_init
                0x000000000046d600                rte_timer_reset
                0x000000000046d6f0                rte_timer_reset_sync
                0x000000000046d740                rte_timer_stop
                0x000000000046d7d0                rte_timer_stop_sync
                0x000000000046d800                rte_timer_pending
                0x000000000046d810                rte_timer_manage
                0x000000000046db00                rte_timer_dump_stats
 *fill*         0x000000000046db0a        0x6 90909090
 .text          0x000000000046db10     0x1756 /home/vadim/projects/ipaugenblick/dpdk-1.6.0r2/x86_64-default-linuxapp-gcc/lib/librte_hash.a(rte_hash.o)
                0x000000000046ddf0                rte_hash_find_existing
                0x000000000046deb0                rte_hash_create
                0x000000000046e1b0                rte_hash_free
                0x000000000046e250                rte_hash_add_key_with_hash
                0x000000000046e7a0                rte_hash_add_key
                0x000000000046ed00                rte_hash_del_key_with_hash
                0x000000000046ee00                rte_hash_del_key
                0x000000000046ef10                rte_hash_lookup_with_hash
                0x000000000046f010                rte_hash_lookup
                0x000000000046f110                rte_hash_lookup_bulk
 *fill*         0x000000000046f266        0xa 90909090
 .text          0x000000000046f270      0x546 /home/vadim/projects/ipaugenblick/dpdk-1.6.0r2/x86_64-default-linuxapp-gcc/lib/librte_hash.a(rte_fbk_hash.o)
                0x000000000046f410                rte_fbk_hash_find_existing
                0x000000000046f4d0                rte_fbk_hash_create
                0x000000000046f720                rte_fbk_hash_free
 *fill*         0x000000000046f7b6        0xa 90909090
 .text          0x000000000046f7c0     0x1082 /home/vadim/projects/ipaugenblick/dpdk-1.6.0r2/x86_64-default-linuxapp-gcc/lib/librte_lpm.a(rte_lpm.o)
                0x000000000046f8f0                rte_lpm_find_existing
                0x000000000046f9b0                rte_lpm_create
                0x000000000046fb90                rte_lpm_free
                0x000000000046fc30                rte_lpm_add
                0x0000000000470270                rte_lpm_delete
                0x0000000000470750                rte_lpm_delete_all
 *fill*         0x0000000000470842        0xe 90909090
 .text          0x0000000000470850     0x2060 /home/vadim/projects/ipaugenblick/dpdk-1.6.0r2/x86_64-default-linuxapp-gcc/lib/librte_lpm.a(rte_lpm6.o)
                0x0000000000470fd0                rte_lpm6_create
                0x0000000000471240                rte_lpm6_find_existing
                0x0000000000471300                rte_lpm6_free
                0x00000000004713b0                rte_lpm6_lookup
                0x0000000000471460                rte_lpm6_lookup_bulk_func
                0x0000000000471560                rte_lpm6_delete
                0x0000000000471a50                rte_lpm6_add
                0x0000000000472320                rte_lpm6_delete_bulk_func
                0x0000000000472860                rte_lpm6_delete_all
 .text          0x00000000004728b0     0x16b7 /home/vadim/projects/ipaugenblick/dpdk-1.6.0r2/x86_64-default-linuxapp-gcc/lib/librte_power.a(rte_power.o)
                0x00000000004732f0                rte_power_init
                0x00000000004735c0                rte_power_exit
                0x0000000000473740                rte_power_freqs
                0x0000000000473b60                rte_power_get_freq
                0x0000000000473bc0                rte_power_set_freq
                0x0000000000473c70                rte_power_freq_down
                0x0000000000473d30                rte_power_freq_up
                0x0000000000473df0                rte_power_freq_max
                0x0000000000473eb0                rte_power_freq_min
 *fill*         0x0000000000473f67        0x9 90909090
 .text          0x0000000000473f70      0x511 /home/vadim/projects/ipaugenblick/dpdk-1.6.0r2/x86_64-default-linuxapp-gcc/lib/librte_meter.a(rte_meter.o)
                0x0000000000473f70                rte_meter_srtcm_config
                0x0000000000474170                rte_meter_trtcm_config
 *fill*         0x0000000000474481        0xf 90909090
 .text          0x0000000000474490     0x39c4 /home/vadim/projects/ipaugenblick/dpdk-1.6.0r2/x86_64-default-linuxapp-gcc/lib/librte_sched.a(rte_sched.o)
                0x00000000004747e0                rte_sched_port_get_memory_footprint
                0x0000000000474840                rte_sched_port_config
                0x00000000004750e0                rte_sched_port_free
                0x00000000004750f0                rte_sched_subport_config
                0x0000000000475370                rte_sched_pipe_config
                0x0000000000475500                rte_sched_subport_read_stats
                0x0000000000475650                rte_sched_queue_read_stats
                0x00000000004756d0                rte_sched_port_enqueue
                0x0000000000476990                rte_sched_port_dequeue
 *fill*         0x0000000000477e54        0xc 90909090
 .text          0x0000000000477e60      0x213 /home/vadim/projects/ipaugenblick/dpdk-1.6.0r2/x86_64-default-linuxapp-gcc/lib/librte_sched.a(rte_red.o)
                0x0000000000477e60                rte_red_rt_data_init
                0x0000000000477e90                rte_red_config_init
 *fill*         0x0000000000478073        0xd 90909090
 .text          0x0000000000478080      0x2f3 /home/vadim/projects/ipaugenblick/dpdk-1.6.0r2/x86_64-default-linuxapp-gcc/lib/librte_sched.a(rte_approx.o)
                0x0000000000478080                rte_approx
 *fill*         0x0000000000478373        0xd 90909090
 .text          0x0000000000478380      0x46c /home/vadim/projects/ipaugenblick/dpdk-1.6.0r2/x86_64-default-linuxapp-gcc/lib/librte_kvargs.a(rte_kvargs.o)
                0x0000000000478380                rte_kvargs_count
                0x00000000004783e0                rte_kvargs_process
                0x00000000004784c0                rte_kvargs_free
                0x00000000004784e0                rte_kvargs_parse
 *fill*         0x00000000004787ec        0x4 90909090
 .text          0x00000000004787f0      0x37b /home/vadim/projects/ipaugenblick/dpdk-1.6.0r2/x86_64-default-linuxapp-gcc/lib/librte_mbuf.a(rte_mbuf.o)
                0x00000000004787f0                rte_ctrlmbuf_init
                0x0000000000478880                rte_pktmbuf_pool_init
                0x00000000004788b0                rte_pktmbuf_init
                0x0000000000478970                rte_mbuf_sanity_check
                0x0000000000478aa0                rte_pktmbuf_dump
 *fill*         0x0000000000478b6b        0x5 90909090
 .text          0x0000000000478b70     0x2a2b /home/vadim/projects/ipaugenblick/dpdk-1.6.0r2/x86_64-default-linuxapp-gcc/lib/libethdev.a(rte_ethdev.o)
                0x0000000000478db0                rte_eth_dev_allocate
                0x0000000000478fd0                rte_eth_driver_register
                0x0000000000478fe0                rte_eth_dev_socket_id
                0x0000000000479010                rte_eth_dev_count
                0x0000000000479020                rte_eth_dev_configure
                0x0000000000479480                rte_eth_dev_start
                0x0000000000479700                rte_eth_dev_stop
                0x0000000000479750                rte_eth_dev_close
                0x00000000004797a0                rte_eth_rx_queue_setup
                0x00000000004798e0                rte_eth_tx_queue_setup
                0x00000000004799e0                rte_eth_promiscuous_enable
                0x0000000000479a20                rte_eth_promiscuous_disable
                0x0000000000479a70                rte_eth_promiscuous_get
                0x0000000000479aa0                rte_eth_allmulticast_enable
                0x0000000000479ae0                rte_eth_allmulticast_disable
                0x0000000000479b30                rte_eth_allmulticast_get
                0x0000000000479b60                rte_eth_link_get
                0x0000000000479bf0                rte_eth_link_get_nowait
                0x0000000000479c80                rte_eth_stats_get
                0x0000000000479db0                rte_eth_stats_reset
                0x0000000000479df0                rte_eth_dev_set_tx_queue_stats_mapping
                0x0000000000479e40                rte_eth_dev_set_rx_queue_stats_mapping
                0x0000000000479e90                rte_eth_dev_info_get
                0x0000000000479f10                rte_eth_macaddr_get
                0x0000000000479f40                rte_eth_dev_vlan_filter
                0x0000000000479fa0                rte_eth_dev_set_vlan_strip_on_queue
                0x000000000047a000                rte_eth_dev_set_vlan_ether_type
                0x000000000047a050                rte_eth_dev_set_vlan_offload
                0x000000000047a180                rte_eth_dev_get_vlan_offload
                0x000000000047a1d0                rte_eth_dev_fdir_add_signature_filter
                0x000000000047a260                rte_eth_dev_fdir_update_signature_filter
                0x000000000047a2f0                rte_eth_dev_fdir_remove_signature_filter
                0x000000000047a380                rte_eth_dev_fdir_get_infos
                0x000000000047a3e0                rte_eth_dev_fdir_add_perfect_filter
                0x000000000047a490                rte_eth_dev_fdir_update_perfect_filter
                0x000000000047a540                rte_eth_dev_fdir_remove_perfect_filter
                0x000000000047a5e0                rte_eth_dev_fdir_set_masks
                0x000000000047a650                rte_eth_dev_flow_ctrl_set
                0x000000000047a6b0                rte_eth_dev_priority_flow_ctrl_set
                0x000000000047a710                rte_eth_dev_rss_reta_update
                0x000000000047a7c0                rte_eth_dev_rss_reta_query
                0x000000000047a820                rte_eth_led_on
                0x000000000047a870                rte_eth_led_off
                0x000000000047a8c0                rte_eth_dev_mac_addr_add
                0x000000000047ab20                rte_eth_dev_mac_addr_remove
                0x000000000047ac50                rte_eth_dev_set_vf_rxmode
                0x000000000047ad30                rte_eth_dev_uc_hash_table_set
                0x000000000047afc0                rte_eth_dev_uc_all_hash_table_set
                0x000000000047b010                rte_eth_dev_set_vf_rx
                0x000000000047b0e0                rte_eth_dev_set_vf_tx
                0x000000000047b1b0                rte_eth_dev_set_vf_vlan_filter
                0x000000000047b220                rte_eth_mirror_rule_set
                0x000000000047b2b0                rte_eth_mirror_rule_reset
                0x000000000047b310                rte_eth_dev_callback_register
                0x000000000047b3f0                rte_eth_dev_callback_unregister
                0x000000000047b4e0                _rte_eth_dev_callback_process
 *fill*         0x000000000047b59b        0x5 90909090
 .text          0x000000000047b5a0     0x284a /home/vadim/projects/ipaugenblick/dpdk-1.6.0r2/x86_64-default-linuxapp-gcc/lib/librte_pmd_ring.a(rte_eth_ring.o)
                0x000000000047d690                rte_pmd_ring_devinit
                0x000000000047db70                rte_eth_from_rings
                0x000000000047ddd0                rte_eth_ring_pair_create
                0x000000000047dde0                rte_eth_ring_pair_attach
 *fill*         0x000000000047ddea        0x6 90909090
 .text          0x000000000047ddf0     0x10ff /home/vadim/projects/ipaugenblick/dpdk-1.6.0r2/x86_64-default-linuxapp-gcc/lib/librte_malloc.a(rte_malloc.o)
                0x000000000047ddf0                rte_free
                0x000000000047de40                rte_malloc_socket
                0x000000000047e170                rte_malloc
                0x000000000047e180                rte_zmalloc_socket
                0x000000000047e1c0                rte_zmalloc
                0x000000000047e210                rte_calloc_socket
                0x000000000047e260                rte_calloc
                0x000000000047e2b0                rte_realloc
                0x000000000047e800                rte_malloc_validate
                0x000000000047e850                rte_malloc_get_socket_stats
                0x000000000047e8c0                rte_malloc_dump_stats
                0x000000000047eea0                rte_malloc_set_limit
                0x000000000047eeb0                rte_malloc_virt2phy
 *fill*         0x000000000047eeef        0x1 90909090
 .text          0x000000000047eef0      0x416 /home/vadim/projects/ipaugenblick/dpdk-1.6.0r2/x86_64-default-linuxapp-gcc/lib/librte_malloc.a(malloc_elem.o)
                0x000000000047eef0                malloc_elem_init
                0x000000000047ef20                malloc_elem_mkend
                0x000000000047ef60                malloc_elem_can_hold
                0x000000000047ef90                malloc_elem_alloc
                0x000000000047f050                malloc_elem_free
                0x000000000047f180                malloc_elem_resize