Archive member included because of file (symbol)

/home/vadim/projects/ipaugenblick/dpdk-1.6.0r2/x86_64-default-linuxapp-gcc/lib/librte_kni.a(rte_kni.o)
                              (--whole-archive)
/home/vadim/projects/ipaugenblick/dpdk-1.6.0r2/x86_64-default-linuxapp-gcc/lib/librte_pmd_e1000.a(e1000_80003es2lan.o)
                              (--whole-archive)
/home/vadim/projects/ipaugenblick/dpdk-1.6.0r2/x86_64-default-linuxapp-gcc/lib/librte_pmd_e1000.a(e1000_82540.o)
                              (--whole-archive)
/home/vadim/projects/ipaugenblick/dpdk-1.6.0r2/x86_64-default-linuxapp-gcc/lib/librte_pmd_e1000.a(e1000_82541.o)
                              (--whole-archive)
/home/vadim/projects/ipaugenblick/dpdk-1.6.0r2/x86_64-default-linuxapp-gcc/lib/librte_pmd_e1000.a(e1000_82542.o)
                              (--whole-archive)
/home/vadim/projects/ipaugenblick/dpdk-1.6.0r2/x86_64-default-linuxapp-gcc/lib/librte_pmd_e1000.a(e1000_82543.o)
                              (--whole-archive)
/home/vadim/projects/ipaugenblick/dpdk-1.6.0r2/x86_64-default-linuxapp-gcc/lib/librte_pmd_e1000.a(e1000_82571.o)
                              (--whole-archive)
/home/vadim/projects/ipaugenblick/dpdk-1.6.0r2/x86_64-default-linuxapp-gcc/lib/librte_pmd_e1000.a(e1000_82575.o)
                              (--whole-archive)
/home/vadim/projects/ipaugenblick/dpdk-1.6.0r2/x86_64-default-linuxapp-gcc/lib/librte_pmd_e1000.a(e1000_i210.o)
                              (--whole-archive)
/home/vadim/projects/ipaugenblick/dpdk-1.6.0r2/x86_64-default-linuxapp-gcc/lib/librte_pmd_e1000.a(e1000_api.o)
                              (--whole-archive)
/home/vadim/projects/ipaugenblick/dpdk-1.6.0r2/x86_64-default-linuxapp-gcc/lib/librte_pmd_e1000.a(e1000_ich8lan.o)
                              (--whole-archive)
/home/vadim/projects/ipaugenblick/dpdk-1.6.0r2/x86_64-default-linuxapp-gcc/lib/librte_pmd_e1000.a(e1000_mac.o)
                              (--whole-archive)
/home/vadim/projects/ipaugenblick/dpdk-1.6.0r2/x86_64-default-linuxapp-gcc/lib/librte_pmd_e1000.a(e1000_manage.o)
                              (--whole-archive)
/home/vadim/projects/ipaugenblick/dpdk-1.6.0r2/x86_64-default-linuxapp-gcc/lib/librte_pmd_e1000.a(e1000_mbx.o)
                              (--whole-archive)
/home/vadim/projects/ipaugenblick/dpdk-1.6.0r2/x86_64-default-linuxapp-gcc/lib/librte_pmd_e1000.a(e1000_nvm.o)
                              (--whole-archive)
/home/vadim/projects/ipaugenblick/dpdk-1.6.0r2/x86_64-default-linuxapp-gcc/lib/librte_pmd_e1000.a(e1000_osdep.o)
                              (--whole-archive)
/home/vadim/projects/ipaugenblick/dpdk-1.6.0r2/x86_64-default-linuxapp-gcc/lib/librte_pmd_e1000.a(e1000_phy.o)
                              (--whole-archive)
/home/vadim/projects/ipaugenblick/dpdk-1.6.0r2/x86_64-default-linuxapp-gcc/lib/librte_pmd_e1000.a(e1000_vf.o)
                              (--whole-archive)
/home/vadim/projects/ipaugenblick/dpdk-1.6.0r2/x86_64-default-linuxapp-gcc/lib/librte_pmd_e1000.a(igb_ethdev.o)
                              (--whole-archive)
/home/vadim/projects/ipaugenblick/dpdk-1.6.0r2/x86_64-default-linuxapp-gcc/lib/librte_pmd_e1000.a(igb_rxtx.o)
                              (--whole-archive)
/home/vadim/projects/ipaugenblick/dpdk-1.6.0r2/x86_64-default-linuxapp-gcc/lib/librte_pmd_e1000.a(igb_pf.o)
                              (--whole-archive)
/home/vadim/projects/ipaugenblick/dpdk-1.6.0r2/x86_64-default-linuxapp-gcc/lib/librte_pmd_e1000.a(em_ethdev.o)
                              (--whole-archive)
/home/vadim/projects/ipaugenblick/dpdk-1.6.0r2/x86_64-default-linuxapp-gcc/lib/librte_pmd_e1000.a(em_rxtx.o)
                              (--whole-archive)
/home/vadim/projects/ipaugenblick/dpdk-1.6.0r2/x86_64-default-linuxapp-gcc/lib/librte_pmd_ixgbe.a(ixgbe_common.o)
                              (--whole-archive)
/home/vadim/projects/ipaugenblick/dpdk-1.6.0r2/x86_64-default-linuxapp-gcc/lib/librte_pmd_ixgbe.a(ixgbe_82598.o)
                              (--whole-archive)
/home/vadim/projects/ipaugenblick/dpdk-1.6.0r2/x86_64-default-linuxapp-gcc/lib/librte_pmd_ixgbe.a(ixgbe_82599.o)
                              (--whole-archive)
/home/vadim/projects/ipaugenblick/dpdk-1.6.0r2/x86_64-default-linuxapp-gcc/lib/librte_pmd_ixgbe.a(ixgbe_x540.o)
                              (--whole-archive)
/home/vadim/projects/ipaugenblick/dpdk-1.6.0r2/x86_64-default-linuxapp-gcc/lib/librte_pmd_ixgbe.a(ixgbe_phy.o)
                              (--whole-archive)
/home/vadim/projects/ipaugenblick/dpdk-1.6.0r2/x86_64-default-linuxapp-gcc/lib/librte_pmd_ixgbe.a(ixgbe_api.o)
                              (--whole-archive)
/home/vadim/projects/ipaugenblick/dpdk-1.6.0r2/x86_64-default-linuxapp-gcc/lib/librte_pmd_ixgbe.a(ixgbe_vf.o)
                              (--whole-archive)
/home/vadim/projects/ipaugenblick/dpdk-1.6.0r2/x86_64-default-linuxapp-gcc/lib/librte_pmd_ixgbe.a(ixgbe_dcb.o)
[...]
Memory Configuration

Name             Origin             Length             Attributes
*default*        0x0000000000000000 0xffffffffffffffff

Linker script and memory map

LOAD /usr/lib/gcc/x86_64-linux-gnu/4.6/../../../x86_64-linux-gnu/crt1.o
LOAD /usr/lib/gcc/x86_64-linux-gnu/4.6/../../../x86_64-linux-gnu/crti.o
LOAD /usr/lib/gcc/x86_64-linux-gnu/4.6/crtbegin.o
LOAD testpmd.o
LOAD parameters.o
LOAD cmdline.o
LOAD config.o
LOAD iofwd.o
LOAD macfwd.o
LOAD macfwd-retry.o
LOAD rxonly.o
LOAD txonly.o
LOAD csumonly.o
LOAD mempool_anon.o
LOAD /home/vadim/projects/ipaugenblick/dpdk-1.6.0r2/x86_64-default-linuxapp-gcc/lib/librte_kni.a
LOAD /home/vadim/projects/ipaugenblick/dpdk-1.6.0r2/x86_64-default-linuxapp-gcc/lib/librte_pmd_e1000.a
LOAD /home/vadim/projects/ipaugenblick/dpdk-1.6.0r2/x86_64-default-linuxapp-gcc/lib/librte_pmd_ixgbe.a
LOAD /home/vadim/projects/ipaugenblick/dpdk-1.6.0r2/x86_64-default-linuxapp-gcc/lib/librte_pmd_virtio_uio.a
LOAD /home/vadim/projects/ipaugenblick/dpdk-1.6.0r2/x86_64-default-linuxapp-gcc/lib/librte_pmd_vmxnet3_uio.a
LOAD /home/vadim/projects/ipaugenblick/dpdk-1.6.0r2/x86_64-default-linuxapp-gcc/lib/librte_timer.a
LOAD /home/vadim/projects/ipaugenblick/dpdk-1.6.0r2/x86_64-default-linuxapp-gcc/lib/librte_hash.a
LOAD /home/vadim/projects/ipaugenblick/dpdk-1.6.0r2/x86_64-default-linuxapp-gcc/lib/librte_lpm.a
LOAD /home/vadim/projects/ipaugenblick/dpdk-1.6.0r2/x86_64-default-linuxapp-gcc/lib/librte_power.a
LOAD /home/vadim/projects/ipaugenblick/dpdk-1.6.0r2/x86_64-default-linuxapp-gcc/lib/librte_meter.a
LOAD /home/vadim/projects/ipaugenblick/dpdk-1.6.0r2/x86_64-default-linuxapp-gcc/lib/librte_sched.a
LOAD /usr/lib/gcc/x86_64-linux-gnu/4.6/../../../x86_64-linux-gnu/libm.so
LOAD /usr/lib/gcc/x86_64-linux-gnu/4.6/../../../x86_64-linux-gnu/librt.so
START GROUP
LOAD /home/vadim/projects/ipaugenblick/dpdk-1.6.0r2/x86_64-default-linuxapp-gcc/lib/librte_kvargs.a
LOAD /home/vadim/projects/ipaugenblick/dpdk-1.6.0r2/x86_64-default-linuxapp-gcc/lib/librte_mbuf.a
LOAD /home/vadim/projects/ipaugenblick/dpdk-1.6.0r2/x86_64-default-linuxapp-gcc/lib/libethdev.a
LOAD /home/vadim/projects/ipaugenblick/dpdk-1.6.0r2/x86_64-default-linuxapp-gcc/lib/librte_pmd_ring.a
LOAD /home/vadim/projects/ipaugenblick/dpdk-1.6.0r2/x86_64-default-linuxapp-gcc/lib/librte_malloc.a
LOAD /home/vadim/projects/ipaugenblick/dpdk-1.6.0r2/x86_64-default-linuxapp-gcc/lib/librte_mempool.a
LOAD /home/vadim/projects/ipaugenblick/dpdk-1.6.0r2/x86_64-default-linuxapp-gcc/lib/librte_ring.a
LOAD /home/vadim/projects/ipaugenblick/dpdk-1.6.0r2/x86_64-default-linuxapp-gcc/lib/librte_eal.a
LOAD /home/vadim/projects/ipaugenblick/dpdk-1.6.0r2/x86_64-default-linuxapp-gcc/lib/librte_cmdline.a
LOAD /usr/lib/gcc/x86_64-linux-gnu/4.6/../../../x86_64-linux-gnu/librt.so
LOAD /usr/lib/gcc/x86_64-linux-gnu/4.6/../../../x86_64-linux-gnu/libm.so
LOAD /usr/lib/gcc/x86_64-linux-gnu/4.6/../../../x86_64-linux-gnu/libdl.so
END GROUP
LOAD /usr/lib/gcc/x86_64-linux-gnu/4.6/libgcc.a
LOAD /usr/lib/gcc/x86_64-linux-gnu/4.6/libgcc_s.so
LOAD /usr/lib/gcc/x86_64-linux-gnu/4.6/../../../x86_64-linux-gnu/libpthread.so
START GROUP
LOAD /lib/x86_64-linux-gnu/libpthread.so.0
LOAD /usr/lib/x86_64-linux-gnu/libpthread_nonshared.a
END GROUP
LOAD /usr/lib/gcc/x86_64-linux-gnu/4.6/../../../x86_64-linux-gnu/libc.so
START GROUP
LOAD /lib/x86_64-linux-gnu/libc.so.6
LOAD /usr/lib/x86_64-linux-gnu/libc_nonshared.a
LOAD /lib/x86_64-linux-gnu/ld-linux-x86-64.so.2
END GROUP
LOAD /usr/lib/gcc/x86_64-linux-gnu/4.6/libgcc.a
LOAD /usr/lib/gcc/x86_64-linux-gnu/4.6/libgcc_s.so
LOAD /usr/lib/gcc/x86_64-linux-gnu/4.6/crtend.o
LOAD /usr/lib/gcc/x86_64-linux-gnu/4.6/../../../x86_64-linux-gnu/crtn.o
                0x0000000000400000                PROVIDE (__executable_start, 0x400000)
                0x0000000000400270                . = (0x400000 + SIZEOF_HEADERS)

.interp         0x0000000000400270       0x1c
 *(.interp)
 .interp        0x0000000000400270       0x1c /usr/lib/gcc/x86_64-linux-gnu/4.6/../../../x86_64-linux-gnu/crt1.o

.note.ABI-tag   0x000000000040028c       0x20
 .note.ABI-tag  0x000000000040028c       0x20 /usr/lib/gcc/x86_64-linux-gnu/4.6/../../../x86_64-linux-gnu/crt1.o

.note.gnu.build-id
                0x00000000004002ac       0x24
 *(.note.gnu.build-id)
 .note.gnu.build-id
                0x00000000004002ac       0x24 /usr/lib/gcc/x86_64-linux-gnu/4.6/../../../x86_64-linux-gnu/crt1.o

.hash
 *(.hash)

.gnu.hash       0x00000000004002d0     0x3138
 *(.gnu.hash)
 .gnu.hash      0x00000000004002d0     0x3138 /usr/lib/gcc/x86_64-linux-gnu/4.6/../../../x86_64-linux-gnu/crt1.o

.dynsym         0x0000000000403408     0xa0e0
 *(.dynsym)
 .dynsym        0x0000000000403408     0xa0e0 /usr/lib/gcc/x86_64-linux-gnu/4.6/../../../x86_64-linux-gnu/crt1.o

.dynstr         0x000000000040d4e8     0x9316
 *(.dynstr)
 .dynstr        0x000000000040d4e8     0x9316 /usr/lib/gcc/x86_64-linux-gnu/4.6/../../../x86_64-linux-gnu/crt1.o

.gnu.version    0x00000000004167fe      0xd68
 *(.gnu.version)
 .gnu.version   0x00000000004167fe      0xd68 /usr/lib/gcc/x86_64-linux-gnu/4.6/../../../x86_64-linux-gnu/crt1.o

.gnu.version_d  0x0000000000417568        0x0
 *(.gnu.version_d)
 .gnu.version_d
                0x0000000000000000        0x0 /usr/lib/gcc/x86_64-linux-gnu/4.6/../../../x86_64-linux-gnu/crt1.o

.gnu.version_r  0x0000000000417568      0x100
 *(.gnu.version_r)
 .gnu.version_r
                0x0000000000417568      0x100 /usr/lib/gcc/x86_64-linux-gnu/4.6/../../../x86_64-linux-gnu/crt1.o

.rela.dyn       0x0000000000417668       0xc0
 *(.rela.init)
 *(.rela.text .rela.text.* .rela.gnu.linkonce.t.*)
 .rela.text     0x0000000000000000        0x0 /usr/lib/gcc/x86_64-linux-gnu/4.6/../../../x86_64-linux-gnu/crt1.o
 .rela.text.startup
                0x0000000000000000        0x0 /usr/lib/gcc/x86_64-linux-gnu/4.6/../../../x86_64-linux-gnu/crt1.o
 .rela.text.unlikely
                0x0000000000000000        0x0 /usr/lib/gcc/x86_64-linux-gnu/4.6/../../../x86_64-linux-gnu/crt1.o
 *(.rela.fini)
 *(.rela.rodata .rela.rodata.* .rela.gnu.linkonce.r.*)
 *(.rela.data .rela.data.* .rela.gnu.linkonce.d.*)
 .rela.data     0x0000000000000000        0x0 /usr/lib/gcc/x86_64-linux-gnu/4.6/../../../x86_64-linux-gnu/crt1.o
 *(.rela.tdata .rela.tdata.* .rela.gnu.linkonce.td.*)
 *(.rela.tbss .rela.tbss.* .rela.gnu.linkonce.tb.*)
 *(.rela.ctors)
 *(.rela.dtors)
 *(.rela.got)
 .rela.got      0x0000000000417668       0x48 /usr/lib/gcc/x86_64-linux-gnu/4.6/../../../x86_64-linux-gnu/crt1.o
 *(.rela.bss .rela.bss.* .rela.gnu.linkonce.b.*)
 .rela.bss      0x00000000004176b0       0x78 /usr/lib/gcc/x86_64-linux-gnu/4.6/../../../x86_64-linux-gnu/crt1.o
 *(.rela.ldata .rela.ldata.* .rela.gnu.linkonce.l.*)
 *(.rela.lbss .rela.lbss.* .rela.gnu.linkonce.lb.*)
 *(.rela.lrodata .rela.lrodata.* .rela.gnu.linkonce.lr.*)
 *(.rela.ifunc)

.rela.plt       0x0000000000417728      0xa50
 *(.rela.plt)
 .rela.plt      0x0000000000417728      0xa50 /usr/lib/gcc/x86_64-linux-gnu/4.6/../../../x86_64-linux-gnu/crt1.o
                0x0000000000418178                PROVIDE (__rela_iplt_start, .)
 *(.rela.iplt)
 .rela.iplt     0x0000000000000000        0x0 /usr/lib/gcc/x86_64-linux-gnu/4.6/../../../x86_64-linux-gnu/crt1.o
                0x0000000000418178                PROVIDE (__rela_iplt_end, .)

.init           0x0000000000418178       0x18
 *(.init)
 .init          0x0000000000418178        0x9 /usr/lib/gcc/x86_64-linux-gnu/4.6/../../../x86_64-linux-gnu/crti.o
                0x0000000000418178                _init
 .init          0x0000000000418181        0x5 /usr/lib/gcc/x86_64-linux-gnu/4.6/crtbegin.o
 .init          0x0000000000418186        0x5 /usr/lib/gcc/x86_64-linux-gnu/4.6/crtend.o
 .init          0x000000000041818b        0x5 /usr/lib/gcc/x86_64-linux-gnu/4.6/../../../x86_64-linux-gnu/crtn.o

.plt            0x0000000000418190      0x6f0
 *(.plt)
 .plt           0x0000000000418190      0x6f0 /usr/lib/gcc/x86_64-linux-gnu/4.6/../../../x86_64-linux-gnu/crt1.o
                0x00000000004181a0                getenv@@GLIBC_2.2.5
                0x00000000004181b0                free@@GLIBC_2.2.5
                0x00000000004181c0                putchar@@GLIBC_2.2.5
                0x00000000004181d0                pthread_create@@GLIBC_2.2.5
                0x00000000004181e0                __vfprintf_chk@@GLIBC_2.3.4
                0x00000000004181f0                abort@@GLIBC_2.2.5
                0x0000000000418200                __errno_location@@GLIBC_2.2.5
                0x0000000000418210                mlock@@GLIBC_2.2.5
                0x0000000000418220                unlink@@GLIBC_2.2.5
                0x0000000000418230                strncpy@@GLIBC_2.2.5
                0x0000000000418240                strncmp@@GLIBC_2.2.5
                0x0000000000418250                fopencookie@@GLIBC_2.2.5
                0x0000000000418260                __read_chk@@GLIBC_2.4
                0x0000000000418270                unlinkat@@GLIBC_2.4
                0x0000000000418280                puts@@GLIBC_2.2.5
                0x0000000000418290                backtrace_symbols@@GLIBC_2.2.5
                0x00000000004182a0                __xpg_strerror_r@@GLIBC_2.3.4
                0x00000000004182b0                fcntl@@GLIBC_2.2.5
                0x00000000004182c0                write@@GLIBC_2.2.5
                0x00000000004182d0                fclose@@GLIBC_2.2.5
                0x00000000004182e0                opendir@@GLIBC_2.2.5
                0x00000000004182f0                strlen@@GLIBC_2.2.5
                0x0000000000418300                backtrace@@GLIBC_2.2.5
                0x0000000000418310                openat@@GLIBC_2.4
                0x0000000000418320                __stack_chk_fail@@GLIBC_2.4
                0x0000000000418330                getuid@@GLIBC_2.2.5
                0x0000000000418340                mmap@@GLIBC_2.2.5
                0x0000000000418350                getopt_long@@GLIBC_2.2.5
                0x0000000000418360                setbuf@@GLIBC_2.2.5
                0x0000000000418370                pthread_setaffinity_np@@GLIBC_2.3.4
                0x0000000000418380                strchr@@GLIBC_2.2.5
                0x0000000000418390                snprintf@@GLIBC_2.2.5
                0x00000000004183a0                nanosleep@@GLIBC_2.2.5
                0x00000000004183b0                strrchr@@GLIBC_2.2.5
                0x00000000004183c0                ftruncate@@GLIBC_2.2.5
                0x00000000004183d0                gettimeofday@@GLIBC_2.2.5
                0x00000000004183e0                iopl@@GLIBC_2.2.5
                0x00000000004183f0                fputs@@GLIBC_2.2.5
                0x0000000000418400                fnmatch@@GLIBC_2.2.5
                0x0000000000418410                memset@@GLIBC_2.2.5
                0x0000000000418420                fscanf@@GLIBC_2.2.5
                0x0000000000418430                ioctl@@GLIBC_2.2.5
                0x0000000000418440                index@@GLIBC_2.2.5
                0x0000000000418450                strnlen@@GLIBC_2.2.5
                0x0000000000418460                close@@GLIBC_2.2.5
                0x0000000000418470                pipe@@GLIBC_2.2.5
                0x0000000000418480                closedir@@GLIBC_2.2.5
                0x0000000000418490                epoll_ctl@@GLIBC_2.3.2
                0x00000000004184a0                __strdup@@GLIBC_2.2.5
                0x00000000004184b0                read@@GLIBC_2.2.5
                0x00000000004184c0                __libc_start_main@@GLIBC_2.2.5
                0x00000000004184d0                memcmp@@GLIBC_2.2.5
                0x00000000004184e0                fgets@@GLIBC_2.2.5
                0x00000000004184f0                strtoull@@GLIBC_2.2.5
                0x0000000000418500                calloc@@GLIBC_2.2.5
                0x0000000000418510                __vdprintf_chk@@GLIBC_2.8
                0x0000000000418520                __fxstat64@@GLIBC_2.2.5
                0x0000000000418530                strcmp@@GLIBC_2.2.5
                0x0000000000418540                dirfd@@GLIBC_2.2.5
                0x0000000000418550                __strndup@@GLIBC_2.2.5
                0x0000000000418560                __memcpy_chk@@GLIBC_2.3.4
                0x0000000000418570                fopen64@@GLIBC_2.2.5
                0x0000000000418580                timerfd_create@@GLIBC_2.8
                0x0000000000418590                strtol@@GLIBC_2.2.5
                0x00000000004185a0                memcpy@@GLIBC_2.14
                0x00000000004185b0                __xmknod@@GLIBC_2.2.5
                0x00000000004185c0                fileno@@GLIBC_2.2.5
                0x00000000004185d0                readdir@@GLIBC_2.2.5
                0x00000000004185e0                dlopen@@GLIBC_2.2.5
                0x00000000004185f0                mmap64@@GLIBC_2.2.5
                0x0000000000418600                malloc@@GLIBC_2.2.5
                0x0000000000418610                strncasecmp@@GLIBC_2.2.5
                0x0000000000418620                fflush@@GLIBC_2.2.5
                0x0000000000418630                __sched_cpufree@@GLIBC_2.7
                0x0000000000418640                clock_gettime@@GLIBC_2.2.5
                0x0000000000418650                lrand48@@GLIBC_2.2.5
                0x0000000000418660                fseek@@GLIBC_2.2.5
                0x0000000000418670                __sched_cpualloc@@GLIBC_2.7
                0x0000000000418680                __vsnprintf_chk@@GLIBC_2.3.4
                0x0000000000418690                srand48@@GLIBC_2.2.5
                0x00000000004186a0                munmap@@GLIBC_2.2.5
                0x00000000004186b0                ftruncate64@@GLIBC_2.2.5
                0x00000000004186c0                __printf_chk@@GLIBC_2.3.4
                0x00000000004186d0                epoll_wait@@GLIBC_2.3.2
                0x00000000004186e0                open64@@GLIBC_2.2.5
                0x00000000004186f0                __syslog_chk@@GLIBC_2.4
                0x0000000000418700                pthread_self@@GLIBC_2.2.5
                0x0000000000418710                tcgetattr@@GLIBC_2.2.5
                0x0000000000418720                tcsetattr@@GLIBC_2.2.5
                0x0000000000418730                open@@GLIBC_2.2.5
                0x0000000000418740                access@@GLIBC_2.2.5
                0x0000000000418750                fopen@@GLIBC_2.2.5
                0x0000000000418760                perror@@GLIBC_2.2.5
                0x0000000000418770                sysconf@@GLIBC_2.2.5
                0x0000000000418780                strtoul@@GLIBC_2.2.5
                0x0000000000418790                timerfd_settime@@GLIBC_2.8
                0x00000000004187a0                flock@@GLIBC_2.2.5
                0x00000000004187b0                pread@@GLIBC_2.2.5
                0x00000000004187c0                openlog@@GLIBC_2.2.5
                0x00000000004187d0                getpagesize@@GLIBC_2.2.5
                0x00000000004187e0                epoll_create@@GLIBC_2.3.2
                0x00000000004187f0                exit@@GLIBC_2.2.5
                0x0000000000418800                fwrite@@GLIBC_2.2.5
                0x0000000000418810                lseek64@@GLIBC_2.2.5
                0x0000000000418820                __fprintf_chk@@GLIBC_2.3.4
                0x0000000000418830                strerror@@GLIBC_2.2.5
                0x0000000000418840                sleep@@GLIBC_2.2.5
                0x0000000000418850                strstr@@GLIBC_2.2.5
                0x0000000000418860                dlerror@@GLIBC_2.2.5
                0x0000000000418870                __ctype_b_loc@@GLIBC_2.3
 *(.iplt)
 .iplt          0x0000000000000000        0x0 /usr/lib/gcc/x86_64-linux-gnu/4.6/../../../x86_64-linux-gnu/crt1.o

.text           0x0000000000418880    0x92008
 *(.text.unlikely .text.*_unlikely)
 .text.unlikely
                0x0000000000418880       0x17 /home/vadim/projects/ipaugenblick/dpdk-1.6.0r2/x86_64-default-linuxapp-gcc/lib/librte_kni.a(rte_kni.o)
 .text.unlikely
                0x0000000000418897      0x61f /home/vadim/projects/ipaugenblick/dpdk-1.6.0r2/x86_64-default-linuxapp-gcc/lib/librte_sched.a(rte_sched.o)
 .text.unlikely
                0x0000000000418eb6       0xc6 /home/vadim/projects/ipaugenblick/dpdk-1.6.0r2/x86_64-default-linuxapp-gcc/lib/librte_eal.a(eal_debug.o)
                0x0000000000418eb6                __rte_panic
 .text.unlikely
                0x0000000000418f7c       0x8a /home/vadim/projects/ipaugenblick/dpdk-1.6.0r2/x86_64-default-linuxapp-gcc/lib/librte_eal.a(eal_common_log.o)
                0x0000000000418f7c                rte_log
 *(.text.exit .text.exit.*)
 *(.text.startup .text.startup.*)
 *fill*         0x0000000000419006        0xa 90909090
 .text.startup  0x0000000000419010      0x6c8 testpmd.o
                0x0000000000419010                main
 *fill*         0x00000000004196d8        0x8 90909090
 .text.startup  0x00000000004196e0        0xa /home/vadim/projects/ipaugenblick/dpdk-1.6.0r2/x86_64-default-linuxapp-gcc/lib/librte_pmd_ring.a(rte_eth_ring.o)
 *fill*         0x00000000004196ea        0x6 90909090
 .text.startup  0x00000000004196f0      0x1dc /home/vadim/projects/ipaugenblick/dpdk-1.6.0r2/x86_64-default-linuxapp-gcc/lib/librte_eal.a(eal_common_cpuflags.o)
                0x00000000004196f0                rte_cpu_check_supported
 *(.text.hot .text.hot.*)
 *(.text .stub .text.* .gnu.linkonce.t.*)
 .text          0x00000000004198cc       0x2c /usr/lib/gcc/x86_64-linux-gnu/4.6/../../../x86_64-linux-gnu/crt1.o
                0x00000000004198cc                _start
 .text          0x00000000004198f8       0x17 /usr/lib/gcc/x86_64-linux-gnu/4.6/../../../x86_64-linux-gnu/crti.o
 *fill*         0x000000000041990f        0x1 90909090
 .text          0x0000000000419910       0x92 /usr/lib/gcc/x86_64-linux-gnu/4.6/crtbegin.o
 *fill*         0x00000000004199a2        0xe 90909090
 .text          0x00000000004199b0     0x315d testpmd.o
                0x000000000041a9a0                set_def_fwd_config
                0x000000000041aab0                init_fwd_streams
                0x000000000041ad80                start_packet_forwarding
                0x000000000041b040                stop_packet_forwarding
                0x000000000041bd40                start_port
                0x000000000041c250                stop_port
                0x000000000041c3a0                close_port
                0x000000000041c4b0                all_ports_stopped
                0x000000000041c510                pmd_test_exit
                0x000000000041c580                init_port_config
                0x000000000041c6e0                init_port_dcb_config
 *fill*         0x000000000041cb0d        0x3 90909090
 .text          0x000000000041cb10     0x2155 parameters.o
                0x000000000041d1b0                launch_args_parse
 *fill*         0x000000000041ec65        0xb 90909090
 .text          0x000000000041ec70     0x3312 cmdline.o
                0x0000000000421f50                prompt
 *fill*         0x0000000000421f82        0xe 90909090
 .text          0x0000000000421f90     0x386e config.o
                0x0000000000422890                nic_stats_display
                0x0000000000422fb0                nic_stats_clear
                0x0000000000423000                nic_stats_mapping_display
                0x00000000004231a0                port_infos_display
                0x0000000000423480                port_reg_bit_display
                0x00000000004235b0                port_reg_bit_field_display
                0x0000000000423790                port_reg_display
                0x0000000000423850                port_reg_bit_set
                0x00000000004239a0                port_reg_bit_field_set
                0x0000000000423b30                port_reg_set
                0x0000000000423bf0                rx_ring_desc_display
                0x0000000000423d80                tx_ring_desc_display
                0x0000000000423f10                fwd_lcores_config_display
                0x0000000000423f70                rxtx_config_display
                0x00000000004240d0                port_rss_reta_info
                0x00000000004241f0                fwd_config_setup
                0x0000000000424230                fwd_config_display
                0x00000000004244e0                set_fwd_lcores_list
                0x0000000000424630                set_fwd_lcores_mask
                0x0000000000424690                set_fwd_lcores_number
                0x00000000004246e0                set_fwd_ports_list
                0x00000000004247b0                set_fwd_ports_mask
                0x00000000004248c0                set_fwd_ports_number
                0x0000000000424910                set_nb_pkt_per_burst
                0x0000000000424960                set_tx_pkt_segments
                0x0000000000424ac0                set_pkt_forwarding_mode
                0x0000000000424b40                set_verbose_level
                0x0000000000424b70                vlan_extend_set
                0x0000000000424c10                rx_vlan_strip_set
                0x0000000000424cb0                rx_vlan_strip_set_on_queue
                0x0000000000424d60                rx_vlan_filter_set
                0x0000000000424e00                rx_vft_set
                0x0000000000424ee0                rx_vlan_all_filter_set
                0x0000000000424fa0                vlan_tpid_set
                0x0000000000425030                tx_vlan_set
                0x00000000004250b0                tx_vlan_reset
                0x0000000000425100                set_qmap
                0x00000000004252e0                tx_cksum_set
                0x0000000000425340                fdir_add_signature_filter
                0x00000000004253b0                fdir_update_signature_filter
                0x0000000000425420                fdir_remove_signature_filter
                0x0000000000425480                fdir_get_infos
                0x0000000000425550                fdir_add_perfect_filter
                0x00000000004255c0                fdir_update_perfect_filter
                0x0000000000425630                fdir_remove_perfect_filter
                0x00000000004256a0                fdir_set_masks
                0x0000000000425700                set_vf_traffic
                0x0000000000425780                set_vf_rx_vlan
 *fill*         0x00000000004257fe        0x2 90909090
 .text          0x0000000000425800      0x83f iofwd.o
 *fill*         0x000000000042603f        0x1 90909090
 .text          0x0000000000426040      0x805 macfwd.o
 *fill*         0x0000000000426845        0xb 90909090
 .text          0x0000000000426850      0x82d macfwd-retry.o
 *fill*         0x000000000042707d        0x3 90909090
 .text          0x0000000000427080      0xa67 rxonly.o
 *fill*         0x0000000000427ae7        0x9 90909090
 .text          0x0000000000427af0     0x1935 txonly.o
 *fill*         0x0000000000429425        0xb 90909090
 .text          0x0000000000429430     0x13de csumonly.o
 *fill*         0x000000000042a80e        0x2 90909090
 .text          0x000000000042a810      0x4b9 mempool_anon.o
                0x000000000042a810                mempool_anon_create
 *fill*         0x000000000042acc9        0x7 90909090
 .text          0x000000000042acd0     0x1d38 /home/vadim/projects/ipaugenblick/dpdk-1.6.0r2/x86_64-default-linuxapp-gcc/lib/librte_kni.a(rte_kni.o)
                0x000000000042b920                rte_kni_alloc
                0x000000000042c120                rte_kni_create
                0x000000000042c250                rte_kni_release
                0x000000000042c480                rte_kni_handle_request
                0x000000000042c5f0                rte_kni_tx_burst
                0x000000000042c710                rte_kni_rx_burst
                0x000000000042c770                rte_kni_get_port_id
                0x000000000042c780                rte_kni_get
                0x000000000042c800                rte_kni_info_get
                0x000000000042c8a0                rte_kni_register_handlers
                0x000000000042c990                rte_kni_unregister_handlers
                0x000000000042c9e0                rte_kni_close
 *fill*         0x000000000042ca08        0x8 90909090
 .text          0x000000000042ca10     0x1ddf /home/vadim/projects/ipaugenblick/dpdk-1.6.0r2/x86_64-default-linuxapp-gcc/lib/librte_pmd_e1000.a(e1000_80003es2lan.o)
                0x000000000042e7d0                e1000_init_function_pointers_80003es2lan
 *fill*         0x000000000042e7ef        0x1 90909090
 .text          0x000000000042e7f0      0x9af /home/vadim/projects/ipaugenblick/dpdk-1.6.0r2/x86_64-default-linuxapp-gcc/lib/librte_pmd_e1000.a(e1000_82540.o)
                0x000000000042f180                e1000_init_function_pointers_82540
 *fill*         0x000000000042f19f        0x1 90909090
 .text          0x000000000042f1a0     0x1457 /home/vadim/projects/ipaugenblick/dpdk-1.6.0r2/x86_64-default-linuxapp-gcc/lib/librte_pmd_e1000.a(e1000_82541.o)
                0x00000000004305c0                e1000_init_function_pointers_82541
                0x00000000004305e0                e1000_init_script_state_82541
 *fill*         0x00000000004305f7        0x9 90909090
 .text          0x0000000000430600      0x8d6 /home/vadim/projects/ipaugenblick/dpdk-1.6.0r2/x86_64-default-linuxapp-gcc/lib/librte_pmd_e1000.a(e1000_82542.o)
                0x0000000000430c50                e1000_init_function_pointers_82542
                0x0000000000430c70                e1000_translate_register_82542
 *fill*         0x0000000000430ed6        0xa 90909090
 .text          0x0000000000430ee0     0x1bf1 /home/vadim/projects/ipaugenblick/dpdk-1.6.0r2/x86_64-default-linuxapp-gcc/lib/librte_pmd_e1000.a(e1000_82543.o)
                0x0000000000432930                e1000_init_function_pointers_82543
                0x0000000000432950                e1000_set_tbi_compatibility_82543
                0x0000000000432980                e1000_tbi_sbp_enabled_82543
                0x00000000004329a0                e1000_tbi_adjust_stats_82543
 *fill*         0x0000000000432ad1        0xf 90909090
 .text          0x0000000000432ae0     0x1e24 /home/vadim/projects/ipaugenblick/dpdk-1.6.0r2/x86_64-default-linuxapp-gcc/lib/librte_pmd_e1000.a(e1000_82571.o)
                0x0000000000434810                e1000_init_function_pointers_82571
                0x0000000000434830                e1000_check_phy_82574
                0x00000000004348b0                e1000_get_laa_state_82571
                0x00000000004348d0                e1000_set_laa_state_82571
 *fill*         0x0000000000434904        0xc 90909090
 .text          0x0000000000434910     0x3fb6 /home/vadim/projects/ipaugenblick/dpdk-1.6.0r2/x86_64-default-linuxapp-gcc/lib/librte_pmd_e1000.a(e1000_82575.o)
                0x0000000000434910                e1000_init_nvm_params_82575
                0x0000000000437780                e1000_init_function_pointers_82575
                0x00000000004377b0                e1000_rx_fifo_flush_82575
                0x0000000000437b30                e1000_vmdq_set_anti_spoofing_pf
                0x0000000000437b90                e1000_vmdq_set_loopback_pf
                0x0000000000437c00                e1000_vmdq_set_replication_pf
                0x0000000000437c30                e1000_rxpbs_adjust_82580
                0x0000000000437c50                e1000_read_emi_reg
                0x0000000000437cb0                e1000_set_eee_i350
                0x0000000000437d30                e1000_set_eee_i354
                0x0000000000437e90                e1000_get_eee_status_i354
                0x0000000000437ef0                e1000_set_i2c_bb
                0x0000000000437f20                e1000_i2c_bus_clear
                0x0000000000438270                e1000_write_i2c_byte_generic
                0x0000000000438370                e1000_read_i2c_byte_generic
 *fill*         0x00000000004388c6        0xa 90909090
 .text          0x00000000004388d0      0xf90 /home/vadim/projects/ipaugenblick/dpdk-1.6.0r2/x86_64-default-linuxapp-gcc/lib/librte_pmd_e1000.a(e1000_i210.o)
                0x00000000004388d0                e1000_read_nvm_srrd_i210
                0x0000000000438b00                e1000_validate_nvm_checksum_i210
                0x0000000000438cd0                e1000_write_nvm_srwr_i210
                0x0000000000439280                e1000_update_nvm_checksum_i210
                0x00000000004393e0                e1000_acquire_swfw_sync_i210
                0x0000000000439470                e1000_release_swfw_sync_i210
                0x00000000004394c0                e1000_read_invm_version
                0x0000000000439620                e1000_get_flash_presence_i210
                0x0000000000439640                e1000_update_flash_i210
                0x00000000004396c0                e1000_init_function_pointers_i210
                0x00000000004396e0                e1000_read_xmdio_reg
                0x00000000004397a0                e1000_write_xmdio_reg
 .text          0x0000000000439860      0xec2 /home/vadim/projects/ipaugenblick/dpdk-1.6.0r2/x86_64-default-linuxapp-gcc/lib/librte_pmd_e1000.a(e1000_api.o)
                0x0000000000439860                e1000_init_mac_params
                0x0000000000439880                e1000_init_nvm_params
                0x00000000004398a0                e1000_init_phy_params
                0x00000000004398c0                e1000_init_mbx_params
                0x00000000004398e0                e1000_set_mac_type
                0x0000000000439f70                e1000_setup_init_funcs
                0x000000000043a100                e1000_get_bus_info
                0x000000000043a120                e1000_clear_vfta
                0x000000000043a140                e1000_write_vfta
                0x000000000043a160                e1000_update_mc_addr_list
                0x000000000043a180                e1000_force_mac_fc
                0x000000000043a190                e1000_check_for_link
                0x000000000043a1b0                e1000_check_mng_mode
                0x000000000043a1d0                e1000_mng_write_dhcp_info
                0x000000000043a1e0                e1000_reset_hw
                0x000000000043a200                e1000_init_hw
                0x000000000043a220                e1000_setup_link
                0x000000000043a240                e1000_get_speed_and_duplex
                0x000000000043a260                e1000_setup_led
                0x000000000043a280                e1000_cleanup_led
                0x000000000043a2a0                e1000_blink_led
                0x000000000043a2c0                e1000_id_led_init
                0x000000000043a2e0                e1000_led_on
                0x000000000043a300                e1000_led_off
                0x000000000043a320                e1000_reset_adaptive
                0x000000000043a330                e1000_update_adaptive
                0x000000000043a340                e1000_disable_pcie_master
                0x000000000043a350                e1000_config_collision_dist
                0x000000000043a370                e1000_rar_set
                0x000000000043a390                e1000_validate_mdi_setting
                0x000000000043a3b0                e1000_hash_mc_addr
                0x000000000043a3c0                e1000_enable_tx_pkt_filtering
                0x000000000043a3d0                e1000_mng_host_if_write
                0x000000000043a3e0                e1000_mng_write_cmd_header
                0x000000000043a3f0                e1000_mng_enable_host_if
                0x000000000043a400                e1000_check_reset_block
                0x000000000043a420                e1000_read_phy_reg
                0x000000000043a440                e1000_write_phy_reg
                0x000000000043a460                e1000_release_phy
                0x000000000043a480                e1000_acquire_phy
                0x000000000043a4a0                e1000_cfg_on_link_up
                0x000000000043a4c0                e1000_read_kmrn_reg
                0x000000000043a4d0                e1000_write_kmrn_reg
                0x000000000043a4e0                e1000_get_cable_length
                0x000000000043a500                e1000_get_phy_info
                0x000000000043a520                e1000_phy_hw_reset
                0x000000000043a540                e1000_phy_commit
                0x000000000043a560                e1000_set_d0_lplu_state
                0x000000000043a580                e1000_set_d3_lplu_state
                0x000000000043a5a0                e1000_read_mac_addr
                0x000000000043a5c0                e1000_read_pba_string
                0x000000000043a5d0                e1000_read_pba_length
                0x000000000043a5e0                e1000_read_pba_num
                0x000000000043a5f0                e1000_validate_nvm_checksum
                0x000000000043a610                e1000_update_nvm_checksum
                0x000000000043a630                e1000_reload_nvm
                0x000000000043a650                e1000_read_nvm
                0x000000000043a670                e1000_write_nvm
                0x000000000043a690                e1000_write_8bit_ctrl_reg
                0x000000000043a6a0                e1000_power_up_phy
                0x000000000043a6d0                e1000_power_down_phy
                0x000000000043a6f0                e1000_power_up_fiber_serdes_link
                0x000000000043a710                e1000_shutdown_fiber_serdes_link
 *fill*         0x000000000043a722        0xe 90909090
 .text          0x000000000043a730     0x51fa /home/vadim/projects/ipaugenblick/dpdk-1.6.0r2/x86_64-default-linuxapp-gcc/lib/librte_pmd_e1000.a(e1000_ich8lan.o)
                0x000000000043c9a0                e1000_toggle_lanphypc_pch_lpt
                0x000000000043ce60                e1000_read_emi_reg_locked
                0x000000000043cec0                e1000_write_emi_reg_locked
                0x000000000043cf20                e1000_set_eee_pchlan
                0x000000000043d100                e1000_enable_ulp_lpt_lp
                0x000000000043d2e0                e1000_disable_ulp_lpt_lp
                0x000000000043d660                e1000_init_function_pointers_ich8lan
                0x000000000043d6b0                e1000_configure_k1_ich8lan
                0x000000000043e920                e1000_copy_rx_addrs_to_phy_ich8lan
                0x000000000043eab0                e1000_lv_jumbo_workaround_ich8lan
                0x000000000043f360                e1000_set_kmrn_lock_loss_workaround_ich8lan
                0x000000000043f380                e1000_igp3_phy_powerdown_workaround_ich8lan
                0x000000000043f4b0                e1000_gig_downshift_workaround_ich8lan
                0x000000000043f530                e1000_suspend_workarounds_ich8lan
                0x000000000043f820                e1000_resume_workarounds_pchlan
 *fill*         0x000000000043f92a        0x6 90909090
 .text          0x000000000043f930     0x1e0a /home/vadim/projects/ipaugenblick/dpdk-1.6.0r2/x86_64-default-linuxapp-gcc/lib/librte_pmd_e1000.a(e1000_mac.o)
                0x000000000043f930                e1000_null_ops_generic
                0x000000000043f940                e1000_null_mac_generic
                0x000000000043f950                e1000_null_link_info
                0x000000000043f960                e1000_null_mng_mode
                0x000000000043f970                e1000_null_update_mc
                0x000000000043f980                e1000_null_write_vfta
                0x000000000043fa60                e1000_setup_led_generic
                0x000000000043fb00                e1000_init_mac_ops_generic
                0x000000000043fbe0                e1000_null_rar_set
                0x000000000043fbf0                e1000_get_bus_info_pci_generic
                0x000000000043fcb0                e1000_get_bus_info_pcie_generic
                0x000000000043fd50                e1000_set_lan_id_multi_port_pci
                0x000000000043fd90                e1000_set_lan_id_single_port
                0x000000000043fda0                e1000_clear_vfta_generic
                0x000000000043fdd0                e1000_write_vfta_generic
                0x000000000043fdf0                e1000_init_rx_addrs_generic
                0x000000000043fe80                e1000_check_alt_mac_addr_generic
                0x0000000000440030                e1000_hash_mc_addr_generic
                0x00000000004400c0                e1000_update_mc_addr_list_generic
                0x0000000000440290                e1000_pcix_mmrbc_workaround_generic
                0x0000000000440320                e1000_clear_hw_cntrs_base_generic
                0x0000000000440410                e1000_set_default_fc_generic
                0x00000000004404a0                e1000_setup_link_generic
                0x0000000000440560                e1000_commit_fc_settings_generic
                0x00000000004405b0                e1000_poll_fiber_serdes_link_generic
                0x0000000000440610                e1000_setup_fiber_serdes_link_generic
                0x0000000000440710                e1000_set_fc_watermarks_generic
                0x0000000000440760                e1000_force_mac_fc_generic
                0x00000000004407d0                e1000_config_fc_after_link_up_generic
                0x0000000000440bc0                e1000_check_for_serdes_link_generic
                0x0000000000440d20                e1000_check_for_fiber_link_generic
                0x0000000000440db0                e1000_check_for_copper_link_generic
                0x0000000000440e30                e1000_get_speed_and_duplex_copper_generic
                0x0000000000440e70                e1000_get_speed_and_duplex_fiber_serdes_generic
                0x0000000000440e80                e1000_get_hw_semaphore_generic
                0x0000000000440f20                e1000_put_hw_semaphore_generic
                0x0000000000440f40                e1000_get_auto_rd_done_generic
                0x0000000000441050                e1000_valid_led_default_generic
                0x0000000000441090                e1000_id_led_init_generic
                0x0000000000441360                e1000_cleanup_led_generic
                0x0000000000441380                e1000_blink_led_generic
                0x0000000000441490                e1000_led_on_generic
                0x00000000004414d0                e1000_led_off_generic
                0x0000000000441510                e1000_set_pcie_no_snoop_generic
                0x0000000000441540                e1000_disable_pcie_master_generic
                0x00000000004415b0                e1000_reset_adaptive_generic
                0x0000000000441610                e1000_update_adaptive_generic
                0x00000000004416d0                e1000_validate_mdi_setting_crossover_generic
                0x00000000004416e0                e1000_write_8bit_ctrl_reg_generic
 *fill*         0x000000000044173a        0x6 90909090
 .text          0x0000000000441740      0xd67 /home/vadim/projects/ipaugenblick/dpdk-1.6.0r2/x86_64-default-linuxapp-gcc/lib/librte_pmd_e1000.a(e1000_manage.o)
                0x0000000000441740                e1000_calculate_checksum
                0x0000000000441830                e1000_mng_enable_host_if_generic
                0x0000000000441970                e1000_check_mng_mode_generic
                0x0000000000441990                e1000_enable_tx_pkt_filtering_generic
                0x0000000000441c00                e1000_mng_write_cmd_header_generic
                0x0000000000441c50                e1000_mng_host_if_write_generic
                0x0000000000441e20                e1000_mng_write_dhcp_info_generic
                0x0000000000442100                e1000_enable_mng_pass_thru
                0x00000000004421d0                e1000_host_interface_command
                0x0000000000442300                e1000_load_firmware
 *fill*         0x00000000004424a7        0x9 90909090
 .text          0x00000000004424b0      0x8d6 /home/vadim/projects/ipaugenblick/dpdk-1.6.0r2/x86_64-default-linuxapp-gcc/lib/librte_pmd_e1000.a(e1000_mbx.o)
                0x0000000000442840                e1000_write_posted_mbx
                0x0000000000442920                e1000_read_posted_mbx
                0x0000000000442b00                e1000_read_mbx
                0x0000000000442b30                e1000_write_mbx
                0x0000000000442b60                e1000_check_for_msg
                0x0000000000442b80                e1000_check_for_ack
                0x0000000000442ba0                e1000_check_for_rst
                0x0000000000442bc0                e1000_init_mbx_ops_generic
                0x0000000000442c20                e1000_init_mbx_params_vf
                0x0000000000442cc0                e1000_init_mbx_params_pf
 *fill*         0x0000000000442d86        0xa 90909090
 .text          0x0000000000442d90     0x23f0 /home/vadim/projects/ipaugenblick/dpdk-1.6.0r2/x86_64-default-linuxapp-gcc/lib/librte_pmd_e1000.a(e1000_nvm.o)
                0x0000000000442d90                e1000_null_read_nvm
                0x0000000000442da0                e1000_null_nvm_generic
                0x0000000000442db0                e1000_null_led_default
                0x0000000000442dc0                e1000_null_write_nvm
                0x00000000004432d0                e1000_init_nvm_ops_generic
                0x0000000000443340                e1000_poll_eerd_eewr_done
                0x00000000004433b0                e1000_acquire_nvm_generic
                0x0000000000443410                e1000_stop_nvm
                0x00000000004434c0                e1000_release_nvm_generic
                0x0000000000443550                e1000_read_nvm_spi
                0x0000000000443b00                e1000_read_nvm_microwire
                0x0000000000444140                e1000_read_nvm_eerd
                0x00000000004441e0                e1000_write_nvm_spi
                0x0000000000444370                e1000_write_nvm_microwire
                0x0000000000444510                e1000_read_pba_string_generic
                0x00000000004448f0                e1000_read_pba_length_generic
                0x00000000004449d0                e1000_read_pba_num_generic
                0x0000000000444a40                e1000_write_pba_raw
                0x0000000000444b50                e1000_get_pba_block_size
                0x0000000000444c40                e1000_read_pba_raw
                0x0000000000444d90                e1000_read_mac_addr_generic
                0x0000000000444e10                e1000_validate_nvm_checksum_generic
                0x0000000000444e70                e1000_update_nvm_checksum_generic
                0x0000000000444ef0                e1000_get_fw_version
 .text          0x0000000000445180       0x56 /home/vadim/projects/ipaugenblick/dpdk-1.6.0r2/x86_64-default-linuxapp-gcc/lib/librte_pmd_e1000.a(e1000_osdep.o)
                0x0000000000445180                e1000_write_pci_cfg
                0x0000000000445190                e1000_read_pci_cfg
                0x00000000004451a0                e1000_pci_set_mwi
                0x00000000004451b0                e1000_pci_clear_mwi
                0x00000000004451c0                e1000_read_pcie_cap_reg
                0x00000000004451d0                e1000_write_pcie_cap_reg
 *fill*         0x00000000004451d6        0xa 90909090
 .text          0x00000000004451e0     0x569f /home/vadim/projects/ipaugenblick/dpdk-1.6.0r2/x86_64-default-linuxapp-gcc/lib/librte_pmd_e1000.a(e1000_phy.o)
                0x00000000004451e0                e1000_null_set_page
                0x00000000004451f0                e1000_null_read_reg
                0x0000000000445200                e1000_null_phy_generic
                0x0000000000445210                e1000_null_lplu_state
                0x0000000000445220                e1000_null_write_reg
                0x0000000000445230                e1000_read_i2c_byte_null
                0x0000000000445240                e1000_write_i2c_byte_null
                0x0000000000445300                e1000_init_phy_ops_generic
                0x0000000000445420                e1000_check_reset_block_generic
                0x0000000000445440                e1000_get_phy_id
                0x0000000000445530                e1000_phy_reset_dsp_generic
                0x0000000000445580                e1000_read_phy_reg_mdic
                0x0000000000445650                e1000_write_phy_reg_mdic
                0x00000000004464a0                e1000_read_phy_reg_i2c
                0x0000000000446520                e1000_write_phy_reg_i2c
                0x00000000004465a0                e1000_read_sfp_data_byte
                0x0000000000446610                e1000_write_sfp_data_byte
                0x00000000004466b0                e1000_read_phy_reg_m88
                0x00000000004467b0                e1000_write_phy_reg_m88
                0x0000000000446890                e1000_set_page_igp
                0x0000000000446940                e1000_read_phy_reg_igp
                0x0000000000446ae0                e1000_read_phy_reg_igp_locked
                0x0000000000446c40                e1000_write_phy_reg_igp
                0x0000000000446de0                e1000_write_phy_reg_igp_locked
                0x0000000000446f40                e1000_read_kmrn_reg_generic
                0x0000000000446fd0                e1000_read_kmrn_reg_locked
                0x0000000000447030                e1000_write_kmrn_reg_generic
                0x00000000004470b0                e1000_write_kmrn_reg_locked
                0x00000000004470e0                e1000_copper_link_setup_82577
                0x00000000004471c0                e1000_copper_link_setup_m88
                0x0000000000447420                e1000_copper_link_setup_m88_gen2
                0x0000000000447530                e1000_copper_link_setup_igp
                0x00000000004476b0                e1000_phy_setup_autoneg
                0x0000000000447800                e1000_copper_link_autoneg
                0x0000000000447910                e1000_phy_force_speed_duplex_setup
                0x00000000004479b0                e1000_set_d3_lplu_state_generic
                0x0000000000447b20                e1000_check_downshift_generic
                0x0000000000447be0                e1000_check_polarity_m88
                0x0000000000447c10                e1000_check_polarity_igp
                0x0000000000447c80                e1000_check_polarity_ife
                0x0000000000447cd0                e1000_phy_has_link_generic
                0x0000000000447e10                e1000_phy_force_speed_duplex_ife
                0x0000000000447ef0                e1000_phy_force_speed_duplex_m88
                0x0000000000448140                e1000_phy_force_speed_duplex_igp
                0x0000000000448220                e1000_setup_copper_link_generic
                0x0000000000448290                e1000_get_cable_length_m88
                0x0000000000448310                e1000_get_cable_length_m88_gen2
                0x0000000000448560                e1000_get_cable_length_igp_2
                0x0000000000448770                e1000_get_phy_info_m88
                0x00000000004488b0                e1000_get_phy_info_igp
                0x0000000000448a00                e1000_get_phy_info_ife
                0x0000000000448af0                e1000_phy_sw_reset_generic
                0x0000000000448b60                e1000_phy_hw_reset_generic
                0x0000000000448c10                e1000_get_cfg_done_generic
                0x0000000000448c30                e1000_phy_init_script_igp3
                0x0000000000448e90                e1000_get_phy_type_from_id
                0x0000000000449010                e1000_determine_phy_address
                0x00000000004491c0                e1000_write_phy_reg_bm
                0x00000000004493e0                e1000_read_phy_reg_bm
                0x0000000000449610                e1000_read_phy_reg_bm2
                0x00000000004497b0                e1000_write_phy_reg_bm2
                0x0000000000449950                e1000_enable_phy_wakeup_reg_access_bm
                0x0000000000449bb0                e1000_disable_phy_wakeup_reg_access_bm
                0x0000000000449cf0                e1000_power_up_phy_copper
                0x0000000000449d80                e1000_power_down_phy_copper
                0x0000000000449e20                e1000_read_phy_reg_hv
                0x0000000000449e30                e1000_read_phy_reg_hv_locked
                0x0000000000449e40                e1000_read_phy_reg_page_hv
                0x0000000000449e50                e1000_write_phy_reg_hv
                0x0000000000449e60                e1000_write_phy_reg_hv_locked
                0x0000000000449e70                e1000_write_phy_reg_page_hv
                0x0000000000449e90                e1000_link_stall_workaround_hv
                0x0000000000449f40                e1000_check_polarity_82577
                0x0000000000449f70                e1000_phy_force_speed_duplex_82577
                0x000000000044a010                e1000_get_phy_info_82577
                0x000000000044a130                e1000_get_cable_length_82577
                0x000000000044a180                e1000_write_phy_reg_gs40g
                0x000000000044a2e0                e1000_read_phy_reg_gs40g
                0x000000000044a440                e1000_read_phy_reg_mphy
                0x000000000044a620                e1000_write_phy_reg_mphy
                0x000000000044a820                e1000_is_mphy_ready
 *fill*         0x000000000044a87f        0x1 90909090
 .text          0x000000000044a880      0x6e7 /home/vadim/projects/ipaugenblick/dpdk-1.6.0r2/x86_64-default-linuxapp-gcc/lib/librte_pmd_e1000.a(e1000_vf.o)
                0x000000000044ade0                e1000_init_function_pointers_vf
                0x000000000044ae10                e1000_vfta_set_vf
                0x000000000044ae70                e1000_rlpml_set_vf
                0x000000000044aec0                e1000_promisc_set_vf
 *fill*         0x000000000044af67        0x9 90909090
 .text          0x000000000044af70     0x2295 /home/vadim/projects/ipaugenblick/dpdk-1.6.0r2/x86_64-default-linuxapp-gcc/lib/librte_pmd_e1000.a(igb_ethdev.o)
                0x000000000044d1d0                rte_igb_pmd_init
                0x000000000044d1f0                rte_igbvf_pmd_init
 *fill*         0x000000000044d205        0xb 90909090
 .text          0x000000000044d210     0x54b1 /home/vadim/projects/ipaugenblick/dpdk-1.6.0r2/x86_64-default-linuxapp-gcc/lib/librte_pmd_e1000.a(igb_rxtx.o)
                0x000000000044d210                eth_igb_recv_pkts
                0x000000000044da20                eth_igb_recv_scattered_pkts
                0x000000000044e670                eth_igb_xmit_pkts
                0x00000000004506d0                eth_igb_tx_queue_release
                0x0000000000450710                eth_igb_tx_queue_setup
                0x0000000000450a90                eth_igb_rx_queue_release
                0x0000000000450ad0                eth_igb_rx_queue_setup
                0x0000000000450e10                eth_igb_rx_queue_count
                0x0000000000450e80                eth_igb_rx_descriptor_done
                0x0000000000450ec0                igb_dev_clear_queues
                0x0000000000450fd0                eth_igb_rx_init
                0x0000000000451d40                eth_igb_tx_init
                0x0000000000451f20                eth_igbvf_rx_init
                0x0000000000452580                eth_igbvf_tx_init
 *fill*         0x00000000004526c1        0xf 90909090
 .text          0x00000000004526d0      0x8fc /home/vadim/projects/ipaugenblick/dpdk-1.6.0r2/x86_64-default-linuxapp-gcc/lib/librte_pmd_e1000.a(igb_pf.o)
                0x0000000000452770                igb_pf_host_init
                0x00000000004528e0                igb_pf_host_configure
                0x0000000000452a10                igb_pf_mbx_process
 *fill*         0x0000000000452fcc        0x4 90909090
 .text          0x0000000000452fd0     0x14e5 /home/vadim/projects/ipaugenblick/dpdk-1.6.0r2/x86_64-default-linuxapp-gcc/lib/librte_pmd_e1000.a(em_ethdev.o)
                0x00000000004544a0                rte_em_pmd_init
 *fill*         0x00000000004544b5        0xb 90909090
 .text          0x00000000004544c0     0x478d /home/vadim/projects/ipaugenblick/dpdk-1.6.0r2/x86_64-default-linuxapp-gcc/lib/librte_pmd_e1000.a(em_rxtx.o)
                0x00000000004544c0                eth_em_recv_pkts
                0x0000000000454c60                eth_em_recv_scattered_pkts
                0x00000000004566a0                eth_em_xmit_pkts
                0x0000000000457920                eth_em_tx_queue_release
                0x0000000000457960                eth_em_tx_queue_setup
                0x0000000000457db0                eth_em_rx_queue_release
                0x0000000000457df0                eth_em_rx_queue_setup
                0x0000000000458150                eth_em_rx_queue_count
                0x00000000004581c0                eth_em_rx_descriptor_done
                0x0000000000458200                em_dev_clear_queues
                0x00000000004582d0                eth_em_rx_init
                0x0000000000458b10                eth_em_tx_init
 *fill*         0x0000000000458c4d        0x3 90909090
 .text          0x0000000000458c50     0x6609 /home/vadim/projects/ipaugenblick/dpdk-1.6.0r2/x86_64-default-linuxapp-gcc/lib/librte_pmd_ixgbe.a(ixgbe_common.o)
                0x0000000000458c50                ixgbe_get_mac_addr_generic
                0x0000000000458c90                ixgbe_get_bus_info_generic
                0x0000000000458cd0                ixgbe_set_lan_id_multi_port_pcie
                0x0000000000458d10                ixgbe_led_on_generic
                0x0000000000458d40                ixgbe_led_off_generic
                0x0000000000458d70                ixgbe_calc_eeprom_checksum_generic
                0x0000000000458e90                ixgbe_validate_eeprom_checksum_generic
                0x0000000000458f20                ixgbe_update_eeprom_checksum_generic
                0x0000000000458f60                ixgbe_set_rar_generic
                0x0000000000459060                ixgbe_clear_rar_generic
                0x00000000004590e0                ixgbe_disable_mc_generic
                0x0000000000459100                ixgbe_enable_rx_dma_generic
                0x00000000004591d0                ixgbe_release_swfw_sync
                0x0000000000459220                ixgbe_acquire_swfw_sync
                0x00000000004593f0                ixgbe_blink_led_start_generic
                0x0000000000459510                ixgbe_blink_led_stop_generic
                0x0000000000459630                ixgbe_start_hw_generic
                0x0000000000459910                ixgbe_clear_hw_cntrs_generic
                0x000000000045a180                ixgbe_init_hw_generic
                0x000000000045a1a0                ixgbe_init_eeprom_params_generic
                0x000000000045a220                ixgbe_enable_mc_generic
                0x000000000045a2d0                ixgbe_update_uc_addr_list_generic
                0x000000000045a440                ixgbe_init_rx_addrs_generic
                0x000000000045a5b0                ixgbe_read_eerd_buffer_generic
                0x000000000045a670                ixgbe_read_eerd_generic
                0x000000000045a680                ixgbe_stop_adapter_generic
                0x000000000045c460                ixgbe_read_eeprom_buffer_bit_bang_generic
                0x000000000045c580                ixgbe_write_eeprom_buffer_bit_bang_generic
                0x000000000045c890                ixgbe_read_eeprom_bit_bang_generic
                0x000000000045c970                ixgbe_write_eeprom_generic
                0x000000000045ca50                ixgbe_init_ops_generic
                0x000000000045cc40                ixgbe_device_supports_autoneg_fc
                0x000000000045cc70                ixgbe_start_hw_gen2
                0x000000000045cd50                ixgbe_read_pba_string_generic
                0x000000000045d100                ixgbe_read_pba_num_generic
                0x000000000045d180                ixgbe_write_pba_raw
                0x000000000045d290                ixgbe_get_pba_block_size
                0x000000000045d380                ixgbe_read_pba_raw
                0x000000000045d4e0                ixgbe_write_eewr_buffer_generic
                0x000000000045d5e0                ixgbe_write_eewr_generic
                0x000000000045d690                ixgbe_poll_eerd_eewr_done
                0x000000000045d700                ixgbe_validate_mac_addr
                0x000000000045d750                ixgbe_add_uc_addr
                0x000000000045d790                ixgbe_set_mta
                0x000000000045d860                ixgbe_update_mc_addr_list_generic
                0x000000000045d9d0                ixgbe_fc_autoneg
                0x000000000045dbb0                ixgbe_fc_enable_generic
                0x000000000045e150                ixgbe_disable_pcie_master
                0x000000000045e1c0                ixgbe_disable_sec_rx_path_generic
                0x000000000045e210                ixgbe_enable_sec_rx_path_generic
                0x000000000045e230                ixgbe_get_san_mac_addr_generic
                0x000000000045e320                ixgbe_set_san_mac_addr_generic
                0x000000000045e3f0                ixgbe_get_pcie_msix_count_generic
                0x000000000045e400                ixgbe_insert_mac_addr_generic
                0x000000000045e550                ixgbe_clear_vmdq_generic
                0x000000000045e600                ixgbe_set_vmdq_generic
                0x000000000045e650                ixgbe_set_vmdq_san_mac_generic
                0x000000000045e6c0                ixgbe_init_uta_tables_generic
                0x000000000045e6f0                ixgbe_find_vlvf_slot
                0x000000000045e750                ixgbe_set_vlvf_generic
                0x000000000045e930                ixgbe_set_vfta_generic
                0x000000000045e9e0                ixgbe_clear_vfta_generic
                0x000000000045ea60                ixgbe_check_mac_link_generic
                0x000000000045eb50                ixgbe_get_wwn_prefix_generic
                0x000000000045ec00                ixgbe_get_fcoe_boot_status_generic
                0x000000000045eca0                ixgbe_set_mac_anti_spoofing
                0x000000000045ed70                ixgbe_set_vlan_anti_spoofing
                0x000000000045edc0                ixgbe_get_device_caps_generic
                0x000000000045ede0                ixgbe_enable_relaxed_ordering_gen2
                0x000000000045eea0                ixgbe_set_fw_drv_ver_generic
                0x000000000045f040                ixgbe_set_rxpba_generic
                0x000000000045f1e0                ixgbe_clear_tx_pending
 *fill*         0x000000000045f259        0x7 90909090
 .text          0x000000000045f260     0x16ff /home/vadim/projects/ipaugenblick/dpdk-1.6.0r2/x86_64-default-linuxapp-gcc/lib/librte_pmd_ixgbe.a(ixgbe_82598.o)
                0x000000000045f320                ixgbe_set_vmdq_82598
                0x000000000045f3d0                ixgbe_set_vfta_82598
                0x000000000045f4e0                ixgbe_get_supported_physical_layer_82598
                0x000000000045f6a0                ixgbe_enable_relaxed_ordering_82598
                0x000000000045f720                ixgbe_set_lan_id_multi_port_pcie_82598
                0x000000000045f7a0                ixgbe_read_i2c_eeprom_82598
                0x000000000045f880                ixgbe_write_analog_reg8_82598
                0x000000000045f8b0                ixgbe_read_analog_reg8_82598
                0x000000000045fe00                ixgbe_fc_enable_82598
                0x0000000000460300                ixgbe_start_hw_82598
                0x0000000000460680                ixgbe_init_phy_ops_82598
                0x00000000004607e0                ixgbe_set_pcie_completion_timeout
                0x0000000000460810                ixgbe_init_ops_82598
 *fill*         0x000000000046095f        0x1 90909090
 .text          0x0000000000460960     0x347a /home/vadim/projects/ipaugenblick/dpdk-1.6.0r2/x86_64-default-linuxapp-gcc/lib/librte_pmd_ixgbe.a(ixgbe_82599.o)
                0x0000000000460960                ixgbe_get_supported_physical_layer_82599
                0x0000000000460bb0                ixgbe_enable_rx_dma_82599
                0x0000000000460bf0                ixgbe_write_analog_reg8_82599
                0x0000000000460c20                ixgbe_read_analog_reg8_82599
                0x0000000000460c70                ixgbe_enable_tx_laser_multispeed_fiber
                0x0000000000460c90                ixgbe_disable_tx_laser_multispeed_fiber
                0x0000000000460cb0                ixgbe_identify_phy_82599
                0x0000000000460d80                ixgbe_get_link_capabilities_82599
                0x0000000000460f30                ixgbe_get_media_type_82599
                0x0000000000460ff0                ixgbe_start_hw_82599
                0x00000000004610c0                ixgbe_flap_tx_laser_multispeed_fiber
                0x0000000000461120                ixgbe_reinit_fdir_tables_82599
                0x00000000004613d0                ixgbe_init_fdir_signature_82599
                0x0000000000461500                ixgbe_init_fdir_perfect_82599
                0x0000000000461630                ixgbe_atr_compute_sig_hash_82599
                0x0000000000461700                ixgbe_fdir_add_signature_filter_82599
                0x0000000000461770                ixgbe_atr_compute_perfect_hash_82599
                0x00000000004618a0                ixgbe_fdir_set_input_mask_82599
                0x0000000000461ad0                ixgbe_fdir_write_perfect_filter_82599
                0x0000000000461ca0                ixgbe_fdir_erase_perfect_filter_82599
                0x0000000000461e10                ixgbe_fdir_add_perfect_filter_82599
                0x0000000000461f00                ixgbe_verify_lesm_fw_enabled_82599
                0x0000000000461fa0                ixgbe_init_mac_link_ops_82599
                0x0000000000462060                ixgbe_reset_hw_82599
                0x0000000000462580                ixgbe_setup_mac_link_82599
                0x0000000000462990                ixgbe_setup_mac_link_smartspeed
                0x0000000000462e90                ixgbe_setup_mac_link_multispeed_fiber
                0x0000000000463210                ixgbe_start_mac_link_82599
                0x00000000004634b0                ixgbe_init_ops_82599
                0x0000000000463770                ixgbe_setup_sfp_modules_82599
                0x0000000000463af0                ixgbe_init_phy_ops_82599
                0x0000000000463c50                ixgbe_reset_pipeline_82599
 *fill*         0x0000000000463dda        0x6 90909090
 .text          0x0000000000463de0      0xe70 /home/vadim/projects/ipaugenblick/dpdk-1.6.0r2/x86_64-default-linuxapp-gcc/lib/librte_pmd_ixgbe.a(ixgbe_x540.o)
                0x0000000000463de0                ixgbe_get_media_type_X540
                0x0000000000463df0                ixgbe_setup_mac_link_X540
                0x0000000000463e00                ixgbe_get_supported_physical_layer_X540
                0x0000000000463e50                ixgbe_blink_led_start_X540
                0x0000000000463ec0                ixgbe_blink_led_stop_X540
                0x0000000000463f10                ixgbe_write_eewr_X540
                0x0000000000463f90                ixgbe_validate_eeprom_checksum_X540
                0x0000000000464050                ixgbe_calc_eeprom_checksum_X540
                0x0000000000464190                ixgbe_read_eerd_X540
                0x0000000000464210                ixgbe_write_eewr_buffer_X540
                0x00000000004642a0                ixgbe_read_eerd_buffer_X540
                0x0000000000464330                ixgbe_start_hw_X540
                0x0000000000464350                ixgbe_reset_hw_X540
                0x0000000000464540                ixgbe_init_eeprom_params_X540
                0x0000000000464590                ixgbe_acquire_swfw_sync_X540
                0x0000000000464790                ixgbe_release_swfw_sync_X540
                0x0000000000464870                ixgbe_update_eeprom_checksum_X540
                0x00000000004649e0                ixgbe_init_ops_X540
                0x0000000000464c40                ixgbe_get_link_capabilities_X540
 .text          0x0000000000464c50     0x22ee /home/vadim/projects/ipaugenblick/dpdk-1.6.0r2/x86_64-default-linuxapp-gcc/lib/librte_pmd_ixgbe.a(ixgbe_phy.o)
                0x0000000000464c50                ixgbe_setup_phy_link_speed_generic
                0x0000000000464cb0                ixgbe_get_phy_firmware_version_generic
                0x0000000000464cd0                ixgbe_read_i2c_eeprom_generic
                0x0000000000464cf0                ixgbe_write_i2c_eeprom_generic
                0x0000000000464d10                ixgbe_tn_check_overtemp
                0x0000000000464d60                ixgbe_write_phy_reg_generic
                0x0000000000464e70                ixgbe_read_phy_reg_generic
                0x0000000000465080                ixgbe_setup_phy_link_generic
                0x0000000000465590                ixgbe_i2c_bus_clear
                0x00000000004657e0                ixgbe_write_i2c_byte_generic
                0x0000000000465900                ixgbe_read_i2c_byte_generic
                0x0000000000465bb0                ixgbe_identify_phy_generic
                0x0000000000465d70                ixgbe_reset_phy_generic
                0x0000000000465e50                ixgbe_init_phy_ops_generic
                0x0000000000465f10                ixgbe_validate_phy_addr
                0x0000000000465f50                ixgbe_get_phy_id
                0x0000000000465fd0                ixgbe_get_phy_type_from_id
                0x0000000000466010                ixgbe_get_copper_link_capabilities_generic
                0x0000000000466070                ixgbe_check_phy_link_tnx
                0x00000000004662c0                ixgbe_setup_phy_link_tnx
                0x0000000000466690                ixgbe_get_phy_firmware_version_tnx
                0x00000000004666b0                ixgbe_identify_sfp_module_generic
                0x0000000000466b80                ixgbe_identify_module_generic
                0x0000000000466bb0                ixgbe_get_sfp_init_sequence_offsets
                0x0000000000466d60                ixgbe_reset_phy_nl
 *fill*         0x0000000000466f3e        0x2 90909090
 .text          0x0000000000466f40      0xc4a /home/vadim/projects/ipaugenblick/dpdk-1.6.0r2/x86_64-default-linuxapp-gcc/lib/librte_pmd_ixgbe.a(ixgbe_api.o)
                0x0000000000466f40                ixgbe_set_mac_type
                0x0000000000467100                ixgbe_init_shared_code
                0x0000000000467170                ixgbe_init_hw
                0x0000000000467190                ixgbe_reset_hw
                0x00000000004671b0                ixgbe_start_hw
                0x00000000004671d0                ixgbe_enable_relaxed_ordering
                0x00000000004671f0                ixgbe_clear_hw_cntrs
                0x0000000000467210                ixgbe_get_media_type
                0x0000000000467230                ixgbe_get_mac_addr
                0x0000000000467250                ixgbe_get_san_mac_addr
                0x0000000000467270                ixgbe_set_san_mac_addr
                0x0000000000467290                ixgbe_get_device_caps
                0x00000000004672b0                ixgbe_get_wwn_prefix
                0x00000000004672d0                ixgbe_get_fcoe_boot_status
                0x00000000004672f0                ixgbe_get_bus_info
                0x0000000000467310                ixgbe_get_num_of_tx_queues
                0x0000000000467320                ixgbe_get_num_of_rx_queues
                0x0000000000467330                ixgbe_stop_adapter
                0x0000000000467350                ixgbe_read_pba_string
                0x0000000000467360                ixgbe_read_pba_num
                0x0000000000467370                ixgbe_identify_phy
                0x00000000004673b0                ixgbe_reset_phy
                0x0000000000467410                ixgbe_get_phy_firmware_version
                0x0000000000467430                ixgbe_read_phy_reg
                0x00000000004674b0                ixgbe_write_phy_reg
                0x0000000000467540                ixgbe_setup_phy_link
                0x0000000000467560                ixgbe_check_phy_link
                0x0000000000467580                ixgbe_setup_phy_link_speed
                0x00000000004675a0                ixgbe_check_link
                0x00000000004675c0                ixgbe_disable_tx_laser
                0x00000000004675e0                ixgbe_enable_tx_laser
                0x0000000000467600                ixgbe_flap_tx_laser
                0x0000000000467620                ixgbe_setup_link
                0x0000000000467640                ixgbe_get_link_capabilities
                0x0000000000467660                ixgbe_led_on
                0x0000000000467680                ixgbe_led_off
                0x00000000004676a0                ixgbe_blink_led_start
                0x00000000004676c0                ixgbe_blink_led_stop
                0x00000000004676e0                ixgbe_init_eeprom_params
                0x0000000000467700                ixgbe_write_eeprom
                0x0000000000467720                ixgbe_write_eeprom_buffer
                0x0000000000467740                ixgbe_read_eeprom
                0x0000000000467760                ixgbe_read_eeprom_buffer
                0x0000000000467780                ixgbe_validate_eeprom_checksum
                0x00000000004677a0                ixgbe_update_eeprom_checksum
                0x00000000004677c0                ixgbe_insert_mac_addr
                0x00000000004677e0                ixgbe_set_rar
                0x0000000000467800                ixgbe_clear_rar
                0x0000000000467820                ixgbe_set_vmdq
                0x0000000000467840                ixgbe_set_vmdq_san_mac
                0x0000000000467860                ixgbe_clear_vmdq
                0x0000000000467880                ixgbe_init_rx_addrs
                0x00000000004678a0                ixgbe_get_num_rx_addrs
                0x00000000004678b0                ixgbe_update_uc_addr_list
                0x00000000004678d0                ixgbe_update_mc_addr_list
                0x00000000004678f0                ixgbe_enable_mc
                0x0000000000467910                ixgbe_disable_mc
                0x0000000000467930                ixgbe_clear_vfta
                0x0000000000467950                ixgbe_set_vfta
                0x0000000000467970                ixgbe_set_vlvf
                0x0000000000467990                ixgbe_fc_enable
                0x00000000004679b0                ixgbe_set_fw_drv_ver
                0x00000000004679e0                ixgbe_read_analog_reg8
                0x0000000000467a00                ixgbe_write_analog_reg8
                0x0000000000467a20                ixgbe_init_uta_tables
                0x0000000000467a40                ixgbe_read_i2c_byte
                0x0000000000467a60                ixgbe_write_i2c_byte
                0x0000000000467a90                ixgbe_write_i2c_eeprom
                0x0000000000467ab0                ixgbe_read_i2c_eeprom
                0x0000000000467ad0                ixgbe_get_supported_physical_layer
                0x0000000000467af0                ixgbe_enable_rx_dma
                0x0000000000467b10                ixgbe_disable_sec_rx_path
                0x0000000000467b30                ixgbe_enable_sec_rx_path
                0x0000000000467b50                ixgbe_acquire_swfw_semaphore
                0x0000000000467b70                ixgbe_release_swfw_semaphore
 *fill*         0x0000000000467b8a        0x6 90909090
 .text          0x0000000000467b90      0x8c2 /home/vadim/projects/ipaugenblick/dpdk-1.6.0r2/x86_64-default-linuxapp-gcc/lib/librte_pmd_ixgbe.a(ixgbe_vf.o)
                0x0000000000467b90                ixgbe_start_hw_vf
                0x0000000000467ba0                ixgbe_init_hw_vf
                0x0000000000467be0                ixgbe_set_vfta_vf
                0x0000000000467c50                ixgbe_get_mac_addr_vf
                0x0000000000467c90                ixgbe_setup_mac_link_vf
                0x0000000000467ca0                ixgbe_check_mac_link_vf
                0x0000000000467d60                ixgbe_update_mc_addr_list_vf
                0x0000000000467e80                ixgbe_stop_adapter_vf
                0x0000000000467f20                ixgbe_reset_hw_vf
                0x0000000000468010                ixgbevf_set_uc_addr_vf
                0x00000000004680a0                ixgbe_set_rar_vf
                0x0000000000468160                ixgbe_init_ops_vf
                0x0000000000468240                ixgbe_get_num_of_tx_queues_vf
                0x0000000000468250                ixgbe_get_num_of_rx_queues_vf
                0x0000000000468260                ixgbevf_rlpml_set_vf
                0x00000000004682b0                ixgbevf_negotiate_api_version
                0x0000000000468330                ixgbevf_get_queues
 *fill*         0x0000000000468452        0xe 90909090
 .text          0x0000000000468460     0x2aef /home/vadim/projects/ipaugenblick/dpdk-1.6.0r2/x86_64-default-linuxapp-gcc/lib/librte_pmd_ixgbe.a(ixgbe_dcb.o)
                0x0000000000468460                ixgbe_dcb_calculate_tc_credits
                0x00000000004686f0                ixgbe_dcb_calculate_tc_credits_cee
                0x0000000000469440                ixgbe_dcb_unpack_pfc_cee
                0x00000000004694f0                ixgbe_dcb_unpack_refill_cee
                0x0000000000469550                ixgbe_dcb_unpack_max_cee
                0x00000000004695a0                ixgbe_dcb_unpack_bwgid_cee
                0x00000000004695f0                ixgbe_dcb_unpack_tsa_cee
                0x0000000000469640                ixgbe_dcb_get_tc_from_up
                0x00000000004696a0                ixgbe_dcb_unpack_map_cee
                0x0000000000469710                ixgbe_dcb_check_config_cee
                0x000000000046a210                ixgbe_dcb_get_tc_stats
                0x000000000046a250                ixgbe_dcb_get_pfc_stats
                0x000000000046a290                ixgbe_dcb_config_rx_arbiter_cee
                0x000000000046a4c0                ixgbe_dcb_config_tx_desc_arbiter_cee
                0x000000000046a680                ixgbe_dcb_config_tx_data_arbiter_cee
                0x000000000046a8b0                ixgbe_dcb_config_pfc_cee
                0x000000000046aa50                ixgbe_dcb_config_tc_stats
                0x000000000046aa80                ixgbe_dcb_hw_config_cee
                0x000000000046ae20                ixgbe_dcb_config_pfc
                0x000000000046ae60                ixgbe_dcb_hw_config
 *fill*         0x000000000046af4f        0x1 90909090
 .text          0x000000000046af50      0xf29 /home/vadim/projects/ipaugenblick/dpdk-1.6.0r2/x86_64-default-linuxapp-gcc/lib/librte_pmd_ixgbe.a(ixgbe_dcb_82599.o)
                0x000000000046af50                ixgbe_dcb_get_tc_stats_82599
                0x000000000046b010                ixgbe_dcb_get_pfc_stats_82599
                0x000000000046b070                ixgbe_dcb_config_rx_arbiter_82599
                0x000000000046b290                ixgbe_dcb_config_tx_desc_arbiter_82599
                0x000000000046b510                ixgbe_dcb_config_tx_data_arbiter_82599
                0x000000000046b800                ixgbe_dcb_config_pfc_82599
                0x000000000046bb20                ixgbe_dcb_config_tc_stats_82599
                0x000000000046bcd0                ixgbe_dcb_config_82599
                0x000000000046bde0                ixgbe_dcb_hw_config_82599
 *fill*         0x000000000046be79        0x7 90909090
 .text          0x000000000046be80      0xc19 /home/vadim/projects/ipaugenblick/dpdk-1.6.0r2/x86_64-default-linuxapp-gcc/lib/librte_pmd_ixgbe.a(ixgbe_dcb_82598.o)
                0x000000000046be80                ixgbe_dcb_get_tc_stats_82598
                0x000000000046bf00                ixgbe_dcb_get_pfc_stats_82598
                0x000000000046bf60                ixgbe_dcb_config_rx_arbiter_82598
                0x000000000046c0e0                ixgbe_dcb_config_tx_desc_arbiter_82598
                0x000000000046c380                ixgbe_dcb_config_tx_data_arbiter_82598
                0x000000000046c620                ixgbe_dcb_config_pfc_82598
                0x000000000046c930                ixgbe_dcb_config_tc_stats_82598
                0x000000000046ca10                ixgbe_dcb_hw_config_82598
 *fill*         0x000000000046ca99        0x7 90909090
 .text          0x000000000046caa0      0x8bb /home/vadim/projects/ipaugenblick/dpdk-1.6.0r2/x86_64-default-linuxapp-gcc/lib/librte_pmd_ixgbe.a(ixgbe_mbx.o)
                0x000000000046cdb0                ixgbe_write_posted_mbx
                0x000000000046ce70                ixgbe_read_posted_mbx
                0x000000000046d120                ixgbe_read_mbx
                0x000000000046d150                ixgbe_write_mbx
                0x000000000046d180                ixgbe_check_for_msg
                0x000000000046d1a0                ixgbe_check_for_ack
                0x000000000046d1c0                ixgbe_check_for_rst
                0x000000000046d1e0                ixgbe_init_mbx_ops_generic
                0x000000000046d200                ixgbe_init_mbx_params_vf
                0x000000000046d2a0                ixgbe_init_mbx_params_pf
 *fill*         0x000000000046d35b        0x5 90909090
 .text          0x000000000046d360     0x8fec /home/vadim/projects/ipaugenblick/dpdk-1.6.0r2/x86_64-default-linuxapp-gcc/lib/librte_pmd_ixgbe.a(ixgbe_rxtx.o)
                0x000000000046d5a0                ixgbe_recv_pkts
                0x000000000046e9c0                ixgbe_recv_pkts_bulk_alloc
                0x000000000046eb50                ixgbe_xmit_pkts
                0x000000000046ff20                ixgbe_recv_scattered_pkts
                0x0000000000471a60                ixgbe_xmit_pkts_simple
                0x0000000000473030                ixgbe_dev_tx_queue_release
                0x0000000000473070                ixgbe_dev_tx_queue_setup
                0x00000000004735a0                ixgbe_dev_rx_queue_release
                0x00000000004735d0                ixgbe_dev_rx_queue_setup
                0x0000000000473920                ixgbe_dev_rx_queue_count
                0x0000000000473990                ixgbe_dev_rx_descriptor_done
                0x00000000004739d0                ixgbe_dev_clear_queues
                0x0000000000473a80                ixgbe_configure_dcb
                0x00000000004745c0                ixgbe_dev_rx_init
                0x0000000000475130                ixgbe_dev_tx_init
                0x00000000004753e0                ixgbe_dev_rxtx_start
                0x0000000000475ab0                ixgbevf_dev_rx_init
                0x0000000000475f90                ixgbevf_dev_tx_init
                0x0000000000476000                ixgbevf_dev_rxtx_start
 *fill*         0x000000000047634c        0x4 90909090
 .text          0x0000000000476350     0x45ad /home/vadim/projects/ipaugenblick/dpdk-1.6.0r2/x86_64-default-linuxapp-gcc/lib/librte_pmd_ixgbe.a(ixgbe_ethdev.o)
                0x000000000047a2b0                rte_ixgbe_pmd_init
                0x000000000047a2d0                rte_ixgbevf_pmd_init
                0x000000000047a2f0                ixgbe_vlan_hw_filter_disable
                0x000000000047a310                ixgbe_vlan_hw_filter_enable
                0x000000000047a360                ixgbe_vlan_hw_strip_disable_all
                0x000000000047a420                ixgbe_vlan_hw_strip_enable_all
 *fill*         0x000000000047a8fd        0x3 90909090
 .text          0x000000000047a900     0x136b /home/vadim/projects/ipaugenblick/dpdk-1.6.0r2/x86_64-default-linuxapp-gcc/lib/librte_pmd_ixgbe.a(ixgbe_fdir.o)
                0x000000000047af20                ixgbe_fdir_configure
                0x000000000047b1a0                ixgbe_fdir_add_signature_filter
                0x000000000047b2d0                ixgbe_fdir_update_signature_filter
                0x000000000047b400                ixgbe_fdir_remove_signature_filter
                0x000000000047b640                ixgbe_fdir_set_masks
                0x000000000047b910                ixgbe_fdir_add_perfect_filter
                0x000000000047b930                ixgbe_fdir_update_perfect_filter
                0x000000000047b950                ixgbe_fdir_remove_perfect_filter
                0x000000000047bb80                ixgbe_fdir_info_get
 *fill*         0x000000000047bc6b        0x5 90909090
 .text          0x000000000047bc70      0xcec /home/vadim/projects/ipaugenblick/dpdk-1.6.0r2/x86_64-default-linuxapp-gcc/lib/librte_pmd_ixgbe.a(ixgbe_pf.o)
                0x000000000047bd10                ixgbe_pf_host_init
                0x000000000047c070                ixgbe_pf_host_configure
                0x000000000047c300                ixgbe_pf_mbx_process
 *fill*         0x000000000047c95c        0x4 90909090
 .text          0x000000000047c960       0x78 /home/vadim/projects/ipaugenblick/dpdk-1.6.0r2/x86_64-default-linuxapp-gcc/lib/librte_pmd_virtio_uio.a(virtqueue.o)
                0x000000000047c960                virtqueue_disable_intr
                0x000000000047c970                virtqueue_detatch_unused
 *fill*         0x000000000047c9d8        0x8 90909090
 .text          0x000000000047c9e0      0x143 /home/vadim/projects/ipaugenblick/dpdk-1.6.0r2/x86_64-default-linuxapp-gcc/lib/librte_pmd_virtio_uio.a(virtio_pci.o)
                0x000000000047c9e0                vtpci_read_dev_config
                0x000000000047ca50                vtpci_write_dev_config
                0x000000000047cad0                vtpci_negotiate_features
                0x000000000047cae0                vtpci_reset
                0x000000000047caf0                vtpci_reinit_complete
                0x000000000047cb00                vtpci_get_status
                0x000000000047cb10                vtpci_set_status
 *fill*         0x000000000047cb23        0xd 90909090
 .text          0x000000000047cb30     0x2cf8 /home/vadim/projects/ipaugenblick/dpdk-1.6.0r2/x86_64-default-linuxapp-gcc/lib/librte_pmd_virtio_uio.a(virtio_rxtx.o)
                0x000000000047d830                virtio_dev_rxtx_start
                0x000000000047d880                virtio_dev_rx_queue_setup
                0x000000000047d8f0                virtio_dev_tx_queue_setup
                0x000000000047d940                virtio_recv_pkts
                0x000000000047ed90                virtio_xmit_pkts
 *fill*         0x000000000047f828        0x8 90909090
 .text          0x000000000047f830     0x1b15 /home/vadim/projects/ipaugenblick/dpdk-1.6.0r2/x86_64-default-linuxapp-gcc/lib/librte_pmd_virtio_uio.a(virtio_ethdev.o)
                0x0000000000480ec0                virtio_dev_queue_setup
                0x0000000000481330                rte_virtio_pmd_init
 *fill*         0x0000000000481345        0xb 90909090
 .text          0x0000000000481350     0x37ab /home/vadim/projects/ipaugenblick/dpdk-1.6.0r2/x86_64-default-linuxapp-gcc/lib/librte_pmd_vmxnet3_uio.a(vmxnet3_rxtx.o)
                0x0000000000481bc0                vmxnet3_dev_tx_queue_release
                0x0000000000481c50                vmxnet3_dev_rx_queue_release
                0x0000000000481cf0                vmxnet3_dev_clear_queues
                0x0000000000481eb0                vmxnet3_xmit_pkts
                0x0000000000482180                vmxnet3_recv_pkts
                0x0000000000483f00                vmxnet3_dev_tx_queue_setup
                0x0000000000484150                vmxnet3_dev_rx_queue_setup
                0x0000000000484430                vmxnet3_dev_rxtx_init
                0x0000000000484980                vmxnet3_rss_configure
                0x0000000000484ad0                vmxnet3_vlan_configure
 *fill*         0x0000000000484afb        0x5 90909090
 .text          0x0000000000484b00      0xc05 /home/vadim/projects/ipaugenblick/dpdk-1.6.0r2/x86_64-default-linuxapp-gcc/lib/librte_pmd_vmxnet3_uio.a(vmxnet3_ethdev.o)
                0x00000000004856f0                rte_vmxnet3_pmd_init
 *fill*         0x0000000000485705        0xb 90909090
 .text          0x0000000000485710      0x9fa /home/vadim/projects/ipaugenblick/dpdk-1.6.0r2/x86_64-default-linuxapp-gcc/lib/librte_timer.a(rte_timer.o)
                0x0000000000485bb0                rte_timer_subsystem_init
                0x0000000000485bf0                rte_timer_init
                0x0000000000485c00                rte_timer_reset
                0x0000000000485cf0                rte_timer_reset_sync
                0x0000000000485d40                rte_timer_stop
                0x0000000000485dd0                rte_timer_stop_sync
                0x0000000000485e00                rte_timer_pending
                0x0000000000485e10                rte_timer_manage
                0x0000000000486100                rte_timer_dump_stats
 *fill*         0x000000000048610a        0x6 90909090
 .text          0x0000000000486110     0x1756 /home/vadim/projects/ipaugenblick/dpdk-1.6.0r2/x86_64-default-linuxapp-gcc/lib/librte_hash.a(rte_hash.o)
                0x00000000004863f0                rte_hash_find_existing
                0x00000000004864b0                rte_hash_create
                0x00000000004867b0                rte_hash_free
                0x0000000000486850                rte_hash_add_key_with_hash
                0x0000000000486da0                rte_hash_add_key
                0x0000000000487300                rte_hash_del_key_with_hash
                0x0000000000487400                rte_hash_del_key
                0x0000000000487510                rte_hash_lookup_with_hash
                0x0000000000487610                rte_hash_lookup
                0x0000000000487710                rte_hash_lookup_bulk
 *fill*         0x0000000000487866        0xa 90909090
 .text          0x0000000000487870      0x546 /home/vadim/projects/ipaugenblick/dpdk-1.6.0r2/x86_64-default-linuxapp-gcc/lib/librte_hash.a(rte_fbk_hash.o)
                0x0000000000487a10                rte_fbk_hash_find_existing
                0x0000000000487ad0                rte_fbk_hash_create
                0x0000000000487d20                rte_fbk_hash_free
 *fill*         0x0000000000487db6        0xa 90909090
 .text          0x0000000000487dc0     0x1082 /home/vadim/projects/ipaugenblick/dpdk-1.6.0r2/x86_64-default-linuxapp-gcc/lib/librte_lpm.a(rte_lpm.o)
                0x0000000000487ef0                rte_lpm_find_existing
                0x0000000000487fb0                rte_lpm_create
                0x0000000000488190                rte_lpm_free
                0x0000000000488230                rte_lpm_add
                0x0000000000488870                rte_lpm_delete
                0x0000000000488d50                rte_lpm_delete_all
 *fill*         0x0000000000488e42        0xe 90909090
 .text          0x0000000000488e50     0x2060 /home/vadim/projects/ipaugenblick/dpdk-1.6.0r2/x86_64-default-linuxapp-gcc/lib/librte_lpm.a(rte_lpm6.o)
                0x00000000004895d0                rte_lpm6_create
                0x0000000000489840                rte_lpm6_find_existing
                0x0000000000489900                rte_lpm6_free
                0x00000000004899b0                rte_lpm6_lookup
                0x0000000000489a60                rte_lpm6_lookup_bulk_func
                0x0000000000489b60                rte_lpm6_delete
                0x000000000048a050                rte_lpm6_add
                0x000000000048a920                rte_lpm6_delete_bulk_func
                0x000000000048ae60                rte_lpm6_delete_all
 .text          0x000000000048aeb0     0x16b7 /home/vadim/projects/ipaugenblick/dpdk-1.6.0r2/x86_64-default-linuxapp-gcc/lib/librte_power.a(rte_power.o)
                0x000000000048b8f0                rte_power_init
                0x000000000048bbc0                rte_power_exit
                0x000000000048bd40                rte_power_freqs
                0x000000000048c160                rte_power_get_freq
                0x000000000048c1c0                rte_power_set_freq
                0x000000000048c270                rte_power_freq_down
                0x000000000048c330                rte_power_freq_up
                0x000000000048c3f0                rte_power_freq_max
                0x000000000048c4b0                rte_power_freq_min
 *fill*         0x000000000048c567        0x9 90909090
 .text          0x000000000048c570      0x511 /home/vadim/projects/ipaugenblick/dpdk-1.6.0r2/x86_64-default-linuxapp-gcc/lib/librte_meter.a(rte_meter.o)
                0x000000000048c570                rte_meter_srtcm_config
                0x000000000048c770                rte_meter_trtcm_config
 *fill*         0x000000000048ca81        0xf 90909090
 .text          0x000000000048ca90     0x39c4 /home/vadim/projects/ipaugenblick/dpdk-1.6.0r2/x86_64-default-linuxapp-gcc/lib/librte_sched.a(rte_sched.o)
                0x000000000048cde0                rte_sched_port_get_memory_footprint
                0x000000000048ce40                rte_sched_port_config
                0x000000000048d6e0                rte_sched_port_free
                0x000000000048d6f0                rte_sched_subport_config
                0x000000000048d970                rte_sched_pipe_config
                0x000000000048db00                rte_sched_subport_read_stats
                0x000000000048dc50                rte_sched_queue_read_stats
                0x000000000048dcd0                rte_sched_port_enqueue
                0x000000000048ef90                rte_sched_port_dequeue
 *fill*         0x0000000000490454        0xc 90909090
 .text          0x0000000000490460      0x213 /home/vadim/projects/ipaugenblick/dpdk-1.6.0r2/x86_64-default-linuxapp-gcc/lib/librte_sched.a(rte_red.o)
                0x0000000000490460                rte_red_rt_data_init
                0x0000000000490490                rte_red_config_init
 *fill*         0x0000000000490673        0xd 90909090
 .text          0x0000000000490680      0x2f3 /home/vadim/projects/ipaugenblick/dpdk-1.6.0r2/x86_64-default-linuxapp-gcc/lib/librte_sched.a(rte_approx.o)
                0x0000000000490680                rte_approx
 *fill*         0x0000000000490973        0xd 90909090
 .text          0x0000000000490980      0x46c /home/vadim/projects/ipaugenblick/dpdk-1.6.0r2/x86_64-default-linuxapp-gcc/lib/librte_kvargs.a(rte_kvargs.o)
                0x0000000000490980                rte_kvargs_count
                0x00000000004909e0                rte_kvargs_process
                0x0000000000490ac0                rte_kvargs_free
                0x0000000000490ae0                rte_kvargs_parse
 *fill*         0x0000000000490dec        0x4 90909090
 .text          0x0000000000490df0      0x37b /home/vadim/projects/ipaugenblick/dpdk-1.6.0r2/x86_64-default-linuxapp-gcc/lib/librte_mbuf.a(rte_mbuf.o)
                0x0000000000490df0                rte_ctrlmbuf_init
                0x0000000000490e80                rte_pktmbuf_pool_init
                0x0000000000490eb0                rte_pktmbuf_init
                0x0000000000490f70                rte_mbuf_sanity_check
                0x00000000004910a0                rte_pktmbuf_dump
 *fill*         0x000000000049116b        0x5 90909090
 .text          0x0000000000491170     0x2a2b /home/vadim/projects/ipaugenblick/dpdk-1.6.0r2/x86_64-default-linuxapp-gcc/lib/libethdev.a(rte_ethdev.o)
                0x00000000004913b0                rte_eth_dev_allocate
                0x00000000004915d0                rte_eth_driver_register
                0x00000000004915e0                rte_eth_dev_socket_id
                0x0000000000491610                rte_eth_dev_count
                0x0000000000491620                rte_eth_dev_configure
                0x0000000000491a80                rte_eth_dev_start
                0x0000000000491d00                rte_eth_dev_stop
                0x0000000000491d50                rte_eth_dev_close
                0x0000000000491da0                rte_eth_rx_queue_setup
                0x0000000000491ee0                rte_eth_tx_queue_setup
                0x0000000000491fe0                rte_eth_promiscuous_enable
                0x0000000000492020                rte_eth_promiscuous_disable