Archive member included because of file (symbol)

/usr/lib/x86_64-linux-gnu/libc_nonshared.a(elf-init.oS)
                              /usr/lib/gcc/x86_64-linux-gnu/4.6/../../../x86_64-linux-gnu/crt1.o (__libc_csu_init)

Discarded input sections

 .note.GNU-stack
                0x0000000000000000        0x0 /usr/lib/gcc/x86_64-linux-gnu/4.6/../../../x86_64-linux-gnu/crt1.o
 .gnu_debuglink
                0x0000000000000000        0xc /usr/lib/gcc/x86_64-linux-gnu/4.6/../../../x86_64-linux-gnu/crt1.o
 .note.GNU-stack
                0x0000000000000000        0x0 /usr/lib/gcc/x86_64-linux-gnu/4.6/../../../x86_64-linux-gnu/crti.o
 .gnu_debuglink
                0x0000000000000000        0xc /usr/lib/gcc/x86_64-linux-gnu/4.6/../../../x86_64-linux-gnu/crti.o
 .note.GNU-stack
                0x0000000000000000        0x0 /usr/lib/gcc/x86_64-linux-gnu/4.6/crtbegin.o
 .note.GNU-stack
                0x0000000000000000        0x0 ipaugenblick_main.o
 .note.GNU-stack
                0x0000000000000000        0x0 /usr/lib/x86_64-linux-gnu/libc_nonshared.a(elf-init.oS)
 .note.GNU-stack
                0x0000000000000000        0x0 /usr/lib/gcc/x86_64-linux-gnu/4.6/crtfastmath.o
 .note.GNU-stack
                0x0000000000000000        0x0 /usr/lib/gcc/x86_64-linux-gnu/4.6/crtend.o
 .note.GNU-stack
                0x0000000000000000        0x0 /usr/lib/gcc/x86_64-linux-gnu/4.6/../../../x86_64-linux-gnu/crtn.o
 .gnu_debuglink
                0x0000000000000000        0xc /usr/lib/gcc/x86_64-linux-gnu/4.6/../../../x86_64-linux-gnu/crtn.o

Memory Configuration

Name             Origin             Length             Attributes
*default*        0x0000000000000000 0xffffffffffffffff

Linker script and memory map

LOAD /usr/lib/gcc/x86_64-linux-gnu/4.6/../../../x86_64-linux-gnu/crt1.o
LOAD /usr/lib/gcc/x86_64-linux-gnu/4.6/../../../x86_64-linux-gnu/crti.o
LOAD /usr/lib/gcc/x86_64-linux-gnu/4.6/crtbegin.o
LOAD ipaugenblick_main.o
LOAD /home/vadim/ipaugenblick_dpdk2.0/ipaugenblick/service/../build/lib/libnetinet.so
LOAD /home/vadim/ipaugenblick_dpdk2.0/ipaugenblick/service/../dpdk-2.0.0/x86_64-native-linuxapp-gcc/lib/librte_distributor.so
LOAD /home/vadim/ipaugenblick_dpdk2.0/ipaugenblick/service/../dpdk-2.0.0/x86_64-native-linuxapp-gcc/lib/librte_reorder.so
LOAD /home/vadim/ipaugenblick_dpdk2.0/ipaugenblick/service/../dpdk-2.0.0/x86_64-native-linuxapp-gcc/lib/librte_kni.so
LOAD /home/vadim/ipaugenblick_dpdk2.0/ipaugenblick/service/../dpdk-2.0.0/x86_64-native-linuxapp-gcc/lib/librte_pipeline.so
LOAD /home/vadim/ipaugenblick_dpdk2.0/ipaugenblick/service/../dpdk-2.0.0/x86_64-native-linuxapp-gcc/lib/librte_table.so
LOAD /home/vadim/ipaugenblick_dpdk2.0/ipaugenblick/service/../dpdk-2.0.0/x86_64-native-linuxapp-gcc/lib/librte_port.so
LOAD /home/vadim/ipaugenblick_dpdk2.0/ipaugenblick/service/../dpdk-2.0.0/x86_64-native-linuxapp-gcc/lib/librte_timer.so
LOAD /home/vadim/ipaugenblick_dpdk2.0/ipaugenblick/service/../dpdk-2.0.0/x86_64-native-linuxapp-gcc/lib/librte_hash.so
LOAD /home/vadim/ipaugenblick_dpdk2.0/ipaugenblick/service/../dpdk-2.0.0/x86_64-native-linuxapp-gcc/lib/librte_jobstats.so
LOAD /home/vadim/ipaugenblick_dpdk2.0/ipaugenblick/service/../dpdk-2.0.0/x86_64-native-linuxapp-gcc/lib/librte_lpm.so
LOAD /home/vadim/ipaugenblick_dpdk2.0/ipaugenblick/service/../dpdk-2.0.0/x86_64-native-linuxapp-gcc/lib/librte_power.so
LOAD /home/vadim/ipaugenblick_dpdk2.0/ipaugenblick/service/../dpdk-2.0.0/x86_64-native-linuxapp-gcc/lib/librte_acl.so
LOAD /home/vadim/ipaugenblick_dpdk2.0/ipaugenblick/service/../dpdk-2.0.0/x86_64-native-linuxapp-gcc/lib/librte_meter.so
LOAD /home/vadim/ipaugenblick_dpdk2.0/ipaugenblick/service/../dpdk-2.0.0/x86_64-native-linuxapp-gcc/lib/librte_sched.so
LOAD /usr/lib/gcc/x86_64-linux-gnu/4.6/../../../x86_64-linux-gnu/libm.so
LOAD /usr/lib/gcc/x86_64-linux-gnu/4.6/../../../x86_64-linux-gnu/librt.so
START GROUP
LOAD /home/vadim/ipaugenblick_dpdk2.0/ipaugenblick/service/../dpdk-2.0.0/x86_64-native-linuxapp-gcc/lib/librte_kvargs.so
LOAD /home/vadim/ipaugenblick_dpdk2.0/ipaugenblick/service/../dpdk-2.0.0/x86_64-native-linuxapp-gcc/lib/librte_mbuf.so
LOAD /home/vadim/ipaugenblick_dpdk2.0/ipaugenblick/service/../dpdk-2.0.0/x86_64-native-linuxapp-gcc/lib/librte_ip_frag.so
LOAD /home/vadim/ipaugenblick_dpdk2.0/ipaugenblick/service/../dpdk-2.0.0/x86_64-native-linuxapp-gcc/lib/libethdev.so
LOAD /home/vadim/ipaugenblick_dpdk2.0/ipaugenblick/service/../dpdk-2.0.0/x86_64-native-linuxapp-gcc/lib/librte_malloc.so
LOAD /home/vadim/ipaugenblick_dpdk2.0/ipaugenblick/service/../dpdk-2.0.0/x86_64-native-linuxapp-gcc/lib/librte_mempool.so
LOAD /home/vadim/ipaugenblick_dpdk2.0/ipaugenblick/service/../dpdk-2.0.0/x86_64-native-linuxapp-gcc/lib/librte_ring.so
LOAD /home/vadim/ipaugenblick_dpdk2.0/ipaugenblick/service/../dpdk-2.0.0/x86_64-native-linuxapp-gcc/lib/librte_eal.so
LOAD /home/vadim/ipaugenblick_dpdk2.0/ipaugenblick/service/../dpdk-2.0.0/x86_64-native-linuxapp-gcc/lib/librte_cmdline.so
LOAD /home/vadim/ipaugenblick_dpdk2.0/ipaugenblick/service/../dpdk-2.0.0/x86_64-native-linuxapp-gcc/lib/librte_cfgfile.so
LOAD /home/vadim/ipaugenblick_dpdk2.0/ipaugenblick/service/../dpdk-2.0.0/x86_64-native-linuxapp-gcc/lib/librte_pmd_bond.so
LOAD /usr/lib/gcc/x86_64-linux-gnu/4.6/../../../x86_64-linux-gnu/librt.so
LOAD /usr/lib/gcc/x86_64-linux-gnu/4.6/../../../x86_64-linux-gnu/libm.so
LOAD /usr/lib/gcc/x86_64-linux-gnu/4.6/../../../x86_64-linux-gnu/libdl.so
END GROUP
LOAD /usr/lib/gcc/x86_64-linux-gnu/4.6/libgcc.a
LOAD /usr/lib/gcc/x86_64-linux-gnu/4.6/libgcc_s.so
LOAD /usr/lib/gcc/x86_64-linux-gnu/4.6/../../../x86_64-linux-gnu/libpthread.so
START GROUP
LOAD /lib/x86_64-linux-gnu/libpthread.so.0
LOAD /usr/lib/x86_64-linux-gnu/libpthread_nonshared.a
END GROUP
LOAD /usr/lib/gcc/x86_64-linux-gnu/4.6/../../../x86_64-linux-gnu/libc.so
START GROUP
LOAD /lib/x86_64-linux-gnu/libc.so.6
LOAD /usr/lib/x86_64-linux-gnu/libc_nonshared.a
LOAD /lib/x86_64-linux-gnu/ld-linux-x86-64.so.2
END GROUP
LOAD /usr/lib/gcc/x86_64-linux-gnu/4.6/libgcc.a
LOAD /usr/lib/gcc/x86_64-linux-gnu/4.6/libgcc_s.so
LOAD /usr/lib/gcc/x86_64-linux-gnu/4.6/crtfastmath.o
LOAD /usr/lib/gcc/x86_64-linux-gnu/4.6/crtend.o
LOAD /usr/lib/gcc/x86_64-linux-gnu/4.6/../../../x86_64-linux-gnu/crtn.o
                0x0000000000400000                PROVIDE (__executable_start, 0x400000)
                0x0000000000400238                . = (0x400000 + SIZEOF_HEADERS)

.interp         0x0000000000400238       0x1c
 *(.interp)
 .interp        0x0000000000400238       0x1c /usr/lib/gcc/x86_64-linux-gnu/4.6/../../../x86_64-linux-gnu/crt1.o

.note.ABI-tag   0x0000000000400254       0x20
 .note.ABI-tag  0x0000000000400254       0x20 /usr/lib/gcc/x86_64-linux-gnu/4.6/../../../x86_64-linux-gnu/crt1.o

.note.gnu.build-id
                0x0000000000400274       0x24
 *(.note.gnu.build-id)
 .note.gnu.build-id
                0x0000000000400274       0x24 /usr/lib/gcc/x86_64-linux-gnu/4.6/../../../x86_64-linux-gnu/crt1.o

.hash
 *(.hash)

.gnu.hash       0x0000000000400298       0x5c
 *(.gnu.hash)
 .gnu.hash      0x0000000000400298       0x5c /usr/lib/gcc/x86_64-linux-gnu/4.6/../../../x86_64-linux-gnu/crt1.o

.dynsym         0x00000000004002f8      0x1c8
 *(.dynsym)
 .dynsym        0x00000000004002f8      0x1c8 /usr/lib/gcc/x86_64-linux-gnu/4.6/../../../x86_64-linux-gnu/crt1.o

.dynstr         0x00000000004004c0      0x2de
 *(.dynstr)
 .dynstr        0x00000000004004c0      0x2de /usr/lib/gcc/x86_64-linux-gnu/4.6/../../../x86_64-linux-gnu/crt1.o

.gnu.version    0x000000000040079e       0x26
 *(.gnu.version)
 .gnu.version   0x000000000040079e       0x26 /usr/lib/gcc/x86_64-linux-gnu/4.6/../../../x86_64-linux-gnu/crt1.o

.gnu.version_d  0x00000000004007c8        0x0
 *(.gnu.version_d)
 .gnu.version_d
                0x0000000000000000        0x0 /usr/lib/gcc/x86_64-linux-gnu/4.6/../../../x86_64-linux-gnu/crt1.o

.gnu.version_r  0x00000000004007c8       0x20
 *(.gnu.version_r)
 .gnu.version_r
                0x00000000004007c8       0x20 /usr/lib/gcc/x86_64-linux-gnu/4.6/../../../x86_64-linux-gnu/crt1.o

.rela.dyn       0x00000000004007e8       0x18
 *(.rela.init)
 *(.rela.text .rela.text.* .rela.gnu.linkonce.t.*)
 .rela.text     0x0000000000000000        0x0 /usr/lib/gcc/x86_64-linux-gnu/4.6/../../../x86_64-linux-gnu/crt1.o
 .rela.text.startup
                0x0000000000000000        0x0 /usr/lib/gcc/x86_64-linux-gnu/4.6/../../../x86_64-linux-gnu/crt1.o
 *(.rela.fini)
 *(.rela.rodata .rela.rodata.* .rela.gnu.linkonce.r.*)
 *(.rela.data .rela.data.* .rela.gnu.linkonce.d.*)
 *(.rela.tdata .rela.tdata.* .rela.gnu.linkonce.td.*)
 *(.rela.tbss .rela.tbss.* .rela.gnu.linkonce.tb.*)
 *(.rela.ctors)
 *(.rela.dtors)
 *(.rela.got)
 .rela.got      0x00000000004007e8       0x18 /usr/lib/gcc/x86_64-linux-gnu/4.6/../../../x86_64-linux-gnu/crt1.o
 *(.rela.bss .rela.bss.* .rela.gnu.linkonce.b.*)
 .rela.bss      0x0000000000000000        0x0 /usr/lib/gcc/x86_64-linux-gnu/4.6/../../../x86_64-linux-gnu/crt1.o
 *(.rela.ldata .rela.ldata.* .rela.gnu.linkonce.l.*)
 *(.rela.lbss .rela.lbss.* .rela.gnu.linkonce.lb.*)
 *(.rela.lrodata .rela.lrodata.* .rela.gnu.linkonce.lr.*)
 *(.rela.ifunc)

.rela.plt       0x0000000000400800       0x60
 *(.rela.plt)
 .rela.plt      0x0000000000400800       0x60 /usr/lib/gcc/x86_64-linux-gnu/4.6/../../../x86_64-linux-gnu/crt1.o
                0x0000000000400860                PROVIDE (__rela_iplt_start, .)
 *(.rela.iplt)
 .rela.iplt     0x0000000000000000        0x0 /usr/lib/gcc/x86_64-linux-gnu/4.6/../../../x86_64-linux-gnu/crt1.o
                0x0000000000400860                PROVIDE (__rela_iplt_end, .)

.init           0x0000000000400860       0x18
 *(.init)
 .init          0x0000000000400860        0x9 /usr/lib/gcc/x86_64-linux-gnu/4.6/../../../x86_64-linux-gnu/crti.o
                0x0000000000400860                _init
 .init          0x0000000000400869        0x5 /usr/lib/gcc/x86_64-linux-gnu/4.6/crtbegin.o
 .init          0x000000000040086e        0x5 /usr/lib/gcc/x86_64-linux-gnu/4.6/crtend.o
 .init          0x0000000000400873        0x5 /usr/lib/gcc/x86_64-linux-gnu/4.6/../../../x86_64-linux-gnu/crtn.o

.plt            0x0000000000400880       0x50
 *(.plt)
 .plt           0x0000000000400880       0x50 /usr/lib/gcc/x86_64-linux-gnu/4.6/../../../x86_64-linux-gnu/crt1.o
                0x0000000000400890                puts@@GLIBC_2.2.5
                0x00000000004008a0                __libc_start_main@@GLIBC_2.2.5
                0x00000000004008b0                ipaugenblick_main_loop
                0x00000000004008c0                dpdk_linux_tcpip_init
 *(.iplt)
 .iplt          0x0000000000000000        0x0 /usr/lib/gcc/x86_64-linux-gnu/4.6/../../../x86_64-linux-gnu/crt1.o

.text           0x00000000004008d0      0x208
 *(.text.unlikely .text.*_unlikely)
 *(.text.exit .text.exit.*)
 *(.text.startup .text.startup.*)
 .text.startup  0x00000000004008d0       0x2a ipaugenblick_main.o
                0x00000000004008d0                main
 *fill*         0x00000000004008fa        0x6 90909090
 .text.startup  0x0000000000400900       0x13 /usr/lib/gcc/x86_64-linux-gnu/4.6/crtfastmath.o
 *(.text.hot .text.hot.*)
 *(.text .stub .text.* .gnu.linkonce.t.*)
 *fill*         0x0000000000400913        0x1 90909090
 .text          0x0000000000400914       0x2c /usr/lib/gcc/x86_64-linux-gnu/4.6/../../../x86_64-linux-gnu/crt1.o
                0x0000000000400914                _start
 .text          0x0000000000400940       0x17 /usr/lib/gcc/x86_64-linux-gnu/4.6/../../../x86_64-linux-gnu/crti.o
 *fill*         0x0000000000400957        0x9 90909090
 .text          0x0000000000400960       0x92 /usr/lib/gcc/x86_64-linux-gnu/4.6/crtbegin.o
 *fill*         0x00000000004009f2        0x2 90909090
 .text          0x00000000004009f4        0x0 ipaugenblick_main.o
 *fill*         0x00000000004009f4        0xc 90909090
 .text          0x0000000000400a00       0x92 /usr/lib/x86_64-linux-gnu/libc_nonshared.a(elf-init.oS)
                0x0000000000400a00                __libc_csu_init
                0x0000000000400a90                __libc_csu_fini
 *fill*         0x0000000000400a92        0x2 90909090
 .text          0x0000000000400a94        0x0 /usr/lib/gcc/x86_64-linux-gnu/4.6/crtfastmath.o
 *fill*         0x0000000000400a94        0xc 90909090
 .text          0x0000000000400aa0       0x36 /usr/lib/gcc/x86_64-linux-gnu/4.6/crtend.o
 *fill*         0x0000000000400ad6        0x2 90909090
 .text          0x0000000000400ad8        0x0 /usr/lib/gcc/x86_64-linux-gnu/4.6/../../../x86_64-linux-gnu/crtn.o
 *(.gnu.warning)

.fini           0x0000000000400ad8        0xe
 *(.fini)
 .fini          0x0000000000400ad8        0x4 /usr/lib/gcc/x86_64-linux-gnu/4.6/../../../x86_64-linux-gnu/crti.o
                0x0000000000400ad8                _fini
 .fini          0x0000000000400adc        0x5 /usr/lib/gcc/x86_64-linux-gnu/4.6/crtbegin.o
 .fini          0x0000000000400ae1        0x5 /usr/lib/gcc/x86_64-linux-gnu/4.6/../../../x86_64-linux-gnu/crtn.o
                0x0000000000400ae6                PROVIDE (__etext, .)
                0x0000000000400ae6                PROVIDE (_etext, .)
                0x0000000000400ae6                PROVIDE (etext, .)

.rodata         0x0000000000400ae8       0x16
 *(.rodata .rodata.* .gnu.linkonce.r.*)
 .rodata.cst4   0x0000000000400ae8        0x4 /usr/lib/gcc/x86_64-linux-gnu/4.6/../../../x86_64-linux-gnu/crt1.o
                0x0000000000400ae8                _IO_stdin_used
 .rodata.str1.1
                0x0000000000400aec       0x12 ipaugenblick_main.o

.rodata1
 *(.rodata1)

.eh_frame_hdr   0x0000000000400b00       0x34
 *(.eh_frame_hdr)
 .eh_frame_hdr  0x0000000000400b00       0x34 /usr/lib/gcc/x86_64-linux-gnu/4.6/../../../x86_64-linux-gnu/crt1.o

.eh_frame       0x0000000000400b38       0xbc
 *(.eh_frame)
 .eh_frame      0x0000000000400b38       0x40 /usr/lib/gcc/x86_64-linux-gnu/4.6/../../../x86_64-linux-gnu/crt1.o
 .eh_frame      0x0000000000400b78       0x20 ipaugenblick_main.o
                                         0x38 (size before relaxing)
 .eh_frame      0x0000000000400b98       0x40 /usr/lib/x86_64-linux-gnu/libc_nonshared.a(elf-init.oS)
                                         0x58 (size before relaxing)
 .eh_frame      0x0000000000400bd8       0x18 /usr/lib/gcc/x86_64-linux-gnu/4.6/crtfastmath.o
                                         0x30 (size before relaxing)
 .eh_frame      0x0000000000400bf0        0x4 /usr/lib/gcc/x86_64-linux-gnu/4.6/crtend.o

.gcc_except_table
 *(.gcc_except_table .gcc_except_table.*)

.exception_ranges
 *(.exception_ranges .exception_ranges*)
                0x0000000000400bf4                . = (ALIGN (0x200000) - ((0x200000 - .) & 0x1fffff))
                0x0000000000600c1c                . = DATA_SEGMENT_ALIGN (0x200000, 0x1000)

.eh_frame
 *(.eh_frame)

.gcc_except_table
 *(.gcc_except_table .gcc_except_table.*)

.exception_ranges
 *(.exception_ranges .exception_ranges*)

.tdata
 *(.tdata .tdata.* .gnu.linkonce.td.*)

.tbss
 *(.tbss .tbss.* .gnu.linkonce.tb.*)
 *(.tcommon)

.preinit_array  0x0000000000600c1c        0x0
                0x0000000000600c1c                PROVIDE (__preinit_array_start, .)
 *(.preinit_array)
                0x0000000000600c1c                PROVIDE (__preinit_array_end, .)

.init_array     0x0000000000600c20        0x8
                0x0000000000600c20                PROVIDE (__init_array_start, .)
 *(SORT(.init_array.*) SORT(.ctors.*))
 *(.init_array)
 *(EXCLUDE_FILE(*crtend?.o *crtend.o *crtbegin?.o *crtbegin.o) .ctors)
 .ctors         0x0000000000600c20        0x8 /usr/lib/gcc/x86_64-linux-gnu/4.6/crtfastmath.o
                0x0000000000600c28                PROVIDE (__init_array_end, .)

.fini_array     0x0000000000600c28        0x0
                0x0000000000600c28                PROVIDE (__fini_array_start, .)
 *(SORT(.fini_array.*) SORT(.dtors.*))
 *(.fini_array)
 *(EXCLUDE_FILE(*crtend?.o *crtend.o *crtbegin?.o *crtbegin.o) .dtors)
                0x0000000000600c28                PROVIDE (__fini_array_end, .)

.ctors          0x0000000000600c28       0x10
 *crtbegin.o(.ctors)
 .ctors         0x0000000000600c28        0x8 /usr/lib/gcc/x86_64-linux-gnu/4.6/crtbegin.o
 *crtbegin?.o(.ctors)
 *(EXCLUDE_FILE(*crtend?.o *crtend.o) .ctors)
 *(SORT(.ctors.*))
 *(.ctors)
 .ctors         0x0000000000600c30        0x8 /usr/lib/gcc/x86_64-linux-gnu/4.6/crtend.o

.dtors          0x0000000000600c38       0x10
 *crtbegin.o(.dtors)
 .dtors         0x0000000000600c38        0x8 /usr/lib/gcc/x86_64-linux-gnu/4.6/crtbegin.o
 *crtbegin?.o(.dtors)
 *(EXCLUDE_FILE(*crtend?.o *crtend.o) .dtors)
 *(SORT(.dtors.*))
 *(.dtors)
 .dtors         0x0000000000600c40        0x8 /usr/lib/gcc/x86_64-linux-gnu/4.6/crtend.o
                0x0000000000600c40                __DTOR_END__

.jcr            0x0000000000600c48        0x8
 *(.jcr)
 .jcr           0x0000000000600c48        0x0 /usr/lib/gcc/x86_64-linux-gnu/4.6/crtbegin.o
 .jcr           0x0000000000600c48        0x8 /usr/lib/gcc/x86_64-linux-gnu/4.6/crtend.o

.data.rel.ro
 *(.data.rel.ro.local* .gnu.linkonce.d.rel.ro.local.*)
 *(.data.rel.ro* .gnu.linkonce.d.rel.ro.*)

.dynamic        0x0000000000600c50      0x390
 *(.dynamic)
 .dynamic       0x0000000000600c50      0x390 /usr/lib/gcc/x86_64-linux-gnu/4.6/../../../x86_64-linux-gnu/crt1.o
                0x0000000000600c50                _DYNAMIC

.got            0x0000000000600fe0        0x8
 *(.got)
 .got           0x0000000000600fe0        0x8 /usr/lib/gcc/x86_64-linux-gnu/4.6/../../../x86_64-linux-gnu/crt1.o
 *(.igot)
                0x0000000000600fe8                . = DATA_SEGMENT_RELRO_END (., 0x18)

.got.plt        0x0000000000600fe8       0x38
 *(.got.plt)
 .got.plt       0x0000000000600fe8       0x38 /usr/lib/gcc/x86_64-linux-gnu/4.6/../../../x86_64-linux-gnu/crt1.o
                0x0000000000600fe8                _GLOBAL_OFFSET_TABLE_
 *(.igot.plt)
 .igot.plt      0x0000000000000000        0x0 /usr/lib/gcc/x86_64-linux-gnu/4.6/../../../x86_64-linux-gnu/crt1.o

.data           0x0000000000601020       0x10
 *(.data .data.* .gnu.linkonce.d.*)
 .data          0x0000000000601020        0x4 /usr/lib/gcc/x86_64-linux-gnu/4.6/../../../x86_64-linux-gnu/crt1.o
                0x0000000000601020                data_start
                0x0000000000601020                __data_start
 .data          0x0000000000601024        0x0 /usr/lib/gcc/x86_64-linux-gnu/4.6/../../../x86_64-linux-gnu/crti.o
 *fill*         0x0000000000601024        0x4 00
 .data          0x0000000000601028        0x8 /usr/lib/gcc/x86_64-linux-gnu/4.6/crtbegin.o
                0x0000000000601028                __dso_handle
 .data          0x0000000000601030        0x0 ipaugenblick_main.o
 .data          0x0000000000601030        0x0 /usr/lib/x86_64-linux-gnu/libc_nonshared.a(elf-init.oS)
 .data          0x0000000000601030        0x0 /usr/lib/gcc/x86_64-linux-gnu/4.6/crtfastmath.o
 .data          0x0000000000601030        0x0 /usr/lib/gcc/x86_64-linux-gnu/4.6/crtend.o
 .data          0x0000000000601030        0x0 /usr/lib/gcc/x86_64-linux-gnu/4.6/../../../x86_64-linux-gnu/crtn.o

.data1
 *(.data1)
                0x0000000000601030                _edata = .
                0x0000000000601030                PROVIDE (edata, .)
                0x0000000000601030                __bss_start = .

.bss            0x0000000000601030       0x10
 *(.dynbss)
 .dynbss        0x0000000000000000        0x0 /usr/lib/gcc/x86_64-linux-gnu/4.6/../../../x86_64-linux-gnu/crt1.o
 *(.bss .bss.* .gnu.linkonce.b.*)
 .bss           0x0000000000601030        0x0 /usr/lib/gcc/x86_64-linux-gnu/4.6/../../../x86_64-linux-gnu/crt1.o
 .bss           0x0000000000601030        0x0 /usr/lib/gcc/x86_64-linux-gnu/4.6/../../../x86_64-linux-gnu/crti.o
 .bss           0x0000000000601030       0x10 /usr/lib/gcc/x86_64-linux-gnu/4.6/crtbegin.o
 .bss           0x0000000000601040        0x0 ipaugenblick_main.o
 .bss           0x0000000000601040        0x0 /usr/lib/x86_64-linux-gnu/libc_nonshared.a(elf-init.oS)
 .bss           0x0000000000601040        0x0 /usr/lib/gcc/x86_64-linux-gnu/4.6/crtfastmath.o
 .bss           0x0000000000601040        0x0 /usr/lib/gcc/x86_64-linux-gnu/4.6/crtend.o
 .bss           0x0000000000601040        0x0 /usr/lib/gcc/x86_64-linux-gnu/4.6/../../../x86_64-linux-gnu/crtn.o
 *(COMMON)
                0x0000000000601040                . = ALIGN ((. != 0x0)?0x8:0x1)

.lbss
 *(.dynlbss)
 *(.lbss .lbss.* .gnu.linkonce.lb.*)
 *(LARGE_COMMON)
                0x0000000000601040                . = ALIGN (0x8)

.lrodata
 *(.lrodata .lrodata.* .gnu.linkonce.lr.*)

.ldata          0x0000000000a01040        0x0
 *(.ldata .ldata.* .gnu.linkonce.l.*)
                0x0000000000a01040                . = ALIGN ((. != 0x0)?0x8:0x1)
                0x0000000000a01040                . = ALIGN (0x8)
                0x0000000000a01040                _end = .
                0x0000000000a01040                PROVIDE (end, .)
                0x0000000000a01040                . = DATA_SEGMENT_END (.)

.stab
 *(.stab)

.stabstr
 *(.stabstr)

.stab.excl
 *(.stab.excl)

.stab.exclstr
 *(.stab.exclstr)

.stab.index
 *(.stab.index)

.stab.indexstr
 *(.stab.indexstr)

.comment        0x0000000000000000       0x2a
 *(.comment)
 .comment       0x0000000000000000       0x2a /usr/lib/gcc/x86_64-linux-gnu/4.6/crtbegin.o
                                         0x2b (size before relaxing)
 .comment       0x0000000000000000       0x2b ipaugenblick_main.o
 .comment       0x0000000000000000       0x2b /usr/lib/x86_64-linux-gnu/libc_nonshared.a(elf-init.oS)
 .comment       0x0000000000000000       0x2b /usr/lib/gcc/x86_64-linux-gnu/4.6/crtfastmath.o
 .comment       0x0000000000000000       0x2b /usr/lib/gcc/x86_64-linux-gnu/4.6/crtend.o

.debug
 *(.debug)

.line
 *(.line)

.debug_srcinfo
 *(.debug_srcinfo)

.debug_sfnames
 *(.debug_sfnames)

.debug_aranges  0x0000000000000000       0x30
 *(.debug_aranges)
 .debug_aranges
                0x0000000000000000       0x30 /usr/lib/gcc/x86_64-linux-gnu/4.6/crtfastmath.o

.debug_pubnames
 *(.debug_pubnames)

.debug_info     0x0000000000000000       0x6e
 *(.debug_info .gnu.linkonce.wi.*)
 .debug_info    0x0000000000000000       0x6e /usr/lib/gcc/x86_64-linux-gnu/4.6/crtfastmath.o

.debug_abbrev   0x0000000000000000       0x45
 *(.debug_abbrev)
 .debug_abbrev  0x0000000000000000       0x45 /usr/lib/gcc/x86_64-linux-gnu/4.6/crtfastmath.o

.debug_line     0x0000000000000000       0x6d
 *(.debug_line)
 .debug_line    0x0000000000000000       0x6d /usr/lib/gcc/x86_64-linux-gnu/4.6/crtfastmath.o

.debug_frame
 *(.debug_frame)

.debug_str      0x0000000000000000       0x9c
 *(.debug_str)
 .debug_str     0x0000000000000000       0x9c /usr/lib/gcc/x86_64-linux-gnu/4.6/crtfastmath.o

.debug_loc
 *(.debug_loc)

.debug_macinfo
 *(.debug_macinfo)

.debug_weaknames
 *(.debug_weaknames)

.debug_funcnames
 *(.debug_funcnames)

.debug_typenames
 *(.debug_typenames)

.debug_varnames
 *(.debug_varnames)

.debug_pubtypes
 *(.debug_pubtypes)

.debug_ranges   0x0000000000000000       0x20
 *(.debug_ranges)
 .debug_ranges  0x0000000000000000       0x20 /usr/lib/gcc/x86_64-linux-gnu/4.6/crtfastmath.o

.gnu.attributes
 *(.gnu.attributes)

/DISCARD/
 *(.note.GNU-stack)
 *(.gnu_debuglink)
 *(.gnu.lto_*)
OUTPUT(ipaugenblick_srv elf64-x86-64)

Cross Reference Table

Symbol                                            File
DPDK_2.0                                          /home/vadim/ipaugenblick_dpdk2.0/ipaugenblick/service/../dpdk-2.0.0/x86_64-native-linuxapp-gcc/lib/librte_distributor.so
                                                  /home/vadim/ipaugenblick_dpdk2.0/ipaugenblick/service/../dpdk-2.0.0/x86_64-native-linuxapp-gcc/lib/librte_pmd_bond.so
                                                  /home/vadim/ipaugenblick_dpdk2.0/ipaugenblick/service/../dpdk-2.0.0/x86_64-native-linuxapp-gcc/lib/librte_cfgfile.so
                                                  /home/vadim/ipaugenblick_dpdk2.0/ipaugenblick/service/../dpdk-2.0.0/x86_64-native-linuxapp-gcc/lib/librte_cmdline.so
                                                  /home/vadim/ipaugenblick_dpdk2.0/ipaugenblick/service/../dpdk-2.0.0/x86_64-native-linuxapp-gcc/lib/librte_eal.so
                                                  /home/vadim/ipaugenblick_dpdk2.0/ipaugenblick/service/../dpdk-2.0.0/x86_64-native-linuxapp-gcc/lib/librte_ring.so
                                                  /home/vadim/ipaugenblick_dpdk2.0/ipaugenblick/service/../dpdk-2.0.0/x86_64-native-linuxapp-gcc/lib/librte_mempool.so
                                                  /home/vadim/ipaugenblick_dpdk2.0/ipaugenblick/service/../dpdk-2.0.0/x86_64-native-linuxapp-gcc/lib/librte_malloc.so
                                                  /home/vadim/ipaugenblick_dpdk2.0/ipaugenblick/service/../dpdk-2.0.0/x86_64-native-linuxapp-gcc/lib/libethdev.so
                                                  /home/vadim/ipaugenblick_dpdk2.0/ipaugenblick/service/../dpdk-2.0.0/x86_64-native-linuxapp-gcc/lib/librte_ip_frag.so
                                                  /home/vadim/ipaugenblick_dpdk2.0/ipaugenblick/service/../dpdk-2.0.0/x86_64-native-linuxapp-gcc/lib/librte_mbuf.so
                                                  /home/vadim/ipaugenblick_dpdk2.0/ipaugenblick/service/../dpdk-2.0.0/x86_64-native-linuxapp-gcc/lib/librte_kvargs.so
                                                  /home/vadim/ipaugenblick_dpdk2.0/ipaugenblick/service/../dpdk-2.0.0/x86_64-native-linuxapp-gcc/lib/librte_sched.so
                                                  /home/vadim/ipaugenblick_dpdk2.0/ipaugenblick/service/../dpdk-2.0.0/x86_64-native-linuxapp-gcc/lib/librte_meter.so
                                                  /home/vadim/ipaugenblick_dpdk2.0/ipaugenblick/service/../dpdk-2.0.0/x86_64-native-linuxapp-gcc/lib/librte_acl.so
                                                  /home/vadim/ipaugenblick_dpdk2.0/ipaugenblick/service/../dpdk-2.0.0/x86_64-native-linuxapp-gcc/lib/librte_power.so
                                                  /home/vadim/ipaugenblick_dpdk2.0/ipaugenblick/service/../dpdk-2.0.0/x86_64-native-linuxapp-gcc/lib/librte_lpm.so
                                                  /home/vadim/ipaugenblick_dpdk2.0/ipaugenblick/service/../dpdk-2.0.0/x86_64-native-linuxapp-gcc/lib/librte_jobstats.so
                                                  /home/vadim/ipaugenblick_dpdk2.0/ipaugenblick/service/../dpdk-2.0.0/x86_64-native-linuxapp-gcc/lib/librte_hash.so
                                                  /home/vadim/ipaugenblick_dpdk2.0/ipaugenblick/service/../dpdk-2.0.0/x86_64-native-linuxapp-gcc/lib/librte_timer.so
                                                  /home/vadim/ipaugenblick_dpdk2.0/ipaugenblick/service/../dpdk-2.0.0/x86_64-native-linuxapp-gcc/lib/librte_port.so
                                                  /home/vadim/ipaugenblick_dpdk2.0/ipaugenblick/service/../dpdk-2.0.0/x86_64-native-linuxapp-gcc/lib/librte_table.so
                                                  /home/vadim/ipaugenblick_dpdk2.0/ipaugenblick/service/../dpdk-2.0.0/x86_64-native-linuxapp-gcc/lib/librte_pipeline.so
                                                  /home/vadim/ipaugenblick_dpdk2.0/ipaugenblick/service/../dpdk-2.0.0/x86_64-native-linuxapp-gcc/lib/librte_kni.so
                                                  /home/vadim/ipaugenblick_dpdk2.0/ipaugenblick/service/../dpdk-2.0.0/x86_64-native-linuxapp-gcc/lib/librte_reorder.so
GLIBC_2.10                                        /lib/x86_64-linux-gnu/libc.so.6
GLIBC_2.11                                        /lib/x86_64-linux-gnu/libpthread.so.0
                                                  /lib/x86_64-linux-gnu/libc.so.6
GLIBC_2.12                                        /lib/x86_64-linux-gnu/libpthread.so.0
                                                  /lib/x86_64-linux-gnu/libc.so.6
GLIBC_2.13                                        /lib/x86_64-linux-gnu/libc.so.6
GLIBC_2.14                                        /lib/x86_64-linux-gnu/libc.so.6
GLIBC_2.15                                        /usr/lib/gcc/x86_64-linux-gnu/4.6/../../../x86_64-linux-gnu/libm.so
                                                  /lib/x86_64-linux-gnu/libc.so.6
GLIBC_2.2.5                                       /usr/lib/gcc/x86_64-linux-gnu/4.6/../../../x86_64-linux-gnu/libm.so
                                                  /lib/x86_64-linux-gnu/ld-linux-x86-64.so.2
                                                  /lib/x86_64-linux-gnu/libc.so.6
                                                  /lib/x86_64-linux-gnu/libpthread.so.0
                                                  /usr/lib/gcc/x86_64-linux-gnu/4.6/../../../x86_64-linux-gnu/libdl.so
                                                  /usr/lib/gcc/x86_64-linux-gnu/4.6/../../../x86_64-linux-gnu/librt.so
GLIBC_2.2.6                                       /lib/x86_64-linux-gnu/libpthread.so.0
                                                  /lib/x86_64-linux-gnu/libc.so.6
GLIBC_2.3                                         /lib/x86_64-linux-gnu/libc.so.6
                                                  /lib/x86_64-linux-gnu/ld-linux-x86-64.so.2
GLIBC_2.3.2                                       /lib/x86_64-linux-gnu/libpthread.so.0
                                                  /lib/x86_64-linux-gnu/libc.so.6
GLIBC_2.3.3                                       /usr/lib/gcc/x86_64-linux-gnu/4.6/../../../x86_64-linux-gnu/librt.so
                                                  /lib/x86_64-linux-gnu/libc.so.6
                                                  /lib/x86_64-linux-gnu/libpthread.so.0
                                                  /usr/lib/gcc/x86_64-linux-gnu/4.6/../../../x86_64-linux-gnu/libdl.so
GLIBC_2.3.4                                       /usr/lib/gcc/x86_64-linux-gnu/4.6/../../../x86_64-linux-gnu/librt.so
                                                  /lib/x86_64-linux-gnu/libc.so.6
                                                  /lib/x86_64-linux-gnu/libpthread.so.0
                                                  /usr/lib/gcc/x86_64-linux-gnu/4.6/../../../x86_64-linux-gnu/libdl.so
GLIBC_2.4                                         /usr/lib/gcc/x86_64-linux-gnu/4.6/../../../x86_64-linux-gnu/libm.so
                                                  /lib/x86_64-linux-gnu/ld-linux-x86-64.so.2
                                                  /lib/x86_64-linux-gnu/libc.so.6
                                                  /lib/x86_64-linux-gnu/libpthread.so.0
                                                  /usr/lib/gcc/x86_64-linux-gnu/4.6/../../../x86_64-linux-gnu/librt.so
GLIBC_2.5                                         /lib/x86_64-linux-gnu/libc.so.6
GLIBC_2.6                                         /lib/x86_64-linux-gnu/libc.so.6
GLIBC_2.7                                         /usr/lib/gcc/x86_64-linux-gnu/4.6/../../../x86_64-linux-gnu/librt.so
                                                  /lib/x86_64-linux-gnu/libc.so.6
GLIBC_2.8                                         /lib/x86_64-linux-gnu/libc.so.6
GLIBC_2.9                                         /lib/x86_64-linux-gnu/libc.so.6
GLIBC_PRIVATE                                     /usr/lib/gcc/x86_64-linux-gnu/4.6/../../../x86_64-linux-gnu/libdl.so
                                                  /lib/x86_64-linux-gnu/ld-linux-x86-64.so.2
                                                  /lib/x86_64-linux-gnu/libc.so.6
                                                  /lib/x86_64-linux-gnu/libpthread.so.0
_DYNAMIC                                          /usr/lib/gcc/x86_64-linux-gnu/4.6/../../../x86_64-linux-gnu/crt1.o
_Exit                                             /lib/x86_64-linux-gnu/libc.so.6
_Exit@@GLIBC_2.2.5                                /lib/x86_64-linux-gnu/libc.so.6
_Exit@GLIBC_2.2.5                                 /lib/x86_64-linux-gnu/libc.so.6
_GLOBAL_OFFSET_TABLE_                             /usr/lib/gcc/x86_64-linux-gnu/4.6/../../../x86_64-linux-gnu/crt1.o
                                                  /usr/lib/x86_64-linux-gnu/libc_nonshared.a(elf-init.oS)
                                                  /usr/lib/gcc/x86_64-linux-gnu/4.6/../../../x86_64-linux-gnu/crti.o
_IO_fprintf                                       /lib/x86_64-linux-gnu/libc.so.6
_IO_fprintf@@GLIBC_2.2.5                          /lib/x86_64-linux-gnu/libc.so.6
_IO_fprintf@GLIBC_2.2.5                           /lib/x86_64-linux-gnu/libc.so.6
_IO_stdin_used                                    /usr/lib/gcc/x86_64-linux-gnu/4.6/../../../x86_64-linux-gnu/crt1.o
_Jv_RegisterClasses                               /lib/x86_64-linux-gnu/libpthread.so.0
                                                  /usr/lib/gcc/x86_64-linux-gnu/4.6/../../../x86_64-linux-gnu/libdl.so
                                                  /home/vadim/ipaugenblick_dpdk2.0/ipaugenblick/service/../dpdk-2.0.0/x86_64-native-linuxapp-gcc/lib/librte_pmd_bond.so
                                                  /home/vadim/ipaugenblick_dpdk2.0/ipaugenblick/service/../dpdk-2.0.0/x86_64-native-linuxapp-gcc/lib/librte_cfgfile.so
                                                  /home/vadim/ipaugenblick_dpdk2.0/ipaugenblick/service/../dpdk-2.0.0/x86_64-native-linuxapp-gcc/lib/librte_cmdline.so
                                                  /home/vadim/ipaugenblick_dpdk2.0/ipaugenblick/service/../dpdk-2.0.0/x86_64-native-linuxapp-gcc/lib/librte_eal.so
                                                  /home/vadim/ipaugenblick_dpdk2.0/ipaugenblick/service/../dpdk-2.0.0/x86_64-native-linuxapp-gcc/lib/librte_ring.so
                                                  /home/vadim/ipaugenblick_dpdk2.0/ipaugenblick/service/../dpdk-2.0.0/x86_64-native-linuxapp-gcc/lib/librte_mempool.so
                                                  /home/vadim/ipaugenblick_dpdk2.0/ipaugenblick/service/../dpdk-2.0.0/x86_64-native-linuxapp-gcc/lib/librte_malloc.so
                                                  /home/vadim/ipaugenblick_dpdk2.0/ipaugenblick/service/../dpdk-2.0.0/x86_64-native-linuxapp-gcc/lib/libethdev.so
                                                  /home/vadim/ipaugenblick_dpdk2.0/ipaugenblick/service/../dpdk-2.0.0/x86_64-native-linuxapp-gcc/lib/librte_ip_frag.so
                                                  /home/vadim/ipaugenblick_dpdk2.0/ipaugenblick/service/../dpdk-2.0.0/x86_64-native-linuxapp-gcc/lib/librte_mbuf.so
                                                  /home/vadim/ipaugenblick_dpdk2.0/ipaugenblick/service/../dpdk-2.0.0/x86_64-native-linuxapp-gcc/lib/librte_kvargs.so
                                                  /usr/lib/gcc/x86_64-linux-gnu/4.6/../../../x86_64-linux-gnu/librt.so
                                                  /usr/lib/gcc/x86_64-linux-gnu/4.6/../../../x86_64-linux-gnu/libm.so
                                                  /home/vadim/ipaugenblick_dpdk2.0/ipaugenblick/service/../dpdk-2.0.0/x86_64-native-linuxapp-gcc/lib/librte_sched.so
                                                  /home/vadim/ipaugenblick_dpdk2.0/ipaugenblick/service/../dpdk-2.0.0/x86_64-native-linuxapp-gcc/lib/librte_meter.so
                                                  /home/vadim/ipaugenblick_dpdk2.0/ipaugenblick/service/../dpdk-2.0.0/x86_64-native-linuxapp-gcc/lib/librte_acl.so
                                                  /home/vadim/ipaugenblick_dpdk2.0/ipaugenblick/service/../dpdk-2.0.0/x86_64-native-linuxapp-gcc/lib/librte_power.so
                                                  /home/vadim/ipaugenblick_dpdk2.0/ipaugenblick/service/../dpdk-2.0.0/x86_64-native-linuxapp-gcc/lib/librte_lpm.so
                                                  /home/vadim/ipaugenblick_dpdk2.0/ipaugenblick/service/../dpdk-2.0.0/x86_64-native-linuxapp-gcc/lib/librte_jobstats.so
                                                  /home/vadim/ipaugenblick_dpdk2.0/ipaugenblick/service/../dpdk-2.0.0/x86_64-native-linuxapp-gcc/lib/librte_hash.so
                                                  /home/vadim/ipaugenblick_dpdk2.0/ipaugenblick/service/../dpdk-2.0.0/x86_64-native-linuxapp-gcc/lib/librte_timer.so
                                                  /home/vadim/ipaugenblick_dpdk2.0/ipaugenblick/service/../dpdk-2.0.0/x86_64-native-linuxapp-gcc/lib/librte_port.so
                                                  /home/vadim/ipaugenblick_dpdk2.0/ipaugenblick/service/../dpdk-2.0.0/x86_64-native-linuxapp-gcc/lib/librte_table.so
                                                  /home/vadim/ipaugenblick_dpdk2.0/ipaugenblick/service/../dpdk-2.0.0/x86_64-native-linuxapp-gcc/lib/librte_pipeline.so
                                                  /home/vadim/ipaugenblick_dpdk2.0/ipaugenblick/service/../dpdk-2.0.0/x86_64-native-linuxapp-gcc/lib/librte_kni.so
                                                  /home/vadim/ipaugenblick_dpdk2.0/ipaugenblick/service/../dpdk-2.0.0/x86_64-native-linuxapp-gcc/lib/librte_reorder.so
                                                  /home/vadim/ipaugenblick_dpdk2.0/ipaugenblick/service/../dpdk-2.0.0/x86_64-native-linuxapp-gcc/lib/librte_distributor.so
                                                  /home/vadim/ipaugenblick_dpdk2.0/ipaugenblick/service/../build/lib/libnetinet.so
                                                  /usr/lib/gcc/x86_64-linux-gnu/4.6/crtbegin.o
__DTOR_END__                                      /usr/lib/gcc/x86_64-linux-gnu/4.6/crtend.o
                                                  /usr/lib/gcc/x86_64-linux-gnu/4.6/crtbegin.o
__after_morecore_hook                             /lib/x86_64-linux-gnu/libc.so.6
__after_morecore_hook@@GLIBC_2.2.5                /lib/x86_64-linux-gnu/libc.so.6
__after_morecore_hook@GLIBC_2.2.5                 /lib/x86_64-linux-gnu/libc.so.6
__bss_start                                       /home/vadim/ipaugenblick_dpdk2.0/ipaugenblick/service/../build/lib/libnetinet.so
__close                                           /lib/x86_64-linux-gnu/libpthread.so.0
__close@@GLIBC_2.2.5                              /lib/x86_64-linux-gnu/libpthread.so.0
                                                  /lib/x86_64-linux-gnu/libc.so.6
__close@GLIBC_2.2.5                               /lib/x86_64-linux-gnu/libpthread.so.0
__connect                                         /lib/x86_64-linux-gnu/libpthread.so.0
__connect@@GLIBC_2.2.5                            /lib/x86_64-linux-gnu/libpthread.so.0
                                                  /lib/x86_64-linux-gnu/libc.so.6
__connect@GLIBC_2.2.5                             /lib/x86_64-linux-gnu/libpthread.so.0
__ctype_get_mb_cur_max                            /lib/x86_64-linux-gnu/libc.so.6
__ctype_get_mb_cur_max@@GLIBC_2.2.5               /lib/x86_64-linux-gnu/libc.so.6
__ctype_get_mb_cur_max@GLIBC_2.2.5                /lib/x86_64-linux-gnu/libc.so.6
__data_start                                      /usr/lib/gcc/x86_64-linux-gnu/4.6/../../../x86_64-linux-gnu/crt1.o
__dso_handle                                      /usr/lib/gcc/x86_64-linux-gnu/4.6/crtbegin.o
__fcntl                                           /lib/x86_64-linux-gnu/libpthread.so.0
__fcntl@@GLIBC_2.2.5                              /lib/x86_64-linux-gnu/libpthread.so.0
                                                  /lib/x86_64-linux-gnu/libc.so.6
__fcntl@GLIBC_2.2.5                               /lib/x86_64-linux-gnu/libpthread.so.0
__free_hook                                       /lib/x86_64-linux-gnu/libc.so.6
__free_hook@@GLIBC_2.2.5                          /lib/x86_64-linux-gnu/libc.so.6
__free_hook@GLIBC_2.2.5                           /lib/x86_64-linux-gnu/libc.so.6
__getdelim                                        /lib/x86_64-linux-gnu/libc.so.6
__getdelim@@GLIBC_2.2.5                           /lib/x86_64-linux-gnu/libc.so.6
__getdelim@GLIBC_2.2.5                            /lib/x86_64-linux-gnu/libc.so.6
                                                  /lib/x86_64-linux-gnu/libpthread.so.0
__gmon_start__                                    /usr/lib/gcc/x86_64-linux-gnu/4.6/../../../x86_64-linux-gnu/libdl.so
                                                  /home/vadim/ipaugenblick_dpdk2.0/ipaugenblick/service/../dpdk-2.0.0/x86_64-native-linuxapp-gcc/lib/librte_pmd_bond.so
                                                  /home/vadim/ipaugenblick_dpdk2.0/ipaugenblick/service/../dpdk-2.0.0/x86_64-native-linuxapp-gcc/lib/librte_cfgfile.so
                                                  /home/vadim/ipaugenblick_dpdk2.0/ipaugenblick/service/../dpdk-2.0.0/x86_64-native-linuxapp-gcc/lib/librte_cmdline.so
                                                  /home/vadim/ipaugenblick_dpdk2.0/ipaugenblick/service/../dpdk-2.0.0/x86_64-native-linuxapp-gcc/lib/librte_eal.so
                                                  /home/vadim/ipaugenblick_dpdk2.0/ipaugenblick/service/../dpdk-2.0.0/x86_64-native-linuxapp-gcc/lib/librte_ring.so
                                                  /home/vadim/ipaugenblick_dpdk2.0/ipaugenblick/service/../dpdk-2.0.0/x86_64-native-linuxapp-gcc/lib/librte_mempool.so
                                                  /home/vadim/ipaugenblick_dpdk2.0/ipaugenblick/service/../dpdk-2.0.0/x86_64-native-linuxapp-gcc/lib/librte_malloc.so
                                                  /home/vadim/ipaugenblick_dpdk2.0/ipaugenblick/service/../dpdk-2.0.0/x86_64-native-linuxapp-gcc/lib/libethdev.so
                                                  /home/vadim/ipaugenblick_dpdk2.0/ipaugenblick/service/../dpdk-2.0.0/x86_64-native-linuxapp-gcc/lib/librte_ip_frag.so
                                                  /home/vadim/ipaugenblick_dpdk2.0/ipaugenblick/service/../dpdk-2.0.0/x86_64-native-linuxapp-gcc/lib/librte_mbuf.so
                                                  /home/vadim/ipaugenblick_dpdk2.0/ipaugenblick/service/../dpdk-2.0.0/x86_64-native-linuxapp-gcc/lib/librte_kvargs.so
                                                  /usr/lib/gcc/x86_64-linux-gnu/4.6/../../../x86_64-linux-gnu/librt.so
                                                  /usr/lib/gcc/x86_64-linux-gnu/4.6/../../../x86_64-linux-gnu/libm.so
                                                  /home/vadim/ipaugenblick_dpdk2.0/ipaugenblick/service/../dpdk-2.0.0/x86_64-native-linuxapp-gcc/lib/librte_sched.so
                                                  /home/vadim/ipaugenblick_dpdk2.0/ipaugenblick/service/../dpdk-2.0.0/x86_64-native-linuxapp-gcc/lib/librte_meter.so
                                                  /home/vadim/ipaugenblick_dpdk2.0/ipaugenblick/service/../dpdk-2.0.0/x86_64-native-linuxapp-gcc/lib/librte_acl.so
                                                  /home/vadim/ipaugenblick_dpdk2.0/ipaugenblick/service/../dpdk-2.0.0/x86_64-native-linuxapp-gcc/lib/librte_power.so
                                                  /home/vadim/ipaugenblick_dpdk2.0/ipaugenblick/service/../dpdk-2.0.0/x86_64-native-linuxapp-gcc/lib/librte_lpm.so
                                                  /home/vadim/ipaugenblick_dpdk2.0/ipaugenblick/service/../dpdk-2.0.0/x86_64-native-linuxapp-gcc/lib/librte_jobstats.so
                                                  /home/vadim/ipaugenblick_dpdk2.0/ipaugenblick/service/../dpdk-2.0.0/x86_64-native-linuxapp-gcc/lib/librte_hash.so
                                                  /home/vadim/ipaugenblick_dpdk2.0/ipaugenblick/service/../dpdk-2.0.0/x86_64-native-linuxapp-gcc/lib/librte_timer.so
                                                  /home/vadim/ipaugenblick_dpdk2.0/ipaugenblick/service/../dpdk-2.0.0/x86_64-native-linuxapp-gcc/lib/librte_port.so
                                                  /home/vadim/ipaugenblick_dpdk2.0/ipaugenblick/service/../dpdk-2.0.0/x86_64-native-linuxapp-gcc/lib/librte_table.so
                                                  /home/vadim/ipaugenblick_dpdk2.0/ipaugenblick/service/../dpdk-2.0.0/x86_64-native-linuxapp-gcc/lib/librte_pipeline.so
                                                  /home/vadim/ipaugenblick_dpdk2.0/ipaugenblick/service/../dpdk-2.0.0/x86_64-native-linuxapp-gcc/lib/librte_kni.so
                                                  /home/vadim/ipaugenblick_dpdk2.0/ipaugenblick/service/../dpdk-2.0.0/x86_64-native-linuxapp-gcc/lib/librte_reorder.so
                                                  /home/vadim/ipaugenblick_dpdk2.0/ipaugenblick/service/../dpdk-2.0.0/x86_64-native-linuxapp-gcc/lib/librte_distributor.so
                                                  /home/vadim/ipaugenblick_dpdk2.0/ipaugenblick/service/../build/lib/libnetinet.so
                                                  /usr/lib/gcc/x86_64-linux-gnu/4.6/../../../x86_64-linux-gnu/crti.o
__init_array_end                                  /usr/lib/x86_64-linux-gnu/libc_nonshared.a(elf-init.oS)
__init_array_start                                /usr/lib/x86_64-linux-gnu/libc_nonshared.a(elf-init.oS)
__isascii_l                                       /lib/x86_64-linux-gnu/libc.so.6
__isascii_l@@GLIBC_2.2.5                          /lib/x86_64-linux-gnu/libc.so.6
__isascii_l@GLIBC_2.2.5                           /lib/x86_64-linux-gnu/libc.so.6
__libc_csu_fini                                   /usr/lib/x86_64-linux-gnu/libc_nonshared.a(elf-init.oS)
                                                  /usr/lib/gcc/x86_64-linux-gnu/4.6/../../../x86_64-linux-gnu/crt1.o
__libc_csu_init                                   /usr/lib/x86_64-linux-gnu/libc_nonshared.a(elf-init.oS)
                                                  /usr/lib/gcc/x86_64-linux-gnu/4.6/../../../x86_64-linux-gnu/crt1.o
__libc_start_main                                 /lib/x86_64-linux-gnu/libc.so.6
                                                  /usr/lib/gcc/x86_64-linux-gnu/4.6/../../../x86_64-linux-gnu/crt1.o
__libc_start_main@@GLIBC_2.2.5                    /lib/x86_64-linux-gnu/libc.so.6
__libc_start_main@GLIBC_2.2.5                     /lib/x86_64-linux-gnu/libc.so.6
__lseek                                           /lib/x86_64-linux-gnu/libpthread.so.0
__lseek@@GLIBC_2.2.5                              /lib/x86_64-linux-gnu/libpthread.so.0
                                                  /lib/x86_64-linux-gnu/libc.so.6
__lseek@GLIBC_2.2.5                               /lib/x86_64-linux-gnu/libpthread.so.0
__malloc_hook                                     /lib/x86_64-linux-gnu/libc.so.6
__malloc_hook@@GLIBC_2.2.5                        /lib/x86_64-linux-gnu/libc.so.6
__malloc_hook@GLIBC_2.2.5                         /lib/x86_64-linux-gnu/libc.so.6
__malloc_initialize_hook                          /lib/x86_64-linux-gnu/libc.so.6
__malloc_initialize_hook@@GLIBC_2.2.5             /lib/x86_64-linux-gnu/libc.so.6
__malloc_initialize_hook@GLIBC_2.2.5              /lib/x86_64-linux-gnu/libc.so.6
__memalign_hook                                   /lib/x86_64-linux-gnu/libc.so.6
__memalign_hook@@GLIBC_2.2.5                      /lib/x86_64-linux-gnu/libc.so.6
__memalign_hook@GLIBC_2.2.5                       /lib/x86_64-linux-gnu/libc.so.6
__nanosleep                                       /lib/x86_64-linux-gnu/libpthread.so.0
__nanosleep@@GLIBC_2.2.6                          /lib/x86_64-linux-gnu/libpthread.so.0
                                                  /lib/x86_64-linux-gnu/libc.so.6
__nanosleep@GLIBC_2.2.6                           /lib/x86_64-linux-gnu/libpthread.so.0
__open                                            /lib/x86_64-linux-gnu/libpthread.so.0
__open64                                          /lib/x86_64-linux-gnu/libpthread.so.0
__open64@@GLIBC_2.2.5                             /lib/x86_64-linux-gnu/libpthread.so.0
                                                  /lib/x86_64-linux-gnu/libc.so.6
__open64@GLIBC_2.2.5                              /lib/x86_64-linux-gnu/libpthread.so.0
__open@@GLIBC_2.2.5                               /lib/x86_64-linux-gnu/libpthread.so.0
                                                  /lib/x86_64-linux-gnu/libc.so.6
__open@GLIBC_2.2.5                                /lib/x86_64-linux-gnu/libpthread.so.0
__openat64_2                                      /lib/x86_64-linux-gnu/libc.so.6
__openat64_2@@GLIBC_2.7                           /lib/x86_64-linux-gnu/libc.so.6
__openat64_2@GLIBC_2.7                            /lib/x86_64-linux-gnu/libc.so.6
__pread64                                         /lib/x86_64-linux-gnu/libpthread.so.0
__pread64@@GLIBC_2.2.5                            /lib/x86_64-linux-gnu/libpthread.so.0
                                                  /lib/x86_64-linux-gnu/libc.so.6
__pread64@GLIBC_2.2.5                             /lib/x86_64-linux-gnu/libpthread.so.0
__pwrite64                                        /lib/x86_64-linux-gnu/libpthread.so.0
__pwrite64@@GLIBC_2.2.5                           /lib/x86_64-linux-gnu/libpthread.so.0
                                                  /lib/x86_64-linux-gnu/libc.so.6
__pwrite64@GLIBC_2.2.5                            /lib/x86_64-linux-gnu/libpthread.so.0
__read                                            /lib/x86_64-linux-gnu/libpthread.so.0
__read@@GLIBC_2.2.5                               /lib/x86_64-linux-gnu/libpthread.so.0
                                                  /lib/x86_64-linux-gnu/libc.so.6
__read@GLIBC_2.2.5                                /lib/x86_64-linux-gnu/libpthread.so.0
__realloc_hook                                    /lib/x86_64-linux-gnu/libc.so.6
__realloc_hook@@GLIBC_2.2.5                       /lib/x86_64-linux-gnu/libc.so.6
__realloc_hook@GLIBC_2.2.5                        /lib/x86_64-linux-gnu/libc.so.6
__send                                            /lib/x86_64-linux-gnu/libpthread.so.0
__send@@GLIBC_2.2.5                               /lib/x86_64-linux-gnu/libpthread.so.0
                                                  /lib/x86_64-linux-gnu/libc.so.6
__send@GLIBC_2.2.5                                /lib/x86_64-linux-gnu/libpthread.so.0
__strtoll_l                                       /lib/x86_64-linux-gnu/libc.so.6
__strtoll_l@@GLIBC_2.2.5                          /lib/x86_64-linux-gnu/libc.so.6
__strtoll_l@GLIBC_2.2.5                           /lib/x86_64-linux-gnu/libc.so.6
__strtoull_l                                      /lib/x86_64-linux-gnu/libc.so.6
__strtoull_l@@GLIBC_2.2.5                         /lib/x86_64-linux-gnu/libc.so.6
__strtoull_l@GLIBC_2.2.5                          /lib/x86_64-linux-gnu/libc.so.6
__toascii_l                                       /lib/x86_64-linux-gnu/libc.so.6
__toascii_l@@GLIBC_2.2.5                          /lib/x86_64-linux-gnu/libc.so.6
__toascii_l@GLIBC_2.2.5                           /lib/x86_64-linux-gnu/libc.so.6
__vsnprintf                                       /lib/x86_64-linux-gnu/libc.so.6
__vsnprintf@@GLIBC_2.2.5                          /lib/x86_64-linux-gnu/libc.so.6
__vsnprintf@GLIBC_2.2.5                           /lib/x86_64-linux-gnu/libc.so.6
__vsscanf                                         /lib/x86_64-linux-gnu/libc.so.6
__vsscanf@@GLIBC_2.2.5                            /lib/x86_64-linux-gnu/libc.so.6
__vsscanf@GLIBC_2.2.5                             /lib/x86_64-linux-gnu/libc.so.6
__wait                                            /lib/x86_64-linux-gnu/libpthread.so.0
__wait@@GLIBC_2.2.5                               /lib/x86_64-linux-gnu/libpthread.so.0
                                                  /lib/x86_64-linux-gnu/libc.so.6
__wait@GLIBC_2.2.5                                /lib/x86_64-linux-gnu/libpthread.so.0
__waitpid                                         /lib/x86_64-linux-gnu/libc.so.6
__waitpid@@GLIBC_2.2.5                            /lib/x86_64-linux-gnu/libc.so.6
__waitpid@GLIBC_2.2.5                             /lib/x86_64-linux-gnu/libc.so.6
__wcstoll_l                                       /lib/x86_64-linux-gnu/libc.so.6
__wcstoll_l@@GLIBC_2.2.5                          /lib/x86_64-linux-gnu/libc.so.6
__wcstoll_l@GLIBC_2.2.5                           /lib/x86_64-linux-gnu/libc.so.6
__wcstoull_l                                      /lib/x86_64-linux-gnu/libc.so.6
__wcstoull_l@@GLIBC_2.2.5                         /lib/x86_64-linux-gnu/libc.so.6
__wcstoull_l@GLIBC_2.2.5                          /lib/x86_64-linux-gnu/libc.so.6
__write                                           /lib/x86_64-linux-gnu/libpthread.so.0
__write@@GLIBC_2.2.5                              /lib/x86_64-linux-gnu/libpthread.so.0
                                                  /lib/x86_64-linux-gnu/libc.so.6
__write@GLIBC_2.2.5                               /lib/x86_64-linux-gnu/libpthread.so.0
__xpg_sigpause                                    /lib/x86_64-linux-gnu/libc.so.6
__xpg_sigpause@@GLIBC_2.2.5                       /lib/x86_64-linux-gnu/libc.so.6
__xpg_sigpause@GLIBC_2.2.5                        /lib/x86_64-linux-gnu/libc.so.6
_dl_starting_up                                   /lib/x86_64-linux-gnu/libc.so.6
_edata                                            /home/vadim/ipaugenblick_dpdk2.0/ipaugenblick/service/../build/lib/libnetinet.so
_end                                              /home/vadim/ipaugenblick_dpdk2.0/ipaugenblick/service/../build/lib/libnetinet.so
_environ                                          /lib/x86_64-linux-gnu/libc.so.6
_environ@@GLIBC_2.2.5                             /lib/x86_64-linux-gnu/libc.so.6
_environ@GLIBC_2.2.5                              /lib/x86_64-linux-gnu/libc.so.6
                                                  /usr/lib/gcc/x86_64-linux-gnu/4.6/../../../x86_64-linux-gnu/libdl.so
_fini                                             /usr/lib/gcc/x86_64-linux-gnu/4.6/../../../x86_64-linux-gnu/crti.o
                                                  /home/vadim/ipaugenblick_dpdk2.0/ipaugenblick/service/../build/lib/libnetinet.so
_flushlbf                                         /lib/x86_64-linux-gnu/libc.so.6
_flushlbf@@GLIBC_2.2.5                            /lib/x86_64-linux-gnu/libc.so.6
_flushlbf@GLIBC_2.2.5                             /lib/x86_64-linux-gnu/libc.so.6
_init                                             /usr/lib/gcc/x86_64-linux-gnu/4.6/../../../x86_64-linux-gnu/crti.o
                                                  /usr/lib/x86_64-linux-gnu/libc_nonshared.a(elf-init.oS)
                                                  /home/vadim/ipaugenblick_dpdk2.0/ipaugenblick/service/../build/lib/libnetinet.so
_longjmp                                          /lib/x86_64-linux-gnu/libc.so.6
_longjmp@@GLIBC_2.2.5                             /lib/x86_64-linux-gnu/libc.so.6
_longjmp@GLIBC_2.2.5                              /lib/x86_64-linux-gnu/libc.so.6
_start                                            /usr/lib/gcc/x86_64-linux-gnu/4.6/../../../x86_64-linux-gnu/crt1.o
accept                                            /lib/x86_64-linux-gnu/libpthread.so.0
accept@@GLIBC_2.2.5                               /lib/x86_64-linux-gnu/libpthread.so.0
                                                  /lib/x86_64-linux-gnu/libc.so.6
accept@GLIBC_2.2.5                                /lib/x86_64-linux-gnu/libpthread.so.0
access                                            /lib/x86_64-linux-gnu/libc.so.6
access@@GLIBC_2.2.5                               /lib/x86_64-linux-gnu/libc.so.6
access@GLIBC_2.2.5                                /lib/x86_64-linux-gnu/libc.so.6
                                                  /home/vadim/ipaugenblick_dpdk2.0/ipaugenblick/service/../dpdk-2.0.0/x86_64-native-linuxapp-gcc/lib/librte_eal.so
acos                                              /usr/lib/gcc/x86_64-linux-gnu/4.6/../../../x86_64-linux-gnu/libm.so
acos@@GLIBC_2.2.5                                 /usr/lib/gcc/x86_64-linux-gnu/4.6/../../../x86_64-linux-gnu/libm.so
acos@GLIBC_2.2.5                                  /usr/lib/gcc/x86_64-linux-gnu/4.6/../../../x86_64-linux-gnu/libm.so
acosf                                             /usr/lib/gcc/x86_64-linux-gnu/4.6/../../../x86_64-linux-gnu/libm.so
acosf@@GLIBC_2.2.5                                /usr/lib/gcc/x86_64-linux-gnu/4.6/../../../x86_64-linux-gnu/libm.so
acosf@GLIBC_2.2.5                                 /usr/lib/gcc/x86_64-linux-gnu/4.6/../../../x86_64-linux-gnu/libm.so
acosh                                             /usr/lib/gcc/x86_64-linux-gnu/4.6/../../../x86_64-linux-gnu/libm.so
acosh@@GLIBC_2.2.5                                /usr/lib/gcc/x86_64-linux-gnu/4.6/../../../x86_64-linux-gnu/libm.so
acosh@GLIBC_2.2.5                                 /usr/lib/gcc/x86_64-linux-gnu/4.6/../../../x86_64-linux-gnu/libm.so
acoshf                                            /usr/lib/gcc/x86_64-linux-gnu/4.6/../../../x86_64-linux-gnu/libm.so
acoshf@@GLIBC_2.2.5                               /usr/lib/gcc/x86_64-linux-gnu/4.6/../../../x86_64-linux-gnu/libm.so
acoshf@GLIBC_2.2.5                                /usr/lib/gcc/x86_64-linux-gnu/4.6/../../../x86_64-linux-gnu/libm.so
acoshl                                            /usr/lib/gcc/x86_64-linux-gnu/4.6/../../../x86_64-linux-gnu/libm.so
acoshl@@GLIBC_2.2.5                               /usr/lib/gcc/x86_64-linux-gnu/4.6/../../../x86_64-linux-gnu/libm.so
acoshl@GLIBC_2.2.5                                /usr/lib/gcc/x86_64-linux-gnu/4.6/../../../x86_64-linux-gnu/libm.so
acosl                                             /usr/lib/gcc/x86_64-linux-gnu/4.6/../../../x86_64-linux-gnu/libm.so
acosl@@GLIBC_2.2.5                                /usr/lib/gcc/x86_64-linux-gnu/4.6/../../../x86_64-linux-gnu/libm.so
acosl@GLIBC_2.2.5                                 /usr/lib/gcc/x86_64-linux-gnu/4.6/../../../x86_64-linux-gnu/libm.so
addmntent                                         /lib/x86_64-linux-gnu/libc.so.6
addmntent@@GLIBC_2.2.5                            /lib/x86_64-linux-gnu/libc.so.6
addmntent@GLIBC_2.2.5                             /lib/x86_64-linux-gnu/libc.so.6
adjtime                                           /lib/x86_64-linux-gnu/libc.so.6
adjtime@@GLIBC_2.2.5                              /lib/x86_64-linux-gnu/libc.so.6
adjtime@GLIBC_2.2.5                               /lib/x86_64-linux-gnu/libc.so.6
adjtimex                                          /lib/x86_64-linux-gnu/libc.so.6
adjtimex@@GLIBC_2.2.5                             /lib/x86_64-linux-gnu/libc.so.6
adjtimex@GLIBC_2.2.5                              /lib/x86_64-linux-gnu/libc.so.6
advance                                           /lib/x86_64-linux-gnu/libc.so.6
advance@@GLIBC_2.2.5                              /lib/x86_64-linux-gnu/libc.so.6
advance@GLIBC_2.2.5                               /lib/x86_64-linux-gnu/libc.so.6
aio_cancel64                                      /usr/lib/gcc/x86_64-linux-gnu/4.6/../../../x86_64-linux-gnu/librt.so
aio_cancel64@@GLIBC_2.2.5                         /usr/lib/gcc/x86_64-linux-gnu/4.6/../../../x86_64-linux-gnu/librt.so
aio_cancel64@GLIBC_2.2.5                          /usr/lib/gcc/x86_64-linux-gnu/4.6/../../../x86_64-linux-gnu/librt.so
aio_error64                                       /usr/lib/gcc/x86_64-linux-gnu/4.6/../../../x86_64-linux-gnu/librt.so
aio_error64@@GLIBC_2.2.5                          /usr/lib/gcc/x86_64-linux-gnu/4.6/../../../x86_64-linux-gnu/librt.so
aio_error64@GLIBC_2.2.5                           /usr/lib/gcc/x86_64-linux-gnu/4.6/../../../x86_64-linux-gnu/librt.so
aio_fsync64                                       /usr/lib/gcc/x86_64-linux-gnu/4.6/../../../x86_64-linux-gnu/librt.so
aio_fsync64@@GLIBC_2.2.5                          /usr/lib/gcc/x86_64-linux-gnu/4.6/../../../x86_64-linux-gnu/librt.so
aio_fsync64@GLIBC_2.2.5                           /usr/lib/gcc/x86_64-linux-gnu/4.6/../../../x86_64-linux-gnu/librt.so
aio_init                                          /usr/lib/gcc/x86_64-linux-gnu/4.6/../../../x86_64-linux-gnu/librt.so
aio_init@@GLIBC_2.2.5                             /usr/lib/gcc/x86_64-linux-gnu/4.6/../../../x86_64-linux-gnu/librt.so
aio_init@GLIBC_2.2.5                              /usr/lib/gcc/x86_64-linux-gnu/4.6/../../../x86_64-linux-gnu/librt.so
aio_read64                                        /usr/lib/gcc/x86_64-linux-gnu/4.6/../../../x86_64-linux-gnu/librt.so
aio_read64@@GLIBC_2.2.5                           /usr/lib/gcc/x86_64-linux-gnu/4.6/../../../x86_64-linux-gnu/librt.so
aio_read64@GLIBC_2.2.5                            /usr/lib/gcc/x86_64-linux-gnu/4.6/../../../x86_64-linux-gnu/librt.so
aio_return64                                      /usr/lib/gcc/x86_64-linux-gnu/4.6/../../../x86_64-linux-gnu/librt.so
aio_return64@@GLIBC_2.2.5                         /usr/lib/gcc/x86_64-linux-gnu/4.6/../../../x86_64-linux-gnu/librt.so
aio_return64@GLIBC_2.2.5                          /usr/lib/gcc/x86_64-linux-gnu/4.6/../../../x86_64-linux-gnu/librt.so
aio_suspend64                                     /usr/lib/gcc/x86_64-linux-gnu/4.6/../../../x86_64-linux-gnu/librt.so
aio_suspend64@@GLIBC_2.2.5                        /usr/lib/gcc/x86_64-linux-gnu/4.6/../../../x86_64-linux-gnu/librt.so
aio_suspend64@GLIBC_2.2.5                         /usr/lib/gcc/x86_64-linux-gnu/4.6/../../../x86_64-linux-gnu/librt.so
aio_write64                                       /usr/lib/gcc/x86_64-linux-gnu/4.6/../../../x86_64-linux-gnu/librt.so
aio_write64@@GLIBC_2.2.5                          /usr/lib/gcc/x86_64-linux-gnu/4.6/../../../x86_64-linux-gnu/librt.so
aio_write64@GLIBC_2.2.5                           /usr/lib/gcc/x86_64-linux-gnu/4.6/../../../x86_64-linux-gnu/librt.so
alphasort64                                       /lib/x86_64-linux-gnu/libc.so.6
alphasort64@@GLIBC_2.2.5                          /lib/x86_64-linux-gnu/libc.so.6
alphasort64@GLIBC_2.2.5                           /lib/x86_64-linux-gnu/libc.so.6
arch_prctl                                        /lib/x86_64-linux-gnu/libc.so.6
arch_prctl@@GLIBC_2.2.5                           /lib/x86_64-linux-gnu/libc.so.6
arch_prctl@GLIBC_2.2.5                            /lib/x86_64-linux-gnu/libc.so.6
argp_error                                        /lib/x86_64-linux-gnu/libc.so.6
argp_error@@GLIBC_2.2.5                           /lib/x86_64-linux-gnu/libc.so.6
argp_error@GLIBC_2.2.5                            /lib/x86_64-linux-gnu/libc.so.6
argp_failure                                      /lib/x86_64-linux-gnu/libc.so.6
argp_failure@@GLIBC_2.2.5                         /lib/x86_64-linux-gnu/libc.so.6
argp_failure@GLIBC_2.2.5                          /lib/x86_64-linux-gnu/libc.so.6
argp_help                                         /lib/x86_64-linux-gnu/libc.so.6
argp_help@@GLIBC_2.2.5                            /lib/x86_64-linux-gnu/libc.so.6
argp_help@GLIBC_2.2.5                             /lib/x86_64-linux-gnu/libc.so.6
argp_parse                                        /lib/x86_64-linux-gnu/libc.so.6
argp_parse@@GLIBC_2.2.5                           /lib/x86_64-linux-gnu/libc.so.6
argp_parse@GLIBC_2.2.5                            /lib/x86_64-linux-gnu/libc.so.6
argp_state_help                                   /lib/x86_64-linux-gnu/libc.so.6
argp_state_help@@GLIBC_2.2.5                      /lib/x86_64-linux-gnu/libc.so.6
argp_state_help@GLIBC_2.2.5                       /lib/x86_64-linux-gnu/libc.so.6
argp_usage                                        /lib/x86_64-linux-gnu/libc.so.6
argp_usage@@GLIBC_2.2.5                           /lib/x86_64-linux-gnu/libc.so.6
argp_usage@GLIBC_2.2.5                            /lib/x86_64-linux-gnu/libc.so.6
argz_add                                          /lib/x86_64-linux-gnu/libc.so.6
argz_add@@GLIBC_2.2.5                             /lib/x86_64-linux-gnu/libc.so.6
argz_add@GLIBC_2.2.5                              /lib/x86_64-linux-gnu/libc.so.6
argz_add_sep                                      /lib/x86_64-linux-gnu/libc.so.6
argz_add_sep@@GLIBC_2.2.5                         /lib/x86_64-linux-gnu/libc.so.6
argz_add_sep@GLIBC_2.2.5                          /lib/x86_64-linux-gnu/libc.so.6
argz_append                                       /lib/x86_64-linux-gnu/libc.so.6
argz_append@@GLIBC_2.2.5                          /lib/x86_64-linux-gnu/libc.so.6
argz_append@GLIBC_2.2.5                           /lib/x86_64-linux-gnu/libc.so.6
argz_count                                        /lib/x86_64-linux-gnu/libc.so.6
argz_count@@GLIBC_2.2.5                           /lib/x86_64-linux-gnu/libc.so.6
argz_count@GLIBC_2.2.5                            /lib/x86_64-linux-gnu/libc.so.6
argz_create                                       /lib/x86_64-linux-gnu/libc.so.6
argz_create@@GLIBC_2.2.5                          /lib/x86_64-linux-gnu/libc.so.6
argz_create@GLIBC_2.2.5                           /lib/x86_64-linux-gnu/libc.so.6
argz_create_sep                                   /lib/x86_64-linux-gnu/libc.so.6
argz_create_sep@@GLIBC_2.2.5                      /lib/x86_64-linux-gnu/libc.so.6
argz_create_sep@GLIBC_2.2.5                       /lib/x86_64-linux-gnu/libc.so.6
argz_extract                                      /lib/x86_64-linux-gnu/libc.so.6
argz_extract@@GLIBC_2.2.5                         /lib/x86_64-linux-gnu/libc.so.6
argz_extract@GLIBC_2.2.5                          /lib/x86_64-linux-gnu/libc.so.6
argz_insert                                       /lib/x86_64-linux-gnu/libc.so.6
argz_insert@@GLIBC_2.2.5                          /lib/x86_64-linux-gnu/libc.so.6
argz_insert@GLIBC_2.2.5                           /lib/x86_64-linux-gnu/libc.so.6
argz_next                                         /lib/x86_64-linux-gnu/libc.so.6
argz_next@@GLIBC_2.2.5                            /lib/x86_64-linux-gnu/libc.so.6
argz_next@GLIBC_2.2.5                             /lib/x86_64-linux-gnu/libc.so.6
argz_replace                                      /lib/x86_64-linux-gnu/libc.so.6
argz_replace@@GLIBC_2.2.5                         /lib/x86_64-linux-gnu/libc.so.6
argz_replace@GLIBC_2.2.5                          /lib/x86_64-linux-gnu/libc.so.6
argz_stringify                                    /lib/x86_64-linux-gnu/libc.so.6
argz_stringify@@GLIBC_2.2.5                       /lib/x86_64-linux-gnu/libc.so.6
argz_stringify@GLIBC_2.2.5                        /lib/x86_64-linux-gnu/libc.so.6
asctime_r                                         /lib/x86_64-linux-gnu/libc.so.6
asctime_r@@GLIBC_2.2.5                            /lib/x86_64-linux-gnu/libc.so.6
asctime_r@GLIBC_2.2.5                             /lib/x86_64-linux-gnu/libc.so.6
asin                                              /usr/lib/gcc/x86_64-linux-gnu/4.6/../../../x86_64-linux-gnu/libm.so
asin@@GLIBC_2.2.5                                 /usr/lib/gcc/x86_64-linux-gnu/4.6/../../../x86_64-linux-gnu/libm.so
asin@GLIBC_2.2.5                                  /usr/lib/gcc/x86_64-linux-gnu/4.6/../../../x86_64-linux-gnu/libm.so
asinf                                             /usr/lib/gcc/x86_64-linux-gnu/4.6/../../../x86_64-linux-gnu/libm.so
asinf@@GLIBC_2.2.5                                /usr/lib/gcc/x86_64-linux-gnu/4.6/../../../x86_64-linux-gnu/libm.so
asinf@GLIBC_2.2.5                                 /usr/lib/gcc/x86_64-linux-gnu/4.6/../../../x86_64-linux-gnu/libm.so
asinh                                             /usr/lib/gcc/x86_64-linux-gnu/4.6/../../../x86_64-linux-gnu/libm.so
asinh@@GLIBC_2.2.5                                /usr/lib/gcc/x86_64-linux-gnu/4.6/../../../x86_64-linux-gnu/libm.so
asinh@GLIBC_2.2.5                                 /usr/lib/gcc/x86_64-linux-gnu/4.6/../../../x86_64-linux-gnu/libm.so
asinhf                                            /usr/lib/gcc/x86_64-linux-gnu/4.6/../../../x86_64-linux-gnu/libm.so
asinhf@@GLIBC_2.2.5                               /usr/lib/gcc/x86_64-linux-gnu/4.6/../../../x86_64-linux-gnu/libm.so
asinhf@GLIBC_2.2.5                                /usr/lib/gcc/x86_64-linux-gnu/4.6/../../../x86_64-linux-gnu/libm.so
asinhl                                            /usr/lib/gcc/x86_64-linux-gnu/4.6/../../../x86_64-linux-gnu/libm.so
asinhl@@GLIBC_2.2.5                               /usr/lib/gcc/x86_64-linux-gnu/4.6/../../../x86_64-linux-gnu/libm.so
asinhl@GLIBC_2.2.5                                /usr/lib/gcc/x86_64-linux-gnu/4.6/../../../x86_64-linux-gnu/libm.so
asinl                                             /usr/lib/gcc/x86_64-linux-gnu/4.6/../../../x86_64-linux-gnu/libm.so
asinl@@GLIBC_2.2.5                                /usr/lib/gcc/x86_64-linux-gnu/4.6/../../../x86_64-linux-gnu/libm.so
asinl@GLIBC_2.2.5                                 /usr/lib/gcc/x86_64-linux-gnu/4.6/../../../x86_64-linux-gnu/libm.so
asprintf                                          /lib/x86_64-linux-gnu/libc.so.6
asprintf@@GLIBC_2.2.5                             /lib/x86_64-linux-gnu/libc.so.6
asprintf@GLIBC_2.2.5                              /lib/x86_64-linux-gnu/libc.so.6
atan2                                             /usr/lib/gcc/x86_64-linux-gnu/4.6/../../../x86_64-linux-gnu/libm.so
atan2@@GLIBC_2.2.5                                /usr/lib/gcc/x86_64-linux-gnu/4.6/../../../x86_64-linux-gnu/libm.so
atan2@GLIBC_2.2.5                                 /usr/lib/gcc/x86_64-linux-gnu/4.6/../../../x86_64-linux-gnu/libm.so
atan2f                                            /usr/lib/gcc/x86_64-linux-gnu/4.6/../../../x86_64-linux-gnu/libm.so
atan2f@@GLIBC_2.2.5                               /usr/lib/gcc/x86_64-linux-gnu/4.6/../../../x86_64-linux-gnu/libm.so
atan2f@GLIBC_2.2.5                                /usr/lib/gcc/x86_64-linux-gnu/4.6/../../../x86_64-linux-gnu/libm.so
atan2l                                            /usr/lib/gcc/x86_64-linux-gnu/4.6/../../../x86_64-linux-gnu/libm.so
atan2l@@GLIBC_2.2.5                               /usr/lib/gcc/x86_64-linux-gnu/4.6/../../../x86_64-linux-gnu/libm.so
atan2l@GLIBC_2.2.5                                /usr/lib/gcc/x86_64-linux-gnu/4.6/../../../x86_64-linux-gnu/libm.so
atanf                                             /usr/lib/gcc/x86_64-linux-gnu/4.6/../../../x86_64-linux-gnu/libm.so
atanf@@GLIBC_2.2.5                                /usr/lib/gcc/x86_64-linux-gnu/4.6/../../../x86_64-linux-gnu/libm.so
atanf@GLIBC_2.2.5                                 /usr/lib/gcc/x86_64-linux-gnu/4.6/../../../x86_64-linux-gnu/libm.so
atanh                                             /usr/lib/gcc/x86_64-linux-gnu/4.6/../../../x86_64-linux-gnu/libm.so
atanh@@GLIBC_2.2.5                                /usr/lib/gcc/x86_64-linux-gnu/4.6/../../../x86_64-linux-gnu/libm.so
atanh@GLIBC_2.2.5                                 /usr/lib/gcc/x86_64-linux-gnu/4.6/../../../x86_64-linux-gnu/libm.so
atanhf                                            /usr/lib/gcc/x86_64-linux-gnu/4.6/../../../x86_64-linux-gnu/libm.so
atanhf@@GLIBC_2.2.5                               /usr/lib/gcc/x86_64-linux-gnu/4.6/../../../x86_64-linux-gnu/libm.so
atanhf@GLIBC_2.2.5                                /usr/lib/gcc/x86_64-linux-gnu/4.6/../../../x86_64-linux-gnu/libm.so
atanhl                                            /usr/lib/gcc/x86_64-linux-gnu/4.6/../../../x86_64-linux-gnu/libm.so
atanhl@@GLIBC_2.2.5                               /usr/lib/gcc/x86_64-linux-gnu/4.6/../../../x86_64-linux-gnu/libm.so
atanhl@GLIBC_2.2.5                                /usr/lib/gcc/x86_64-linux-gnu/4.6/../../../x86_64-linux-gnu/libm.so
atanl                                             /usr/lib/gcc/x86_64-linux-gnu/4.6/../../../x86_64-linux-gnu/libm.so
atanl@@GLIBC_2.2.5                                /usr/lib/gcc/x86_64-linux-gnu/4.6/../../../x86_64-linux-gnu/libm.so
atanl@GLIBC_2.2.5                                 /usr/lib/gcc/x86_64-linux-gnu/4.6/../../../x86_64-linux-gnu/libm.so
backtrace                                         /lib/x86_64-linux-gnu/libc.so.6
backtrace@@GLIBC_2.2.5                            /lib/x86_64-linux-gnu/libc.so.6
backtrace@GLIBC_2.2.5                             /lib/x86_64-linux-gnu/libc.so.6
                                                  /home/vadim/ipaugenblick_dpdk2.0/ipaugenblick/service/../dpdk-2.0.0/x86_64-native-linuxapp-gcc/lib/librte_eal.so
backtrace_symbols                                 /lib/x86_64-linux-gnu/libc.so.6
backtrace_symbols@@GLIBC_2.2.5                    /lib/x86_64-linux-gnu/libc.so.6
backtrace_symbols@GLIBC_2.2.5                     /lib/x86_64-linux-gnu/libc.so.6
                                                  /home/vadim/ipaugenblick_dpdk2.0/ipaugenblick/service/../dpdk-2.0.0/x86_64-native-linuxapp-gcc/lib/librte_eal.so
backtrace_symbols_fd                              /lib/x86_64-linux-gnu/libc.so.6
backtrace_symbols_fd@@GLIBC_2.2.5                 /lib/x86_64-linux-gnu/libc.so.6
backtrace_symbols_fd@GLIBC_2.2.5                  /lib/x86_64-linux-gnu/libc.so.6
bcmp                                              /lib/x86_64-linux-gnu/libc.so.6
bcmp@@GLIBC_2.2.5                                 /lib/x86_64-linux-gnu/libc.so.6
bcmp@GLIBC_2.2.5                                  /lib/x86_64-linux-gnu/libc.so.6
bdflush                                           /lib/x86_64-linux-gnu/libc.so.6
bdflush@@GLIBC_2.2.5                              /lib/x86_64-linux-gnu/libc.so.6
bdflush@GLIBC_2.2.5                               /lib/x86_64-linux-gnu/libc.so.6
bind                                              /lib/x86_64-linux-gnu/libc.so.6
bind@@GLIBC_2.2.5                                 /lib/x86_64-linux-gnu/libc.so.6
bind@GLIBC_2.2.5                                  /lib/x86_64-linux-gnu/libc.so.6
bind_textdomain_codeset                           /lib/x86_64-linux-gnu/libc.so.6
bind_textdomain_codeset@@GLIBC_2.2.5              /lib/x86_64-linux-gnu/libc.so.6
bind_textdomain_codeset@GLIBC_2.2.5               /lib/x86_64-linux-gnu/libc.so.6
bindtextdomain                                    /lib/x86_64-linux-gnu/libc.so.6
bindtextdomain@@GLIBC_2.2.5                       /lib/x86_64-linux-gnu/libc.so.6
bindtextdomain@GLIBC_2.2.5                        /lib/x86_64-linux-gnu/libc.so.6
brk                                               /lib/x86_64-linux-gnu/libc.so.6
brk@@GLIBC_2.2.5                                  /lib/x86_64-linux-gnu/libc.so.6
brk@GLIBC_2.2.5                                   /lib/x86_64-linux-gnu/libc.so.6
bsd_signal                                        /lib/x86_64-linux-gnu/libc.so.6
bsd_signal@@GLIBC_2.2.5                           /lib/x86_64-linux-gnu/libc.so.6
bsd_signal@GLIBC_2.2.5                            /lib/x86_64-linux-gnu/libc.so.6
btowc                                             /lib/x86_64-linux-gnu/libc.so.6
btowc@@GLIBC_2.2.5                                /lib/x86_64-linux-gnu/libc.so.6
btowc@GLIBC_2.2.5                                 /lib/x86_64-linux-gnu/libc.so.6
bzero                                             /lib/x86_64-linux-gnu/libc.so.6
bzero@@GLIBC_2.2.5                                /lib/x86_64-linux-gnu/libc.so.6
bzero@GLIBC_2.2.5                                 /lib/x86_64-linux-gnu/libc.so.6
cabs                                              /usr/lib/gcc/x86_64-linux-gnu/4.6/../../../x86_64-linux-gnu/libm.so
cabs@@GLIBC_2.2.5                                 /usr/lib/gcc/x86_64-linux-gnu/4.6/../../../x86_64-linux-gnu/libm.so
cabs@GLIBC_2.2.5                                  /usr/lib/gcc/x86_64-linux-gnu/4.6/../../../x86_64-linux-gnu/libm.so
cabsf                                             /usr/lib/gcc/x86_64-linux-gnu/4.6/../../../x86_64-linux-gnu/libm.so
cabsf@@GLIBC_2.2.5                                /usr/lib/gcc/x86_64-linux-gnu/4.6/../../../x86_64-linux-gnu/libm.so
cabsf@GLIBC_2.2.5                                 /usr/lib/gcc/x86_64-linux-gnu/4.6/../../../x86_64-linux-gnu/libm.so
cabsl                                             /usr/lib/gcc/x86_64-linux-gnu/4.6/../../../x86_64-linux-gnu/libm.so
cabsl@@GLIBC_2.2.5                                /usr/lib/gcc/x86_64-linux-gnu/4.6/../../../x86_64-linux-gnu/libm.so
cabsl@GLIBC_2.2.5                                 /usr/lib/gcc/x86_64-linux-gnu/4.6/../../../x86_64-linux-gnu/libm.so
cacos                                             /usr/lib/gcc/x86_64-linux-gnu/4.6/../../../x86_64-linux-gnu/libm.so
cacos@@GLIBC_2.2.5                                /usr/lib/gcc/x86_64-linux-gnu/4.6/../../../x86_64-linux-gnu/libm.so
cacos@GLIBC_2.2.5                                 /usr/lib/gcc/x86_64-linux-gnu/4.6/../../../x86_64-linux-gnu/libm.so
cacosf                                            /usr/lib/gcc/x86_64-linux-gnu/4.6/../../../x86_64-linux-gnu/libm.so
cacosf@@GLIBC_2.2.5                               /usr/lib/gcc/x86_64-linux-gnu/4.6/../../../x86_64-linux-gnu/libm.so
cacosf@GLIBC_2.2.5                                /usr/lib/gcc/x86_64-linux-gnu/4.6/../../../x86_64-linux-gnu/libm.so
cacosh                                            /usr/lib/gcc/x86_64-linux-gnu/4.6/../../../x86_64-linux-gnu/libm.so
cacosh@@GLIBC_2.2.5                               /usr/lib/gcc/x86_64-linux-gnu/4.6/../../../x86_64-linux-gnu/libm.so
cacosh@GLIBC_2.2.5                                /usr/lib/gcc/x86_64-linux-gnu/4.6/../../../x86_64-linux-gnu/libm.so
cacoshf                                           /usr/lib/gcc/x86_64-linux-gnu/4.6/../../../x86_64-linux-gnu/libm.so
cacoshf@@GLIBC_2.2.5                              /usr/lib/gcc/x86_64-linux-gnu/4.6/../../../x86_64-linux-gnu/libm.so
cacoshf@GLIBC_2.2.5                               /usr/lib/gcc/x86_64-linux-gnu/4.6/../../../x86_64-linux-gnu/libm.so
cacoshl                                           /usr/lib/gcc/x86_64-linux-gnu/4.6/../../../x86_64-linux-gnu/libm.so
cacoshl@@GLIBC_2.2.5                              /usr/lib/gcc/x86_64-linux-gnu/4.6/../../../x86_64-linux-gnu/libm.so
cacoshl@GLIBC_2.2.5                               /usr/lib/gcc/x86_64-linux-gnu/4.6/../../../x86_64-linux-gnu/libm.so
cacosl                                            /usr/lib/gcc/x86_64-linux-gnu/4.6/../../../x86_64-linux-gnu/libm.so
cacosl@@GLIBC_2.2.5                               /usr/lib/gcc/x86_64-linux-gnu/4.6/../../../x86_64-linux-gnu/libm.so
cacosl@GLIBC_2.2.5                                /usr/lib/gcc/x86_64-linux-gnu/4.6/../../../x86_64-linux-gnu/libm.so
calloc                                            /lib/x86_64-linux-gnu/libc.so.6
calloc@@GLIBC_2.2.5                               /lib/x86_64-linux-gnu/libc.so.6
                                                  /lib/x86_64-linux-gnu/ld-linux-x86-64.so.2
calloc@GLIBC_2.2.5                                /lib/x86_64-linux-gnu/libc.so.6
                                                  /lib/x86_64-linux-gnu/libpthread.so.0
                                                  /usr/lib/gcc/x86_64-linux-gnu/4.6/../../../x86_64-linux-gnu/libdl.so
                                                  /home/vadim/ipaugenblick_dpdk2.0/ipaugenblick/service/../dpdk-2.0.0/x86_64-native-linuxapp-gcc/lib/librte_eal.so
                                                  /usr/lib/gcc/x86_64-linux-gnu/4.6/../../../x86_64-linux-gnu/librt.so
                                                  /home/vadim/ipaugenblick_dpdk2.0/ipaugenblick/service/../dpdk-2.0.0/x86_64-native-linuxapp-gcc/lib/librte_acl.so
canonicalize_file_name                            /lib/x86_64-linux-gnu/libc.so.6
canonicalize_file_name@@GLIBC_2.2.5               /lib/x86_64-linux-gnu/libc.so.6
canonicalize_file_name@GLIBC_2.2.5                /lib/x86_64-linux-gnu/libc.so.6
carg                                              /usr/lib/gcc/x86_64-linux-gnu/4.6/../../../x86_64-linux-gnu/libm.so
carg@@GLIBC_2.2.5                                 /usr/lib/gcc/x86_64-linux-gnu/4.6/../../../x86_64-linux-gnu/libm.so
carg@GLIBC_2.2.5                                  /usr/lib/gcc/x86_64-linux-gnu/4.6/../../../x86_64-linux-gnu/libm.so
[...]
tzname@GLIBC_2.2.5                                /lib/x86_64-linux-gnu/libc.so.6
tzset                                             /lib/x86_64-linux-gnu/libc.so.6
tzset@@GLIBC_2.2.5                                /lib/x86_64-linux-gnu/libc.so.6
tzset@GLIBC_2.2.5                                 /lib/x86_64-linux-gnu/libc.so.6
ulckpwdf                                          /lib/x86_64-linux-gnu/libc.so.6
ulckpwdf@@GLIBC_2.2.5                             /lib/x86_64-linux-gnu/libc.so.6
ulckpwdf@GLIBC_2.2.5                              /lib/x86_64-linux-gnu/libc.so.6
ulimit                                            /lib/x86_64-linux-gnu/libc.so.6
ulimit@@GLIBC_2.2.5                               /lib/x86_64-linux-gnu/libc.so.6
ulimit@GLIBC_2.2.5                                /lib/x86_64-linux-gnu/libc.so.6
umask                                             /lib/x86_64-linux-gnu/libc.so.6
umask@@GLIBC_2.2.5                                /lib/x86_64-linux-gnu/libc.so.6
umask@GLIBC_2.2.5                                 /lib/x86_64-linux-gnu/libc.so.6
umount                                            /lib/x86_64-linux-gnu/libc.so.6
umount2                                           /lib/x86_64-linux-gnu/libc.so.6
umount2@@GLIBC_2.2.5                              /lib/x86_64-linux-gnu/libc.so.6
umount2@GLIBC_2.2.5                               /lib/x86_64-linux-gnu/libc.so.6
umount@@GLIBC_2.2.5                               /lib/x86_64-linux-gnu/libc.so.6
umount@GLIBC_2.2.5                                /lib/x86_64-linux-gnu/libc.so.6
uname                                             /lib/x86_64-linux-gnu/libc.so.6
uname@@GLIBC_2.2.5                                /lib/x86_64-linux-gnu/libc.so.6
uname@GLIBC_2.2.5                                 /lib/x86_64-linux-gnu/libc.so.6
ungetc                                            /lib/x86_64-linux-gnu/libc.so.6
ungetc@@GLIBC_2.2.5                               /lib/x86_64-linux-gnu/libc.so.6
ungetc@GLIBC_2.2.5                                /lib/x86_64-linux-gnu/libc.so.6
unlink                                            /lib/x86_64-linux-gnu/libc.so.6
unlink@@GLIBC_2.2.5                               /lib/x86_64-linux-gnu/libc.so.6
unlink@GLIBC_2.2.5                                /lib/x86_64-linux-gnu/libc.so.6
                                                  /lib/x86_64-linux-gnu/libpthread.so.0
                                                  /home/vadim/ipaugenblick_dpdk2.0/ipaugenblick/service/../dpdk-2.0.0/x86_64-native-linuxapp-gcc/lib/librte_eal.so
                                                  /usr/lib/gcc/x86_64-linux-gnu/4.6/../../../x86_64-linux-gnu/librt.so
unsetenv                                          /lib/x86_64-linux-gnu/libc.so.6
unsetenv@@GLIBC_2.2.5                             /lib/x86_64-linux-gnu/libc.so.6
unsetenv@GLIBC_2.2.5                              /lib/x86_64-linux-gnu/libc.so.6
updwtmp                                           /lib/x86_64-linux-gnu/libc.so.6
updwtmp@@GLIBC_2.2.5                              /lib/x86_64-linux-gnu/libc.so.6
updwtmp@GLIBC_2.2.5                               /lib/x86_64-linux-gnu/libc.so.6
uselocale                                         /lib/x86_64-linux-gnu/libc.so.6
uselocale@@GLIBC_2.3                              /lib/x86_64-linux-gnu/libc.so.6
uselocale@GLIBC_2.3                               /lib/x86_64-linux-gnu/libc.so.6
utimes                                            /lib/x86_64-linux-gnu/libc.so.6
utimes@@GLIBC_2.2.5                               /lib/x86_64-linux-gnu/libc.so.6
utimes@GLIBC_2.2.5                                /lib/x86_64-linux-gnu/libc.so.6
utmpname                                          /lib/x86_64-linux-gnu/libc.so.6
utmpname@@GLIBC_2.2.5                             /lib/x86_64-linux-gnu/libc.so.6
utmpname@GLIBC_2.2.5                              /lib/x86_64-linux-gnu/libc.so.6
valloc                                            /lib/x86_64-linux-gnu/libc.so.6
valloc@@GLIBC_2.2.5                               /lib/x86_64-linux-gnu/libc.so.6
valloc@GLIBC_2.2.5                                /lib/x86_64-linux-gnu/libc.so.6
vasprintf                                         /lib/x86_64-linux-gnu/libc.so.6
vasprintf@@GLIBC_2.2.5                            /lib/x86_64-linux-gnu/libc.so.6
vasprintf@GLIBC_2.2.5                             /lib/x86_64-linux-gnu/libc.so.6
vdprintf                                          /lib/x86_64-linux-gnu/libc.so.6
vdprintf@@GLIBC_2.2.5                             /lib/x86_64-linux-gnu/libc.so.6
vdprintf@GLIBC_2.2.5                              /lib/x86_64-linux-gnu/libc.so.6
versionsort64                                     /lib/x86_64-linux-gnu/libc.so.6
versionsort64@@GLIBC_2.2.5                        /lib/x86_64-linux-gnu/libc.so.6
versionsort64@GLIBC_2.2.5                         /lib/x86_64-linux-gnu/libc.so.6
vfork                                             /lib/x86_64-linux-gnu/libpthread.so.0
vfork@@GLIBC_2.2.5                                /lib/x86_64-linux-gnu/libpthread.so.0
                                                  /lib/x86_64-linux-gnu/libc.so.6
vfork@GLIBC_2.2.5                                 /lib/x86_64-linux-gnu/libpthread.so.0
vfscanf                                           /lib/x86_64-linux-gnu/libc.so.6
vfscanf@@GLIBC_2.2.5                              /lib/x86_64-linux-gnu/libc.so.6
vfscanf@GLIBC_2.2.5                               /lib/x86_64-linux-gnu/libc.so.6
vfwprintf                                         /lib/x86_64-linux-gnu/libc.so.6
vfwprintf@@GLIBC_2.2.5                            /lib/x86_64-linux-gnu/libc.so.6
vfwprintf@GLIBC_2.2.5                             /lib/x86_64-linux-gnu/libc.so.6
vfwscanf                                          /lib/x86_64-linux-gnu/libc.so.6
vfwscanf@@GLIBC_2.2.5                             /lib/x86_64-linux-gnu/libc.so.6
vfwscanf@GLIBC_2.2.5                              /lib/x86_64-linux-gnu/libc.so.6
vscanf                                            /lib/x86_64-linux-gnu/libc.so.6
vscanf@@GLIBC_2.2.5                               /lib/x86_64-linux-gnu/libc.so.6
vscanf@GLIBC_2.2.5                                /lib/x86_64-linux-gnu/libc.so.6
vsnprintf                                         /lib/x86_64-linux-gnu/libc.so.6
vsnprintf@@GLIBC_2.2.5                            /lib/x86_64-linux-gnu/libc.so.6
vsnprintf@GLIBC_2.2.5                             /lib/x86_64-linux-gnu/libc.so.6
vsprintf                                          /lib/x86_64-linux-gnu/libc.so.6
vsprintf@@GLIBC_2.2.5                             /lib/x86_64-linux-gnu/libc.so.6
vsprintf@GLIBC_2.2.5                              /lib/x86_64-linux-gnu/libc.so.6
vsscanf                                           /lib/x86_64-linux-gnu/libc.so.6
vsscanf@@GLIBC_2.2.5                              /lib/x86_64-linux-gnu/libc.so.6
vsscanf@GLIBC_2.2.5                               /lib/x86_64-linux-gnu/libc.so.6
vswprintf                                         /lib/x86_64-linux-gnu/libc.so.6
vswprintf@@GLIBC_2.2.5                            /lib/x86_64-linux-gnu/libc.so.6
vswprintf@GLIBC_2.2.5                             /lib/x86_64-linux-gnu/libc.so.6
wait                                              /lib/x86_64-linux-gnu/libpthread.so.0
wait3                                             /lib/x86_64-linux-gnu/libc.so.6
wait3@@GLIBC_2.2.5                                /lib/x86_64-linux-gnu/libc.so.6
wait3@GLIBC_2.2.5                                 /lib/x86_64-linux-gnu/libc.so.6
wait4                                             /lib/x86_64-linux-gnu/libc.so.6
wait4@@GLIBC_2.2.5                                /lib/x86_64-linux-gnu/libc.so.6
wait4@GLIBC_2.2.5                                 /lib/x86_64-linux-gnu/libc.so.6
wait@@GLIBC_2.2.5                                 /lib/x86_64-linux-gnu/libpthread.so.0
                                                  /lib/x86_64-linux-gnu/libc.so.6
wait@GLIBC_2.2.5                                  /lib/x86_64-linux-gnu/libpthread.so.0
waitid                                            /lib/x86_64-linux-gnu/libc.so.6
waitid@@GLIBC_2.2.5                               /lib/x86_64-linux-gnu/libc.so.6
waitid@GLIBC_2.2.5                                /lib/x86_64-linux-gnu/libc.so.6
waitpid                                           /lib/x86_64-linux-gnu/libpthread.so.0
waitpid@@GLIBC_2.2.5                              /lib/x86_64-linux-gnu/libpthread.so.0
                                                  /lib/x86_64-linux-gnu/libc.so.6
waitpid@GLIBC_2.2.5                               /lib/x86_64-linux-gnu/libpthread.so.0
wcpcpy                                            /lib/x86_64-linux-gnu/libc.so.6
wcpcpy@@GLIBC_2.2.5                               /lib/x86_64-linux-gnu/libc.so.6
wcpcpy@GLIBC_2.2.5                                /lib/x86_64-linux-gnu/libc.so.6
wcpncpy                                           /lib/x86_64-linux-gnu/libc.so.6
wcpncpy@@GLIBC_2.2.5                              /lib/x86_64-linux-gnu/libc.so.6
wcpncpy@GLIBC_2.2.5                               /lib/x86_64-linux-gnu/libc.so.6
wcrtomb                                           /lib/x86_64-linux-gnu/libc.so.6
wcrtomb@@GLIBC_2.2.5                              /lib/x86_64-linux-gnu/libc.so.6
wcrtomb@GLIBC_2.2.5                               /lib/x86_64-linux-gnu/libc.so.6
wcscasecmp                                        /lib/x86_64-linux-gnu/libc.so.6
wcscasecmp@@GLIBC_2.2.5                           /lib/x86_64-linux-gnu/libc.so.6
wcscasecmp@GLIBC_2.2.5                            /lib/x86_64-linux-gnu/libc.so.6
wcscasecmp_l                                      /lib/x86_64-linux-gnu/libc.so.6
wcscasecmp_l@@GLIBC_2.3                           /lib/x86_64-linux-gnu/libc.so.6
wcscasecmp_l@GLIBC_2.3                            /lib/x86_64-linux-gnu/libc.so.6
wcscat                                            /lib/x86_64-linux-gnu/libc.so.6
wcscat@@GLIBC_2.2.5                               /lib/x86_64-linux-gnu/libc.so.6
wcscat@GLIBC_2.2.5                                /lib/x86_64-linux-gnu/libc.so.6
wcschrnul                                         /lib/x86_64-linux-gnu/libc.so.6
wcschrnul@@GLIBC_2.2.5                            /lib/x86_64-linux-gnu/libc.so.6
wcschrnul@GLIBC_2.2.5                             /lib/x86_64-linux-gnu/libc.so.6
wcscoll                                           /lib/x86_64-linux-gnu/libc.so.6
wcscoll@@GLIBC_2.2.5                              /lib/x86_64-linux-gnu/libc.so.6
wcscoll@GLIBC_2.2.5                               /lib/x86_64-linux-gnu/libc.so.6
wcscoll_l                                         /lib/x86_64-linux-gnu/libc.so.6
wcscoll_l@@GLIBC_2.3                              /lib/x86_64-linux-gnu/libc.so.6
wcscoll_l@GLIBC_2.3                               /lib/x86_64-linux-gnu/libc.so.6
wcsftime_l                                        /lib/x86_64-linux-gnu/libc.so.6
wcsftime_l@@GLIBC_2.3                             /lib/x86_64-linux-gnu/libc.so.6
wcsftime_l@GLIBC_2.3                              /lib/x86_64-linux-gnu/libc.so.6
wcslen                                            /lib/x86_64-linux-gnu/libc.so.6
wcslen@@GLIBC_2.2.5                               /lib/x86_64-linux-gnu/libc.so.6
wcslen@GLIBC_2.2.5                                /lib/x86_64-linux-gnu/libc.so.6
wcsncasecmp                                       /lib/x86_64-linux-gnu/libc.so.6
wcsncasecmp@@GLIBC_2.2.5                          /lib/x86_64-linux-gnu/libc.so.6
wcsncasecmp@GLIBC_2.2.5                           /lib/x86_64-linux-gnu/libc.so.6
wcsncasecmp_l                                     /lib/x86_64-linux-gnu/libc.so.6
wcsncasecmp_l@@GLIBC_2.3                          /lib/x86_64-linux-gnu/libc.so.6
wcsncasecmp_l@GLIBC_2.3                           /lib/x86_64-linux-gnu/libc.so.6
wcsncpy                                           /lib/x86_64-linux-gnu/libc.so.6
wcsncpy@@GLIBC_2.2.5                              /lib/x86_64-linux-gnu/libc.so.6
wcsncpy@GLIBC_2.2.5                               /lib/x86_64-linux-gnu/libc.so.6
wcsnlen                                           /lib/x86_64-linux-gnu/libc.so.6
wcsnlen@@GLIBC_2.2.5                              /lib/x86_64-linux-gnu/libc.so.6
wcsnlen@GLIBC_2.2.5                               /lib/x86_64-linux-gnu/libc.so.6
wcsnrtombs                                        /lib/x86_64-linux-gnu/libc.so.6
wcsnrtombs@@GLIBC_2.2.5                           /lib/x86_64-linux-gnu/libc.so.6
wcsnrtombs@GLIBC_2.2.5                            /lib/x86_64-linux-gnu/libc.so.6
wcsrtombs                                         /lib/x86_64-linux-gnu/libc.so.6
wcsrtombs@@GLIBC_2.2.5                            /lib/x86_64-linux-gnu/libc.so.6
wcsrtombs@GLIBC_2.2.5                             /lib/x86_64-linux-gnu/libc.so.6
wcstod_l                                          /lib/x86_64-linux-gnu/libc.so.6
wcstod_l@@GLIBC_2.3                               /lib/x86_64-linux-gnu/libc.so.6
wcstod_l@GLIBC_2.3                                /lib/x86_64-linux-gnu/libc.so.6
wcstof_l                                          /lib/x86_64-linux-gnu/libc.so.6
wcstof_l@@GLIBC_2.3                               /lib/x86_64-linux-gnu/libc.so.6
wcstof_l@GLIBC_2.3                                /lib/x86_64-linux-gnu/libc.so.6
wcstol_l                                          /lib/x86_64-linux-gnu/libc.so.6
wcstol_l@@GLIBC_2.3                               /lib/x86_64-linux-gnu/libc.so.6
wcstol_l@GLIBC_2.3                                /lib/x86_64-linux-gnu/libc.so.6
wcstold_l                                         /lib/x86_64-linux-gnu/libc.so.6
wcstold_l@@GLIBC_2.3                              /lib/x86_64-linux-gnu/libc.so.6
wcstold_l@GLIBC_2.3                               /lib/x86_64-linux-gnu/libc.so.6
wcstoll                                           /lib/x86_64-linux-gnu/libc.so.6
wcstoll@@GLIBC_2.2.5                              /lib/x86_64-linux-gnu/libc.so.6
wcstoll@GLIBC_2.2.5                               /lib/x86_64-linux-gnu/libc.so.6
wcstoll_l                                         /lib/x86_64-linux-gnu/libc.so.6
wcstoll_l@@GLIBC_2.3                              /lib/x86_64-linux-gnu/libc.so.6
wcstoll_l@GLIBC_2.3                               /lib/x86_64-linux-gnu/libc.so.6
wcstoq                                            /lib/x86_64-linux-gnu/libc.so.6
wcstoq@@GLIBC_2.2.5                               /lib/x86_64-linux-gnu/libc.so.6
wcstoq@GLIBC_2.2.5                                /lib/x86_64-linux-gnu/libc.so.6
wcstoul_l                                         /lib/x86_64-linux-gnu/libc.so.6
wcstoul_l@@GLIBC_2.3                              /lib/x86_64-linux-gnu/libc.so.6
wcstoul_l@GLIBC_2.3                               /lib/x86_64-linux-gnu/libc.so.6
wcstoull                                          /lib/x86_64-linux-gnu/libc.so.6
wcstoull@@GLIBC_2.2.5                             /lib/x86_64-linux-gnu/libc.so.6
wcstoull@GLIBC_2.2.5                              /lib/x86_64-linux-gnu/libc.so.6
wcstoull_l                                        /lib/x86_64-linux-gnu/libc.so.6
wcstoull_l@@GLIBC_2.3                             /lib/x86_64-linux-gnu/libc.so.6
wcstoull_l@GLIBC_2.3                              /lib/x86_64-linux-gnu/libc.so.6
wcstouq                                           /lib/x86_64-linux-gnu/libc.so.6
wcstouq@@GLIBC_2.2.5                              /lib/x86_64-linux-gnu/libc.so.6
wcstouq@GLIBC_2.2.5                               /lib/x86_64-linux-gnu/libc.so.6
wcswcs                                            /lib/x86_64-linux-gnu/libc.so.6
wcswcs@@GLIBC_2.2.5                               /lib/x86_64-linux-gnu/libc.so.6
wcswcs@GLIBC_2.2.5                                /lib/x86_64-linux-gnu/libc.so.6
wcsxfrm_l                                         /lib/x86_64-linux-gnu/libc.so.6
wcsxfrm_l@@GLIBC_2.3                              /lib/x86_64-linux-gnu/libc.so.6
wcsxfrm_l@GLIBC_2.3                               /lib/x86_64-linux-gnu/libc.so.6
wctrans                                           /lib/x86_64-linux-gnu/libc.so.6
wctrans@@GLIBC_2.2.5                              /lib/x86_64-linux-gnu/libc.so.6
wctrans@GLIBC_2.2.5                               /lib/x86_64-linux-gnu/libc.so.6
wctrans_l                                         /lib/x86_64-linux-gnu/libc.so.6
wctrans_l@@GLIBC_2.3                              /lib/x86_64-linux-gnu/libc.so.6
wctrans_l@GLIBC_2.3                               /lib/x86_64-linux-gnu/libc.so.6
wctype                                            /lib/x86_64-linux-gnu/libc.so.6
wctype@@GLIBC_2.2.5                               /lib/x86_64-linux-gnu/libc.so.6
wctype@GLIBC_2.2.5                                /lib/x86_64-linux-gnu/libc.so.6
wctype_l                                          /lib/x86_64-linux-gnu/libc.so.6
wctype_l@@GLIBC_2.3                               /lib/x86_64-linux-gnu/libc.so.6
wctype_l@GLIBC_2.3                                /lib/x86_64-linux-gnu/libc.so.6
wmemcpy                                           /lib/x86_64-linux-gnu/libc.so.6
wmemcpy@@GLIBC_2.2.5                              /lib/x86_64-linux-gnu/libc.so.6
wmemcpy@GLIBC_2.2.5                               /lib/x86_64-linux-gnu/libc.so.6
wmemmove                                          /lib/x86_64-linux-gnu/libc.so.6
wmemmove@@GLIBC_2.2.5                             /lib/x86_64-linux-gnu/libc.so.6
wmemmove@GLIBC_2.2.5                              /lib/x86_64-linux-gnu/libc.so.6
wmempcpy                                          /lib/x86_64-linux-gnu/libc.so.6
wmempcpy@@GLIBC_2.2.5                             /lib/x86_64-linux-gnu/libc.so.6
wmempcpy@GLIBC_2.2.5                              /lib/x86_64-linux-gnu/libc.so.6
write                                             /lib/x86_64-linux-gnu/libpthread.so.0
write@@GLIBC_2.2.5                                /lib/x86_64-linux-gnu/libpthread.so.0
                                                  /lib/x86_64-linux-gnu/libc.so.6
write@GLIBC_2.2.5                                 /lib/x86_64-linux-gnu/libpthread.so.0
                                                  /home/vadim/ipaugenblick_dpdk2.0/ipaugenblick/service/../dpdk-2.0.0/x86_64-native-linuxapp-gcc/lib/librte_cmdline.so
                                                  /home/vadim/ipaugenblick_dpdk2.0/ipaugenblick/service/../dpdk-2.0.0/x86_64-native-linuxapp-gcc/lib/librte_eal.so
                                                  /usr/lib/gcc/x86_64-linux-gnu/4.6/../../../x86_64-linux-gnu/librt.so
                                                  /home/vadim/ipaugenblick_dpdk2.0/ipaugenblick/service/../dpdk-2.0.0/x86_64-native-linuxapp-gcc/lib/librte_power.so
writev                                            /lib/x86_64-linux-gnu/libc.so.6
writev@@GLIBC_2.2.5                               /lib/x86_64-linux-gnu/libc.so.6
writev@GLIBC_2.2.5                                /lib/x86_64-linux-gnu/libc.so.6
y0l                                               /usr/lib/gcc/x86_64-linux-gnu/4.6/../../../x86_64-linux-gnu/libm.so
y0l@@GLIBC_2.2.5                                  /usr/lib/gcc/x86_64-linux-gnu/4.6/../../../x86_64-linux-gnu/libm.so
y0l@GLIBC_2.2.5                                   /usr/lib/gcc/x86_64-linux-gnu/4.6/../../../x86_64-linux-gnu/libm.so
y1l                                               /usr/lib/gcc/x86_64-linux-gnu/4.6/../../../x86_64-linux-gnu/libm.so
y1l@@GLIBC_2.2.5                                  /usr/lib/gcc/x86_64-linux-gnu/4.6/../../../x86_64-linux-gnu/libm.so
y1l@GLIBC_2.2.5                                   /usr/lib/gcc/x86_64-linux-gnu/4.6/../../../x86_64-linux-gnu/libm.so
ynl                                               /usr/lib/gcc/x86_64-linux-gnu/4.6/../../../x86_64-linux-gnu/libm.so
ynl@@GLIBC_2.2.5                                  /usr/lib/gcc/x86_64-linux-gnu/4.6/../../../x86_64-linux-gnu/libm.so
ynl@GLIBC_2.2.5                                   /usr/lib/gcc/x86_64-linux-gnu/4.6/../../../x86_64-linux-gnu/libm.so
